Component: ARM Compiler 5.05 update 1 (build 106) Tool: armlink [4d0efa]

==============================================================================

Section Cross References

    startup_stm32f103xe_1.o(RESET) refers to startup_stm32f103xe_1.o(STACK) for __initial_sp
    startup_stm32f103xe_1.o(RESET) refers to startup_stm32f103xe_1.o(.text) for Reset_Handler
    startup_stm32f103xe_1.o(RESET) refers to stm32f1xx_it.o(i.NMI_Handler) for NMI_Handler
    startup_stm32f103xe_1.o(RESET) refers to stm32f1xx_it.o(i.HardFault_Handler) for HardFault_Handler
    startup_stm32f103xe_1.o(RESET) refers to stm32f1xx_it.o(i.MemManage_Handler) for MemManage_Handler
    startup_stm32f103xe_1.o(RESET) refers to stm32f1xx_it.o(i.BusFault_Handler) for BusFault_Handler
    startup_stm32f103xe_1.o(RESET) refers to stm32f1xx_it.o(i.UsageFault_Handler) for UsageFault_Handler
    startup_stm32f103xe_1.o(RESET) refers to stm32f1xx_it.o(i.SVC_Handler) for SVC_Handler
    startup_stm32f103xe_1.o(RESET) refers to stm32f1xx_it.o(i.DebugMon_Handler) for DebugMon_Handler
    startup_stm32f103xe_1.o(RESET) refers to adc.o(i.DMA1_Channel1_IRQHandler) for DMA1_Channel1_IRQHandler
    startup_stm32f103xe_1.o(RESET) refers to bldc_tim.o(i.TIM1_UP_IRQHandler) for TIM1_UP_IRQHandler
    startup_stm32f103xe_1.o(RESET) refers to bldc_tim.o(i.TIM2_IRQHandler) for TIM2_IRQHandler
    startup_stm32f103xe_1.o(RESET) refers to usart.o(i.USART1_IRQHandler) for USART1_IRQHandler
    startup_stm32f103xe_1.o(.text) refers to system_stm32f1xx.o(i.SystemInit) for SystemInit
    startup_stm32f103xe_1.o(.text) refers to entry.o(.ARM.Collect$$$$00000000) for __main
    main.o(i.bldc_speed_stop) refers to pid.o(i.pid_init) for pid_init
    main.o(i.bldc_speed_stop) refers to bldc.o(i.stop_motor1) for stop_motor1
    main.o(i.bldc_speed_stop) refers to bldc.o(.data) for g_bldc_motor1
    main.o(i.bldc_speed_stop) refers to bldc_tim.o(.data) for motor_pwm_s
    main.o(i.main) refers to stm32f1xx_hal.o(i.HAL_Init) for HAL_Init
    main.o(i.main) refers to sys.o(i.sys_stm32_clock_init) for sys_stm32_clock_init
    main.o(i.main) refers to delay.o(i.delay_init) for delay_init
    main.o(i.main) refers to usart.o(i.usart_init) for usart_init
    main.o(i.main) refers to led.o(i.led_init) for led_init
    main.o(i.main) refers to key.o(i.key_init) for key_init
    main.o(i.main) refers to bldc.o(i.bldc_init) for bldc_init
    main.o(i.main) refers to bldc.o(i.bldc_ctrl) for bldc_ctrl
    main.o(i.main) refers to pid.o(i.pid_init) for pid_init
    main.o(i.main) refers to adc.o(i.adc_nch_dma_init) for adc_nch_dma_init
    main.o(i.main) refers to debug.o(i.debug_init) for debug_init
    main.o(i.main) refers to debug.o(i.debug_send_motorcode) for debug_send_motorcode
    main.o(i.main) refers to debug.o(i.debug_send_motorstate) for debug_send_motorstate
    main.o(i.main) refers to debug.o(i.debug_send_initdata) for debug_send_initdata
    main.o(i.main) refers to dfltui.o(.text) for __aeabi_ui2d
    main.o(i.main) refers to ddiv.o(.text) for __aeabi_ddiv
    main.o(i.main) refers to dmul.o(.text) for __aeabi_dmul
    main.o(i.main) refers to d2f.o(.text) for __aeabi_d2f
    main.o(i.main) refers to f2d.o(.text) for __aeabi_f2d
    main.o(i.main) refers to printfa.o(i.__0printf) for __2printf
    main.o(i.main) refers to ffixi.o(.text) for __aeabi_f2iz
    main.o(i.main) refers to ffltui.o(.text) for __aeabi_ui2f
    main.o(i.main) refers to fmul.o(.text) for __aeabi_fmul
    main.o(i.main) refers to bldc.o(i.get_temp) for get_temp
    main.o(i.main) refers to stm32f1xx_hal_gpio.o(i.HAL_GPIO_TogglePin) for HAL_GPIO_TogglePin
    main.o(i.main) refers to fflti.o(.text) for __aeabi_i2f
    main.o(i.main) refers to fadd.o(.text) for __aeabi_fadd
    main.o(i.main) refers to key.o(i.key_scan) for key_scan
    main.o(i.main) refers to bldc.o(i.start_motor1) for start_motor1
    main.o(i.main) refers to cfcmple.o(.text) for __aeabi_cfcmpeq
    main.o(i.main) refers to cfrcmple.o(.text) for __aeabi_cfrcmple
    main.o(i.main) refers to bldc.o(i.stop_motor1) for stop_motor1
    main.o(i.main) refers to main.o(i.bldc_speed_stop) for bldc_speed_stop
    main.o(i.main) refers to debug.o(i.debug_send_valtage) for debug_send_valtage
    main.o(i.main) refers to debug.o(i.debug_send_speed) for debug_send_speed
    main.o(i.main) refers to debug.o(i.debug_send_temp) for debug_send_temp
    main.o(i.main) refers to fdiv.o(.text) for __aeabi_fdiv
    main.o(i.main) refers to debug.o(i.debug_send_current) for debug_send_current
    main.o(i.main) refers to debug.o(i.debug_send_wave_data) for debug_send_wave_data
    main.o(i.main) refers to debug.o(i.debug_receive_pid) for debug_receive_pid
    main.o(i.main) refers to debug.o(i.debug_receive_ctrl_code) for debug_receive_ctrl_code
    main.o(i.main) refers to pid.o(.bss) for g_speed_pid
    main.o(i.main) refers to bldc.o(.data) for g_bldc_motor1
    main.o(i.main) refers to bldc_tim.o(.data) for user_setpoint
[...]
    ..\\..\\Drivers\\STM32F1xx_HAL_Driver\\Src\\stm32f1xx_hal_gpio_ex.c 0x00000000   Number         0  stm32f1xx_hal_gpio_ex.o ABSOLUTE
    ..\\..\\Drivers\\STM32F1xx_HAL_Driver\\Src\\stm32f1xx_hal_pwr.c 0x00000000   Number         0  stm32f1xx_hal_pwr.o ABSOLUTE
    ..\\..\\Drivers\\STM32F1xx_HAL_Driver\\Src\\stm32f1xx_hal_rcc.c 0x00000000   Number         0  stm32f1xx_hal_rcc.o ABSOLUTE
    ..\\..\\Drivers\\STM32F1xx_HAL_Driver\\Src\\stm32f1xx_hal_rcc_ex.c 0x00000000   Number         0  stm32f1xx_hal_rcc_ex.o ABSOLUTE
    ..\\..\\Drivers\\STM32F1xx_HAL_Driver\\Src\\stm32f1xx_hal_tim.c 0x00000000   Number         0  stm32f1xx_hal_tim.o ABSOLUTE
    ..\\..\\Drivers\\STM32F1xx_HAL_Driver\\Src\\stm32f1xx_hal_tim_ex.c 0x00000000   Number         0  stm32f1xx_hal_tim_ex.o ABSOLUTE
    ..\\..\\Drivers\\STM32F1xx_HAL_Driver\\Src\\stm32f1xx_hal_uart.c 0x00000000   Number         0  stm32f1xx_hal_uart.o ABSOLUTE
    ..\\..\\Drivers\\STM32F1xx_HAL_Driver\\Src\\stm32f1xx_hal_usart.c 0x00000000   Number         0  stm32f1xx_hal_usart.o ABSOLUTE
    ..\\..\\Drivers\\SYSTEM\\delay\\delay.c  0x00000000   Number         0  delay.o ABSOLUTE
    ..\\..\\Drivers\\SYSTEM\\sys\\sys.c      0x00000000   Number         0  sys.o ABSOLUTE
    ..\\..\\Drivers\\SYSTEM\\usart\\usart.c  0x00000000   Number         0  usart.o ABSOLUTE
    ..\\..\\Middlewares\\DEBUG\\debug.c      0x00000000   Number         0  debug.o ABSOLUTE
    ..\\..\\User\\main.c                     0x00000000   Number         0  main.o ABSOLUTE
    ..\\..\\User\\stm32f1xx_it.c             0x00000000   Number         0  stm32f1xx_it.o ABSOLUTE
    cdcmple.s                                0x00000000   Number         0  cdcmple.o ABSOLUTE
    cdrcmple.s                               0x00000000   Number         0  cdrcmple.o ABSOLUTE
    cfcmple.s                                0x00000000   Number         0  cfcmple.o ABSOLUTE
    cfrcmple.s                               0x00000000   Number         0  cfrcmple.o ABSOLUTE
    dc.s                                     0x00000000   Number         0  dc.o ABSOLUTE
    handlers.s                               0x00000000   Number         0  handlers.o ABSOLUTE
    init.s                                   0x00000000   Number         0  init.o ABSOLUTE
    RESET                                    0x08000000   Section      304  startup_stm32f103xe_1.o(RESET)
    .ARM.Collect$$$$00000000                 0x08000130   Section        0  entry.o(.ARM.Collect$$$$00000000)
    .ARM.Collect$$$$00000001                 0x08000130   Section        4  entry2.o(.ARM.Collect$$$$00000001)
    .ARM.Collect$$$$00000004                 0x08000134   Section        4  entry5.o(.ARM.Collect$$$$00000004)
    .ARM.Collect$$$$00000008                 0x08000138   Section        0  entry7b.o(.ARM.Collect$$$$00000008)
    .ARM.Collect$$$$0000000A                 0x08000138   Section        0  entry8b.o(.ARM.Collect$$$$0000000A)
    .ARM.Collect$$$$0000000B                 0x08000138   Section        8  entry9a.o(.ARM.Collect$$$$0000000B)
    .ARM.Collect$$$$0000000D                 0x08000140   Section        0  entry10a.o(.ARM.Collect$$$$0000000D)
    .ARM.Collect$$$$0000000F                 0x08000140   Section        0  entry11a.o(.ARM.Collect$$$$0000000F)
    .ARM.Collect$$$$00002712                 0x08000140   Section        4  entry2.o(.ARM.Collect$$$$00002712)
    __lit__00000000                          0x08000140   Data           4  entry2.o(.ARM.Collect$$$$00002712)
    .text                                    0x08000144   Section       36  startup_stm32f103xe_1.o(.text)
    .text                                    0x08000168   Section        0  memseta.o(.text)
    .text                                    0x0800018c   Section        0  fadd.o(.text)
    .text                                    0x0800023c   Section        0  fmul.o(.text)
    .text                                    0x080002a0   Section        0  fdiv.o(.text)
    .text                                    0x0800031c   Section        0  dadd.o(.text)
    .text                                    0x0800046a   Section        0  dmul.o(.text)
    .text                                    0x0800054e   Section        0  ddiv.o(.text)
    .text                                    0x0800062c   Section        0  fflti.o(.text)
    .text                                    0x0800063e   Section        0  ffltui.o(.text)
    .text                                    0x08000648   Section        0  dflti.o(.text)
    .text                                    0x0800066a   Section        0  dfltui.o(.text)
    .text                                    0x08000684   Section        0  ffixi.o(.text)
    .text                                    0x080006b6   Section        0  ffixui.o(.text)
    .text                                    0x080006de   Section        0  dfixi.o(.text)
    .text                                    0x0800071c   Section        0  f2d.o(.text)
    .text                                    0x08000742   Section        0  d2f.o(.text)
    .text                                    0x0800077c   Section       20  cfcmple.o(.text)
    .text                                    0x08000790   Section       20  cfrcmple.o(.text)
    .text                                    0x080007a4   Section        0  uidiv.o(.text)
    .text                                    0x080007d0   Section        0  uldiv.o(.text)
    .text                                    0x08000832   Section        0  llshl.o(.text)
    .text                                    0x08000850   Section        0  llushr.o(.text)
    .text                                    0x08000870   Section        0  llsshr.o(.text)
    .text                                    0x08000894   Section        0  iusefp.o(.text)
    .text                                    0x08000894   Section        0  fepilogue.o(.text)
    .text                                    0x08000902   Section        0  depilogue.o(.text)
    .text                                    0x080009bc   Section        0  dscalb.o(.text)
    .text                                    0x080009ea   Section        0  dfixul.o(.text)
    .text                                    0x08000a1c   Section       48  cdcmple.o(.text)
    .text                                    0x08000a4c   Section       48  cdrcmple.o(.text)
    .text                                    0x08000a7c   Section       36  init.o(.text)
    i.ADC_ConversionStop_Disable             0x08000aa0   Section        0  stm32f1xx_hal_adc.o(i.ADC_ConversionStop_Disable)
    i.ADC_DMAConvCplt                        0x08000af2   Section        0  stm32f1xx_hal_adc.o(i.ADC_DMAConvCplt)
    i.ADC_DMAError                           0x08000b44   Section        0  stm32f1xx_hal_adc.o(i.ADC_DMAError)
    i.ADC_DMAHalfConvCplt                    0x08000b62   Section        0  stm32f1xx_hal_adc.o(i.ADC_DMAHalfConvCplt)
    i.ADC_Enable                             0x08000b70   Section        0  stm32f1xx_hal_adc.o(i.ADC_Enable)
    i.BusFault_Handler                       0x08000bf4   Section        0  stm32f1xx_it.o(i.BusFault_Handler)
    i.DMA1_Channel1_IRQHandler               0x08000bf8   Section        0  adc.o(i.DMA1_Channel1_IRQHandler)
    i.DMA_SetConfig                          0x08000c08   Section        0  stm32f1xx_hal_dma.o(i.DMA_SetConfig)
    DMA_SetConfig                            0x08000c09   Thumb Code    44  stm32f1xx_hal_dma.o(i.DMA_SetConfig)
    i.DebugMon_Handler                       0x08000c34   Section        0  stm32f1xx_it.o(i.DebugMon_Handler)
    i.HAL_ADC_ConfigChannel                  0x08000c38   Section        0  stm32f1xx_hal_adc.o(i.HAL_ADC_ConfigChannel)
    i.HAL_ADC_ConvCpltCallback               0x08000d98   Section        0  adc.o(i.HAL_ADC_ConvCpltCallback)
    i.HAL_ADC_ConvHalfCpltCallback           0x08000dcc   Section        0  stm32f1xx_hal_adc.o(i.HAL_ADC_ConvHalfCpltCallback)
    i.HAL_ADC_ErrorCallback                  0x08000dce   Section        0  stm32f1xx_hal_adc.o(i.HAL_ADC_ErrorCallback)
    i.HAL_ADC_Init                           0x08000dd0   Section        0  stm32f1xx_hal_adc.o(i.HAL_ADC_Init)
    i.HAL_ADC_MspInit                        0x08000f30   Section        0  stm32f1xx_hal_adc.o(i.HAL_ADC_MspInit)
    i.HAL_ADC_Start_DMA                      0x08000f34   Section        0  stm32f1xx_hal_adc.o(i.HAL_ADC_Start_DMA)
    i.HAL_ADC_Stop_DMA                       0x080010b4   Section        0  stm32f1xx_hal_adc.o(i.HAL_ADC_Stop_DMA)
    i.HAL_DMA_Abort                          0x0800111e   Section        0  stm32f1xx_hal_dma.o(i.HAL_DMA_Abort)
    i.HAL_DMA_Abort_IT                       0x08001174   Section        0  stm32f1xx_hal_dma.o(i.HAL_DMA_Abort_IT)
    i.HAL_DMA_IRQHandler                     0x0800131c   Section        0  stm32f1xx_hal_dma.o(i.HAL_DMA_IRQHandler)
    i.HAL_DMA_Init                           0x080016b4   Section        0  stm32f1xx_hal_dma.o(i.HAL_DMA_Init)
    i.HAL_DMA_Start_IT                       0x08001740   Section        0  stm32f1xx_hal_dma.o(i.HAL_DMA_Start_IT)
    i.HAL_GPIO_Init                          0x080017dc   Section        0  stm32f1xx_hal_gpio.o(i.HAL_GPIO_Init)
    i.HAL_GPIO_ReadPin                       0x08001b1c   Section        0  stm32f1xx_hal_gpio.o(i.HAL_GPIO_ReadPin)
    i.HAL_GPIO_TogglePin                     0x08001b2c   Section        0  stm32f1xx_hal_gpio.o(i.HAL_GPIO_TogglePin)
    i.HAL_GPIO_WritePin                      0x08001b40   Section        0  stm32f1xx_hal_gpio.o(i.HAL_GPIO_WritePin)
    i.HAL_GetTick                            0x08001b4c   Section        0  stm32f1xx_hal.o(i.HAL_GetTick)
    i.HAL_Init                               0x08001b58   Section        0  stm32f1xx_hal.o(i.HAL_Init)
    i.HAL_InitTick                           0x08001b80   Section        0  stm32f1xx_hal.o(i.HAL_InitTick)
    i.HAL_MspInit                            0x08001bcc   Section        0  stm32f1xx_hal.o(i.HAL_MspInit)
    i.HAL_NVIC_EnableIRQ                     0x08001bce   Section        0  stm32f1xx_hal_cortex.o(i.HAL_NVIC_EnableIRQ)
    i.HAL_NVIC_SetPriority                   0x08001bee   Section        0  stm32f1xx_hal_cortex.o(i.HAL_NVIC_SetPriority)
    i.HAL_NVIC_SetPriorityGrouping           0x08001c6c   Section        0  stm32f1xx_hal_cortex.o(i.HAL_NVIC_SetPriorityGrouping)
    i.HAL_RCC_ClockConfig                    0x08001c94   Section        0  stm32f1xx_hal_rcc.o(i.HAL_RCC_ClockConfig)
    i.HAL_RCC_GetHCLKFreq                    0x08001e20   Section        0  stm32f1xx_hal_rcc.o(i.HAL_RCC_GetHCLKFreq)
    i.HAL_RCC_GetPCLK1Freq                   0x08001e2c   Section        0  stm32f1xx_hal_rcc.o(i.HAL_RCC_GetPCLK1Freq)
    i.HAL_RCC_GetPCLK2Freq                   0x08001e4c   Section        0  stm32f1xx_hal_rcc.o(i.HAL_RCC_GetPCLK2Freq)
    i.HAL_RCC_GetSysClockFreq                0x08001e6c   Section        0  stm32f1xx_hal_rcc.o(i.HAL_RCC_GetSysClockFreq)
    i.HAL_RCC_OscConfig                      0x08001f00   Section        0  stm32f1xx_hal_rcc.o(i.HAL_RCC_OscConfig)
    i.HAL_SYSTICK_CLKSourceConfig            0x08002364   Section        0  stm32f1xx_hal_cortex.o(i.HAL_SYSTICK_CLKSourceConfig)
    i.HAL_SYSTICK_Config                     0x0800238c   Section        0  stm32f1xx_hal_cortex.o(i.HAL_SYSTICK_Config)
    i.HAL_TIMEx_BreakCallback                0x080023c0   Section        0  stm32f1xx_hal_tim_ex.o(i.HAL_TIMEx_BreakCallback)
    i.HAL_TIMEx_CommutCallback               0x080023c2   Section        0  stm32f1xx_hal_tim_ex.o(i.HAL_TIMEx_CommutCallback)
    i.HAL_TIM_Base_Init                      0x080023c4   Section        0  stm32f1xx_hal_tim.o(i.HAL_TIM_Base_Init)
    i.HAL_TIM_Base_MspInit                   0x0800242c   Section        0  bldc_tim.o(i.HAL_TIM_Base_MspInit)
    i.HAL_TIM_Base_Start_IT                  0x0800246c   Section        0  stm32f1xx_hal_tim.o(i.HAL_TIM_Base_Start_IT)
    i.HAL_TIM_IC_CaptureCallback             0x080024fc   Section        0  stm32f1xx_hal_tim.o(i.HAL_TIM_IC_CaptureCallback)
    i.HAL_TIM_IRQHandler                     0x080024fe   Section        0  stm32f1xx_hal_tim.o(i.HAL_TIM_IRQHandler)
    i.HAL_TIM_OC_DelayElapsedCallback        0x08002694   Section        0  stm32f1xx_hal_tim.o(i.HAL_TIM_OC_DelayElapsedCallback)
    i.HAL_TIM_PWM_ConfigChannel              0x08002696   Section        0  stm32f1xx_hal_tim.o(i.HAL_TIM_PWM_ConfigChannel)
    i.HAL_TIM_PWM_Init                       0x08002792   Section        0  stm32f1xx_hal_tim.o(i.HAL_TIM_PWM_Init)
    i.HAL_TIM_PWM_MspInit                    0x080027f8   Section        0  bldc_tim.o(i.HAL_TIM_PWM_MspInit)
    i.HAL_TIM_PWM_PulseFinishedCallback      0x08002984   Section        0  stm32f1xx_hal_tim.o(i.HAL_TIM_PWM_PulseFinishedCallback)
    i.HAL_TIM_PWM_Start                      0x08002988   Section        0  stm32f1xx_hal_tim.o(i.HAL_TIM_PWM_Start)
    i.HAL_TIM_PWM_Stop                       0x08002a7c   Section        0  stm32f1xx_hal_tim.o(i.HAL_TIM_PWM_Stop)
    i.HAL_TIM_PeriodElapsedCallback          0x08002b24   Section        0  bldc_tim.o(i.HAL_TIM_PeriodElapsedCallback)
    i.HAL_TIM_TriggerCallback                0x080031ec   Section        0  stm32f1xx_hal_tim.o(i.HAL_TIM_TriggerCallback)
    i.HAL_UART_ErrorCallback                 0x080031ee   Section        0  stm32f1xx_hal_uart.o(i.HAL_UART_ErrorCallback)
    i.HAL_UART_IRQHandler                    0x080031f0   Section        0  stm32f1xx_hal_uart.o(i.HAL_UART_IRQHandler)
    i.HAL_UART_Init                          0x08003344   Section        0  stm32f1xx_hal_uart.o(i.HAL_UART_Init)
    i.HAL_UART_MspInit                       0x080033b8   Section        0  usart.o(i.HAL_UART_MspInit)
    i.HAL_UART_Receive_IT                    0x0800346c   Section        0  stm32f1xx_hal_uart.o(i.HAL_UART_Receive_IT)
    i.HAL_UART_RxCpltCallback                0x080034dc   Section        0  usart.o(i.HAL_UART_RxCpltCallback)
    i.HAL_UART_Transmit                      0x08003564   Section        0  stm32f1xx_hal_uart.o(i.HAL_UART_Transmit)
    i.HAL_UART_TxCpltCallback                0x08003636   Section        0  stm32f1xx_hal_uart.o(i.HAL_UART_TxCpltCallback)
    i.HardFault_Handler                      0x08003638   Section        0  stm32f1xx_it.o(i.HardFault_Handler)
    i.MemManage_Handler                      0x0800363c   Section        0  stm32f1xx_it.o(i.MemManage_Handler)
    i.NMI_Handler                            0x08003640   Section        0  stm32f1xx_it.o(i.NMI_Handler)
    i.RCC_Delay                              0x08003644   Section        0  stm32f1xx_hal_rcc.o(i.RCC_Delay)
    RCC_Delay                                0x08003645   Thumb Code    36  stm32f1xx_hal_rcc.o(i.RCC_Delay)
    i.SVC_Handler                            0x0800366c   Section        0  stm32f1xx_it.o(i.SVC_Handler)
    i.SystemInit                             0x0800366e   Section        0  system_stm32f1xx.o(i.SystemInit)
    i.TIM1_UP_IRQHandler                     0x08003670   Section        0  bldc_tim.o(i.TIM1_UP_IRQHandler)
    i.TIM2_IRQHandler                        0x08003680   Section        0  bldc_tim.o(i.TIM2_IRQHandler)
    i.TIM_Base_SetConfig                     0x08003690   Section        0  stm32f1xx_hal_tim.o(i.TIM_Base_SetConfig)
    i.TIM_CCxChannelCmd                      0x0800372c   Section        0  stm32f1xx_hal_tim.o(i.TIM_CCxChannelCmd)
    i.TIM_OC1_SetConfig                      0x08003750   Section        0  stm32f1xx_hal_tim.o(i.TIM_OC1_SetConfig)
    TIM_OC1_SetConfig                        0x08003751   Thumb Code   104  stm32f1xx_hal_tim.o(i.TIM_OC1_SetConfig)
    i.TIM_OC2_SetConfig                      0x080037c0   Section        0  stm32f1xx_hal_tim.o(i.TIM_OC2_SetConfig)
    i.TIM_OC3_SetConfig                      0x0800383c   Section        0  stm32f1xx_hal_tim.o(i.TIM_OC3_SetConfig)
    TIM_OC3_SetConfig                        0x0800383d   Thumb Code   112  stm32f1xx_hal_tim.o(i.TIM_OC3_SetConfig)
    i.TIM_OC4_SetConfig                      0x080038b4   Section        0  stm32f1xx_hal_tim.o(i.TIM_OC4_SetConfig)
    TIM_OC4_SetConfig                        0x080038b5   Thumb Code    74  stm32f1xx_hal_tim.o(i.TIM_OC4_SetConfig)
    i.UART_DMAAbortOnError                   0x08003908   Section        0  stm32f1xx_hal_uart.o(i.UART_DMAAbortOnError)
    UART_DMAAbortOnError                     0x08003909   Thumb Code    20  stm32f1xx_hal_uart.o(i.UART_DMAAbortOnError)
    i.UART_EndRxTransfer                     0x0800391c   Section        0  stm32f1xx_hal_uart.o(i.UART_EndRxTransfer)
    UART_EndRxTransfer                       0x0800391d   Thumb Code    32  stm32f1xx_hal_uart.o(i.UART_EndRxTransfer)
    i.UART_EndTransmit_IT                    0x0800393c   Section        0  stm32f1xx_hal_uart.o(i.UART_EndTransmit_IT)
    UART_EndTransmit_IT                      0x0800393d   Thumb Code    32  stm32f1xx_hal_uart.o(i.UART_EndTransmit_IT)
    i.UART_Receive_IT                        0x0800395c   Section        0  stm32f1xx_hal_uart.o(i.UART_Receive_IT)
    UART_Receive_IT                          0x0800395d   Thumb Code   160  stm32f1xx_hal_uart.o(i.UART_Receive_IT)
    i.UART_SetConfig                         0x080039fc   Section        0  stm32f1xx_hal_uart.o(i.UART_SetConfig)
    UART_SetConfig                           0x080039fd   Thumb Code   248  stm32f1xx_hal_uart.o(i.UART_SetConfig)
    i.UART_Transmit_IT                       0x08003af8   Section        0  stm32f1xx_hal_uart.o(i.UART_Transmit_IT)
    UART_Transmit_IT                         0x08003af9   Thumb Code    96  stm32f1xx_hal_uart.o(i.UART_Transmit_IT)
    i.UART_WaitOnFlagUntilTimeout            0x08003b58   Section        0  stm32f1xx_hal_uart.o(i.UART_WaitOnFlagUntilTimeout)
    UART_WaitOnFlagUntilTimeout              0x08003b59   Thumb Code   108  stm32f1xx_hal_uart.o(i.UART_WaitOnFlagUntilTimeout)
    i.USART1_IRQHandler                      0x08003bc4   Section        0  usart.o(i.USART1_IRQHandler)
    i.UsageFault_Handler                     0x08003be8   Section        0  stm32f1xx_it.o(i.UsageFault_Handler)
    i.__0printf                              0x08003bec   Section        0  printfa.o(i.__0printf)
    i.__NVIC_GetPriorityGrouping             0x08003c0c   Section        0  stm32f1xx_hal_cortex.o(i.__NVIC_GetPriorityGrouping)
    __NVIC_GetPriorityGrouping               0x08003c0d   Thumb Code    10  stm32f1xx_hal_cortex.o(i.__NVIC_GetPriorityGrouping)
    i.__NVIC_SetPriority                     0x08003c1c   Section        0  stm32f1xx_hal_cortex.o(i.__NVIC_SetPriority)
    __NVIC_SetPriority                       0x08003c1d   Thumb Code    32  stm32f1xx_hal_cortex.o(i.__NVIC_SetPriority)
    i.__kernel_poly                          0x08003c44   Section        0  poly.o(i.__kernel_poly)
    i.__mathlib_dbl_divzero                  0x08003cf0   Section        0  dunder.o(i.__mathlib_dbl_divzero)
    i.__mathlib_dbl_infnan                   0x08003d00   Section        0  dunder.o(i.__mathlib_dbl_infnan)
    i.__mathlib_dbl_invalid                  0x08003d06   Section        0  dunder.o(i.__mathlib_dbl_invalid)
    i.__scatterload_copy                     0x08003d12   Section       14  handlers.o(i.__scatterload_copy)
    i.__scatterload_null                     0x08003d20   Section        2  handlers.o(i.__scatterload_null)
    i.__scatterload_zeroinit                 0x08003d22   Section       14  handlers.o(i.__scatterload_zeroinit)
    i.__set_errno                            0x08003d30   Section        0  errno.o(i.__set_errno)
    i._fp_digits                             0x08003d3c   Section        0  printfa.o(i._fp_digits)
    _fp_digits                               0x08003d3d   Thumb Code   334  printfa.o(i._fp_digits)
    i._printf_core                           0x08003ea0   Section        0  printfa.o(i._printf_core)
    _printf_core                             0x08003ea1   Thumb Code  1744  printfa.o(i._printf_core)
    i._printf_post_padding                   0x0800457c   Section        0  printfa.o(i._printf_post_padding)
    _printf_post_padding                     0x0800457d   Thumb Code    36  printfa.o(i._printf_post_padding)
    i._printf_pre_padding                    0x080045a0   Section        0  printfa.o(i._printf_pre_padding)
    _printf_pre_padding                      0x080045a1   Thumb Code    46  printfa.o(i._printf_pre_padding)
    i.adc_init                               0x080045d0   Section        0  adc.o(i.adc_init)
    i.adc_nch_dma_init                       0x08004664   Section        0  adc.o(i.adc_nch_dma_init)
    i.atim_timx_oc_chy_init                  0x080047f8   Section        0  bldc_tim.o(i.atim_timx_oc_chy_init)
    i.bldc_ctrl                              0x08004894   Section        0  bldc.o(i.bldc_ctrl)
    i.bldc_init                              0x080048b4   Section        0  bldc.o(i.bldc_init)
    i.bldc_speed_stop                        0x08004918   Section        0  main.o(i.bldc_speed_stop)
    i.btim_timx_int_init                     0x08004940   Section        0  bldc_tim.o(i.btim_timx_int_init)
    i.calc_adc_val                           0x08004974   Section        0  bldc.o(i.calc_adc_val)
    i.check_hall_dir                         0x080049e0   Section        0  bldc.o(i.check_hall_dir)
    i.crc16_calc                             0x08004a70   Section        0  debug.o(i.crc16_calc)
    i.debug_init                             0x08004aa8   Section        0  debug.o(i.debug_init)
    i.debug_obj_init                         0x08004ab8   Section        0  debug.o(i.debug_obj_init)
    i.debug_receive_ctrl_code                0x08004ac8   Section        0  debug.o(i.debug_receive_ctrl_code)
    i.debug_receive_pid                      0x08004b04   Section        0  debug.o(i.debug_receive_pid)
    i.debug_send_current                     0x08004b40   Section        0  debug.o(i.debug_send_current)
    i.debug_send_initdata                    0x08004b5c   Section        0  debug.o(i.debug_send_initdata)
    i.debug_send_motorcode                   0x08004bb8   Section        0  debug.o(i.debug_send_motorcode)
    i.debug_send_motorstate                  0x08004bd0   Section        0  debug.o(i.debug_send_motorstate)
    i.debug_send_speed                       0x08004be4   Section        0  debug.o(i.debug_send_speed)
    i.debug_send_temp                        0x08004c04   Section        0  debug.o(i.debug_send_temp)
    i.debug_send_valtage                     0x08004c1c   Section        0  debug.o(i.debug_send_valtage)
    i.debug_send_wave_data                   0x08004c30   Section        0  debug.o(i.debug_send_wave_data)
    i.debug_upload_data                      0x08004c50   Section        0  debug.o(i.debug_upload_data)
    i.delay_init                             0x0800516c   Section        0  delay.o(i.delay_init)
    i.delay_ms                               0x08005194   Section        0  delay.o(i.delay_ms)
    i.delay_us                               0x080051cc   Section        0  delay.o(i.delay_us)
    i.fputc                                  0x08005218   Section        0  usart.o(i.fputc)
    i.get_temp                               0x08005234   Section        0  bldc.o(i.get_temp)
    i.hall_gpio_init                         0x080052d4   Section        0  bldc.o(i.hall_gpio_init)
    i.hallsensor_get_state                   0x08005364   Section        0  bldc.o(i.hallsensor_get_state)
    i.increment_pid_ctrl                     0x080053b0   Section        0  pid.o(i.increment_pid_ctrl)
    i.key_init                               0x08005454   Section        0  key.o(i.key_init)
    i.key_scan                               0x0800550c   Section        0  key.o(i.key_scan)
    i.led_init                               0x080055ac   Section        0  led.o(i.led_init)
    i.log                                    0x0800563c   Section        0  log.o(i.log)
    i.m1_uhvl                                0x08005998   Section        0  bldc.o(i.m1_uhvl)
    i.m1_uhwl                                0x080059e4   Section        0  bldc.o(i.m1_uhwl)
    i.m1_vhul                                0x08005a30   Section        0  bldc.o(i.m1_vhul)
    i.m1_vhwl                                0x08005a7c   Section        0  bldc.o(i.m1_vhwl)
    i.m1_whul                                0x08005ac8   Section        0  bldc.o(i.m1_whul)
    i.m1_whvl                                0x08005b14   Section        0  bldc.o(i.m1_whvl)
    i.main                                   0x08005b60   Section        0  main.o(i.main)
    i.pid_init                               0x0800609c   Section        0  pid.o(i.pid_init)
    i.start_motor1                           0x08006128   Section        0  bldc.o(i.start_motor1)
    i.stop_motor1                            0x08006158   Section        0  bldc.o(i.stop_motor1)
    i.sys_stm32_clock_init                   0x080061c4   Section        0  sys.o(i.sys_stm32_clock_init)
    i.uemf_edge                              0x0800621c   Section        0  bldc.o(i.uemf_edge)
    i.usart_init                             0x0800623c   Section        0  usart.o(i.usart_init)
    .constdata                               0x08006274   Section       24  system_stm32f1xx.o(.constdata)
    .constdata                               0x0800628c   Section       52  bldc.o(.constdata)
    .constdata                               0x080062c0   Section      512  debug.o(.constdata)
    s_crchi                                  0x080062c0   Data         256  debug.o(.constdata)
    .constdata                               0x080064c0   Section       56  log.o(.constdata)
    Lg2                                      0x080064c0   Data          24  log.o(.constdata)
    Lg                                       0x080064d8   Data          32  log.o(.constdata)
    .constdata                               0x080064f8   Section        8  qnan.o(.constdata)
    .data                                    0x20000000   Section        4  system_stm32f1xx.o(.data)
    .data                                    0x20000004   Section        2  delay.o(.data)
    g_fac_us                                 0x20000004   Data           2  delay.o(.data)
    .data                                    0x20000008   Section        7  usart.o(.data)
    .data                                    0x20000010   Section        9  stm32f1xx_hal.o(.data)
    .data                                    0x2000001c   Section       65  bldc.o(.data)
    oldval                                   0x2000005c   Data           1  bldc.o(.data)
    .data                                    0x20000060   Section       54  bldc_tim.o(.data)
    pid_s_count                              0x20000060   Data           1  bldc_tim.o(.data)
    pid_c_count                              0x20000061   Data           1  bldc_tim.o(.data)
    cf_count                                 0x20000062   Data           1  bldc_tim.o(.data)
    times_count                              0x20000095   Data           1  bldc_tim.o(.data)
    .data                                    0x20000096   Section        1  key.o(.data)
    key_up                                   0x20000096   Data           1  key.o(.data)
    .data                                    0x20000098   Section        9  debug.o(.data)
    step_temp                                0x2000009c   Data           4  debug.o(.data)
    rec_r                                    0x200000a0   Data           1  debug.o(.data)
    .data                                    0x200000a4   Section        4  errno.o(.data)
    _errno                                   0x200000a4   Data           4  errno.o(.data)
    .bss                                     0x200000a8   Section      264  usart.o(.bss)
    .bss                                     0x200001b0   Section      488  bldc_tim.o(.bss)
    .bss                                     0x20000398   Section      646  adc.o(.bss)
    .bss                                     0x20000620   Section      128  pid.o(.bss)
    .bss                                     0x200006a0   Section      264  debug.o(.bss)
    STACK                                    0x200007a8   Section     1024  startup_stm32f103xe_1.o(STACK)

    Global Symbols

    Symbol Name                              Value     Ov Type        Size  Object(Section)

    BuildAttributes$$THM_ISAv4$P$D$K$B$S$PE$A:L22UL41UL21$X:L11$S22US41US21$IEEE1$IW$USESV6$~STKCKD$USESV7$~SHL$OTIME$ROPI$IEEEX$EBA8$MICROLIB$REQ8$PRES8$EABIv2 0x00000000   Number         0  anon$$obj.o ABSOLUTE
    __ARM_use_no_argv                        0x00000000   Number         0  main.o ABSOLUTE
    __use_no_errno                           0x00000000   Number         0  useno.o ABSOLUTE
    __use_no_exception_handling              0x00000000   Number         0  useno.o ABSOLUTE
    __use_no_fp                              0x00000000   Number         0  useno.o ABSOLUTE
    __use_no_heap                            0x00000000   Number         0  useno.o ABSOLUTE
    __use_no_heap_region                     0x00000000   Number         0  useno.o ABSOLUTE
    __use_no_semihosting                     0x00000000   Number         0  useno.o ABSOLUTE
    __use_no_semihosting_swi                 0x00000000   Number         0  useno.o ABSOLUTE
    __use_no_signal_handling                 0x00000000   Number         0  useno.o ABSOLUTE
    _printf_a                                0x00000000   Number         0  stubs.o ABSOLUTE
    _printf_c                                0x00000000   Number         0  stubs.o ABSOLUTE
    _printf_charcount                        0x00000000   Number         0  stubs.o ABSOLUTE
    _printf_d                                0x00000000   Number         0  stubs.o ABSOLUTE
    _printf_e                                0x00000000   Number         0  stubs.o ABSOLUTE
    _printf_f                                0x00000000   Number         0  stubs.o ABSOLUTE
    _printf_flags                            0x00000000   Number         0  stubs.o ABSOLUTE
    _printf_fp_dec                           0x00000000   Number         0  stubs.o ABSOLUTE
    _printf_fp_hex                           0x00000000   Number         0  stubs.o ABSOLUTE
    _printf_g                                0x00000000   Number         0  stubs.o ABSOLUTE
    _printf_i                                0x00000000   Number         0  stubs.o ABSOLUTE
    _printf_int_dec                          0x00000000   Number         0  stubs.o ABSOLUTE
    _printf_l                                0x00000000   Number         0  stubs.o ABSOLUTE
    _printf_lc                               0x00000000   Number         0  stubs.o ABSOLUTE
    _printf_ll                               0x00000000   Number         0  stubs.o ABSOLUTE
    _printf_lld                              0x00000000   Number         0  stubs.o ABSOLUTE
    _printf_lli                              0x00000000   Number         0  stubs.o ABSOLUTE
    _printf_llo                              0x00000000   Number         0  stubs.o ABSOLUTE
    _printf_llu                              0x00000000   Number         0  stubs.o ABSOLUTE
    _printf_llx                              0x00000000   Number         0  stubs.o ABSOLUTE
    _printf_longlong_dec                     0x00000000   Number         0  stubs.o ABSOLUTE
    _printf_longlong_hex                     0x00000000   Number         0  stubs.o ABSOLUTE
    _printf_longlong_oct                     0x00000000   Number         0  stubs.o ABSOLUTE
    _printf_ls                               0x00000000   Number         0  stubs.o ABSOLUTE
    _printf_mbtowc                           0x00000000   Number         0  stubs.o ABSOLUTE
    _printf_n                                0x00000000   Number         0  stubs.o ABSOLUTE
    _printf_o                                0x00000000   Number         0  stubs.o ABSOLUTE
    _printf_p                                0x00000000   Number         0  stubs.o ABSOLUTE
    _printf_percent                          0x00000000   Number         0  stubs.o ABSOLUTE
    _printf_pre_padding                      0x00000000   Number         0  stubs.o ABSOLUTE
    _printf_return_value                     0x00000000   Number         0  stubs.o ABSOLUTE
    _printf_s                                0x00000000   Number         0  stubs.o ABSOLUTE
    _printf_sizespec                         0x00000000   Number         0  stubs.o ABSOLUTE
    _printf_str                              0x00000000   Number         0  stubs.o ABSOLUTE
    _printf_truncate_signed                  0x00000000   Number         0  stubs.o ABSOLUTE
    _printf_truncate_unsigned                0x00000000   Number         0  stubs.o ABSOLUTE
    _printf_u                                0x00000000   Number         0  stubs.o ABSOLUTE
    _printf_wc                               0x00000000   Number         0  stubs.o ABSOLUTE
    _printf_wctomb                           0x00000000   Number         0  stubs.o ABSOLUTE
    _printf_widthprec                        0x00000000   Number         0  stubs.o ABSOLUTE
    _printf_x                                0x00000000   Number         0  stubs.o ABSOLUTE
    __cpp_initialize__aeabi_                  - Undefined Weak Reference
    __cxa_finalize                            - Undefined Weak Reference
    __decompress                              - Undefined Weak Reference
    _clock_init                               - Undefined Weak Reference
    _microlib_exit                            - Undefined Weak Reference
    __Vectors_Size                           0x00000130   Number         0  startup_stm32f103xe_1.o ABSOLUTE
    __Vectors                                0x08000000   Data           4  startup_stm32f103xe_1.o(RESET)
    __Vectors_End                            0x08000130   Data           0  startup_stm32f103xe_1.o(RESET)
    __main                                   0x08000131   Thumb Code     0  entry.o(.ARM.Collect$$$$00000000)
    _main_stk                                0x08000131   Thumb Code     0  entry2.o(.ARM.Collect$$$$00000001)
    _main_scatterload                        0x08000135   Thumb Code     0  entry5.o(.ARM.Collect$$$$00000004)
    __main_after_scatterload                 0x08000139   Thumb Code     0  entry5.o(.ARM.Collect$$$$00000004)
    _main_clock                              0x08000139   Thumb Code     0  entry7b.o(.ARM.Collect$$$$00000008)
    _main_cpp_init                           0x08000139   Thumb Code     0  entry8b.o(.ARM.Collect$$$$0000000A)
    _main_init                               0x08000139   Thumb Code     0  entry9a.o(.ARM.Collect$$$$0000000B)
    __rt_final_cpp                           0x08000141   Thumb Code     0  entry10a.o(.ARM.Collect$$$$0000000D)
    __rt_final_exit                          0x08000141   Thumb Code     0  entry11a.o(.ARM.Collect$$$$0000000F)
    Reset_Handler                            0x08000145   Thumb Code     8  startup_stm32f103xe_1.o(.text)
    PendSV_Handler                           0x0800015b   Thumb Code     2  startup_stm32f103xe_1.o(.text)
    SysTick_Handler                          0x0800015d   Thumb Code     2  startup_stm32f103xe_1.o(.text)
    ADC1_2_IRQHandler                        0x0800015f   Thumb Code     0  startup_stm32f103xe_1.o(.text)
    ADC3_IRQHandler                          0x0800015f   Thumb Code     0  startup_stm32f103xe_1.o(.text)
    CAN1_RX1_IRQHandler                      0x0800015f   Thumb Code     0  startup_stm32f103xe_1.o(.text)
    CAN1_SCE_IRQHandler                      0x0800015f   Thumb Code     0  startup_stm32f103xe_1.o(.text)
    DMA1_Channel2_IRQHandler                 0x0800015f   Thumb Code     0  startup_stm32f103xe_1.o(.text)
    DMA1_Channel3_IRQHandler                 0x0800015f   Thumb Code     0  startup_stm32f103xe_1.o(.text)
    DMA1_Channel4_IRQHandler                 0x0800015f   Thumb Code     0  startup_stm32f103xe_1.o(.text)
    DMA1_Channel5_IRQHandler                 0x0800015f   Thumb Code     0  startup_stm32f103xe_1.o(.text)
    DMA1_Channel6_IRQHandler                 0x0800015f   Thumb Code     0  startup_stm32f103xe_1.o(.text)
    DMA1_Channel7_IRQHandler                 0x0800015f   Thumb Code     0  startup_stm32f103xe_1.o(.text)
    DMA2_Channel1_IRQHandler                 0x0800015f   Thumb Code     0  startup_stm32f103xe_1.o(.text)
    DMA2_Channel2_IRQHandler                 0x0800015f   Thumb Code     0  startup_stm32f103xe_1.o(.text)
    DMA2_Channel3_IRQHandler                 0x0800015f   Thumb Code     0  startup_stm32f103xe_1.o(.text)
    DMA2_Channel4_5_IRQHandler               0x0800015f   Thumb Code     0  startup_stm32f103xe_1.o(.text)
    EXTI0_IRQHandler                         0x0800015f   Thumb Code     0  startup_stm32f103xe_1.o(.text)
    EXTI15_10_IRQHandler                     0x0800015f   Thumb Code     0  startup_stm32f103xe_1.o(.text)
    EXTI1_IRQHandler                         0x0800015f   Thumb Code     0  startup_stm32f103xe_1.o(.text)
    EXTI2_IRQHandler                         0x0800015f   Thumb Code     0  startup_stm32f103xe_1.o(.text)
    EXTI3_IRQHandler                         0x0800015f   Thumb Code     0  startup_stm32f103xe_1.o(.text)
    EXTI4_IRQHandler                         0x0800015f   Thumb Code     0  startup_stm32f103xe_1.o(.text)
    EXTI9_5_IRQHandler                       0x0800015f   Thumb Code     0  startup_stm32f103xe_1.o(.text)
    FLASH_IRQHandler                         0x0800015f   Thumb Code     0  startup_stm32f103xe_1.o(.text)
    FSMC_IRQHandler                          0x0800015f   Thumb Code     0  startup_stm32f103xe_1.o(.text)
    I2C1_ER_IRQHandler                       0x0800015f   Thumb Code     0  startup_stm32f103xe_1.o(.text)
    I2C1_EV_IRQHandler                       0x0800015f   Thumb Code     0  startup_stm32f103xe_1.o(.text)
    I2C2_ER_IRQHandler                       0x0800015f   Thumb Code     0  startup_stm32f103xe_1.o(.text)
    I2C2_EV_IRQHandler                       0x0800015f   Thumb Code     0  startup_stm32f103xe_1.o(.text)
    PVD_IRQHandler                           0x0800015f   Thumb Code     0  startup_stm32f103xe_1.o(.text)
    RCC_IRQHandler                           0x0800015f   Thumb Code     0  startup_stm32f103xe_1.o(.text)
    RTC_Alarm_IRQHandler                     0x0800015f   Thumb Code     0  startup_stm32f103xe_1.o(.text)
    RTC_IRQHandler                           0x0800015f   Thumb Code     0  startup_stm32f103xe_1.o(.text)
    SDIO_IRQHandler                          0x0800015f   Thumb Code     0  startup_stm32f103xe_1.o(.text)
    SPI1_IRQHandler                          0x0800015f   Thumb Code     0  startup_stm32f103xe_1.o(.text)
    SPI2_IRQHandler                          0x0800015f   Thumb Code     0  startup_stm32f103xe_1.o(.text)
    SPI3_IRQHandler                          0x0800015f   Thumb Code     0  startup_stm32f103xe_1.o(.text)
    TAMPER_IRQHandler                        0x0800015f   Thumb Code     0  startup_stm32f103xe_1.o(.text)
    TIM1_BRK_IRQHandler                      0x0800015f   Thumb Code     0  startup_stm32f103xe_1.o(.text)
    TIM1_CC_IRQHandler                       0x0800015f   Thumb Code     0  startup_stm32f103xe_1.o(.text)
    TIM1_TRG_COM_IRQHandler                  0x0800015f   Thumb Code     0  startup_stm32f103xe_1.o(.text)
    TIM3_IRQHandler                          0x0800015f   Thumb Code     0  startup_stm32f103xe_1.o(.text)
    TIM4_IRQHandler                          0x0800015f   Thumb Code     0  startup_stm32f103xe_1.o(.text)
    TIM5_IRQHandler                          0x0800015f   Thumb Code     0  startup_stm32f103xe_1.o(.text)
    TIM6_IRQHandler                          0x0800015f   Thumb Code     0  startup_stm32f103xe_1.o(.text)
    TIM7_IRQHandler                          0x0800015f   Thumb Code     0  startup_stm32f103xe_1.o(.text)
    TIM8_BRK_IRQHandler                      0x0800015f   Thumb Code     0  startup_stm32f103xe_1.o(.text)
    TIM8_CC_IRQHandler                       0x0800015f   Thumb Code     0  startup_stm32f103xe_1.o(.text)
    TIM8_TRG_COM_IRQHandler                  0x0800015f   Thumb Code     0  startup_stm32f103xe_1.o(.text)
    TIM8_UP_IRQHandler                       0x0800015f   Thumb Code     0  startup_stm32f103xe_1.o(.text)
    UART4_IRQHandler                         0x0800015f   Thumb Code     0  startup_stm32f103xe_1.o(.text)
    UART5_IRQHandler                         0x0800015f   Thumb Code     0  startup_stm32f103xe_1.o(.text)
    USART2_IRQHandler                        0x0800015f   Thumb Code     0  startup_stm32f103xe_1.o(.text)
    USART3_IRQHandler                        0x0800015f   Thumb Code     0  startup_stm32f103xe_1.o(.text)
    USBWakeUp_IRQHandler                     0x0800015f   Thumb Code     0  startup_stm32f103xe_1.o(.text)
    USB_HP_CAN1_TX_IRQHandler                0x0800015f   Thumb Code     0  startup_stm32f103xe_1.o(.text)
    USB_LP_CAN1_RX0_IRQHandler               0x0800015f   Thumb Code     0  startup_stm32f103xe_1.o(.text)
    WWDG_IRQHandler                          0x0800015f   Thumb Code     0  startup_stm32f103xe_1.o(.text)
    __aeabi_memset                           0x08000169   Thumb Code    14  memseta.o(.text)
    __aeabi_memset4                          0x08000169   Thumb Code     0  memseta.o(.text)
    __aeabi_memset8                          0x08000169   Thumb Code     0  memseta.o(.text)
    __aeabi_memclr                           0x08000177   Thumb Code     4  memseta.o(.text)
    __aeabi_memclr4                          0x08000177   Thumb Code     0  memseta.o(.text)
    __aeabi_memclr8                          0x08000177   Thumb Code     0  memseta.o(.text)
    _memset$wrapper                          0x0800017b   Thumb Code    18  memseta.o(.text)
    __aeabi_fadd                             0x0800018d   Thumb Code   164  fadd.o(.text)
    __aeabi_fsub                             0x08000231   Thumb Code     6  fadd.o(.text)
    __aeabi_frsub                            0x08000237   Thumb Code     6  fadd.o(.text)
    __aeabi_fmul                             0x0800023d   Thumb Code   100  fmul.o(.text)
    __aeabi_fdiv                             0x080002a1   Thumb Code   124  fdiv.o(.text)
    __aeabi_dadd                             0x0800031d   Thumb Code   322  dadd.o(.text)
    __aeabi_dsub                             0x0800045f   Thumb Code     6  dadd.o(.text)
    __aeabi_drsub                            0x08000465   Thumb Code     6  dadd.o(.text)
    __aeabi_dmul                             0x0800046b   Thumb Code   228  dmul.o(.text)
    __aeabi_ddiv                             0x0800054f   Thumb Code   222  ddiv.o(.text)
    __aeabi_i2f                              0x0800062d   Thumb Code    18  fflti.o(.text)
    __aeabi_ui2f                             0x0800063f   Thumb Code    10  ffltui.o(.text)
    __aeabi_i2d                              0x08000649   Thumb Code    34  dflti.o(.text)
    __aeabi_ui2d                             0x0800066b   Thumb Code    26  dfltui.o(.text)
    __aeabi_f2iz                             0x08000685   Thumb Code    50  ffixi.o(.text)
    __aeabi_f2uiz                            0x080006b7   Thumb Code    40  ffixui.o(.text)
    __aeabi_d2iz                             0x080006df   Thumb Code    62  dfixi.o(.text)
    __aeabi_f2d                              0x0800071d   Thumb Code    38  f2d.o(.text)
    __aeabi_d2f                              0x08000743   Thumb Code    56  d2f.o(.text)
    __aeabi_cfcmpeq                          0x0800077d   Thumb Code     0  cfcmple.o(.text)
    __aeabi_cfcmple                          0x0800077d   Thumb Code    20  cfcmple.o(.text)
    __aeabi_cfrcmple                         0x08000791   Thumb Code    20  cfrcmple.o(.text)
    __aeabi_uidiv                            0x080007a5   Thumb Code     0  uidiv.o(.text)
    __aeabi_uidivmod                         0x080007a5   Thumb Code    44  uidiv.o(.text)
    __aeabi_uldivmod                         0x080007d1   Thumb Code    98  uldiv.o(.text)
    __aeabi_llsl                             0x08000833   Thumb Code    30  llshl.o(.text)
    _ll_shift_l                              0x08000833   Thumb Code     0  llshl.o(.text)
    __aeabi_llsr                             0x08000851   Thumb Code    32  llushr.o(.text)
    _ll_ushift_r                             0x08000851   Thumb Code     0  llushr.o(.text)
    __aeabi_lasr                             0x08000871   Thumb Code    36  llsshr.o(.text)
    _ll_sshift_r                             0x08000871   Thumb Code     0  llsshr.o(.text)
    __I$use$fp                               0x08000895   Thumb Code     0  iusefp.o(.text)
    _float_round                             0x08000895   Thumb Code    18  fepilogue.o(.text)
    _float_epilogue                          0x080008a7   Thumb Code    92  fepilogue.o(.text)
    _double_round                            0x08000903   Thumb Code    30  depilogue.o(.text)
    _double_epilogue                         0x08000921   Thumb Code   156  depilogue.o(.text)
    __ARM_scalbn                             0x080009bd   Thumb Code    46  dscalb.o(.text)
    scalbn                                   0x080009bd   Thumb Code     0  dscalb.o(.text)
    __aeabi_d2ulz                            0x080009eb   Thumb Code    48  dfixul.o(.text)
    __aeabi_cdcmpeq                          0x08000a1d   Thumb Code     0  cdcmple.o(.text)
    __aeabi_cdcmple                          0x08000a1d   Thumb Code    48  cdcmple.o(.text)
    __aeabi_cdrcmple                         0x08000a4d   Thumb Code    48  cdrcmple.o(.text)
    __scatterload                            0x08000a7d   Thumb Code    28  init.o(.text)
    __scatterload_rt2                        0x08000a7d   Thumb Code     0  init.o(.text)
    ADC_ConversionStop_Disable               0x08000aa1   Thumb Code    82  stm32f1xx_hal_adc.o(i.ADC_ConversionStop_Disable)
    ADC_DMAConvCplt                          0x08000af3   Thumb Code    82  stm32f1xx_hal_adc.o(i.ADC_DMAConvCplt)
    ADC_DMAError                             0x08000b45   Thumb Code    30  stm32f1xx_hal_adc.o(i.ADC_DMAError)
    ADC_DMAHalfConvCplt                      0x08000b63   Thumb Code    14  stm32f1xx_hal_adc.o(i.ADC_DMAHalfConvCplt)
    ADC_Enable                               0x08000b71   Thumb Code   122  stm32f1xx_hal_adc.o(i.ADC_Enable)
    BusFault_Handler                         0x08000bf5   Thumb Code     4  stm32f1xx_it.o(i.BusFault_Handler)
    DMA1_Channel1_IRQHandler                 0x08000bf9   Thumb Code    10  adc.o(i.DMA1_Channel1_IRQHandler)
    DebugMon_Handler                         0x08000c35   Thumb Code     2  stm32f1xx_it.o(i.DebugMon_Handler)
    HAL_ADC_ConfigChannel                    0x08000c39   Thumb Code   338  stm32f1xx_hal_adc.o(i.HAL_ADC_ConfigChannel)
    HAL_ADC_ConvCpltCallback                 0x08000d99   Thumb Code    36  adc.o(i.HAL_ADC_ConvCpltCallback)
    HAL_ADC_ConvHalfCpltCallback             0x08000dcd   Thumb Code     2  stm32f1xx_hal_adc.o(i.HAL_ADC_ConvHalfCpltCallback)
    HAL_ADC_ErrorCallback                    0x08000dcf   Thumb Code     2  stm32f1xx_hal_adc.o(i.HAL_ADC_ErrorCallback)
    HAL_ADC_Init                             0x08000dd1   Thumb Code   340  stm32f1xx_hal_adc.o(i.HAL_ADC_Init)
    HAL_ADC_MspInit                          0x08000f31   Thumb Code     2  stm32f1xx_hal_adc.o(i.HAL_ADC_MspInit)
    HAL_ADC_Start_DMA                        0x08000f35   Thumb Code   362  stm32f1xx_hal_adc.o(i.HAL_ADC_Start_DMA)
    HAL_ADC_Stop_DMA                         0x080010b5   Thumb Code   106  stm32f1xx_hal_adc.o(i.HAL_ADC_Stop_DMA)
    HAL_DMA_Abort                            0x0800111f   Thumb Code    86  stm32f1xx_hal_dma.o(i.HAL_DMA_Abort)
    HAL_DMA_Abort_IT                         0x08001175   Thumb Code   414  stm32f1xx_hal_dma.o(i.HAL_DMA_Abort_IT)
    HAL_DMA_IRQHandler                       0x0800131d   Thumb Code   910  stm32f1xx_hal_dma.o(i.HAL_DMA_IRQHandler)
    HAL_DMA_Init                             0x080016b5   Thumb Code   132  stm32f1xx_hal_dma.o(i.HAL_DMA_Init)
    HAL_DMA_Start_IT                         0x08001741   Thumb Code   156  stm32f1xx_hal_dma.o(i.HAL_DMA_Start_IT)
    HAL_GPIO_Init                            0x080017dd   Thumb Code   792  stm32f1xx_hal_gpio.o(i.HAL_GPIO_Init)
    HAL_GPIO_ReadPin                         0x08001b1d   Thumb Code    16  stm32f1xx_hal_gpio.o(i.HAL_GPIO_ReadPin)
    HAL_GPIO_TogglePin                       0x08001b2d   Thumb Code    20  stm32f1xx_hal_gpio.o(i.HAL_GPIO_TogglePin)
    HAL_GPIO_WritePin                        0x08001b41   Thumb Code    12  stm32f1xx_hal_gpio.o(i.HAL_GPIO_WritePin)
    HAL_GetTick                              0x08001b4d   Thumb Code     6  stm32f1xx_hal.o(i.HAL_GetTick)
    HAL_Init                                 0x08001b59   Thumb Code    34  stm32f1xx_hal.o(i.HAL_Init)
    HAL_InitTick                             0x08001b81   Thumb Code    64  stm32f1xx_hal.o(i.HAL_InitTick)
    HAL_MspInit                              0x08001bcd   Thumb Code     2  stm32f1xx_hal.o(i.HAL_MspInit)
    HAL_NVIC_EnableIRQ                       0x08001bcf   Thumb Code    32  stm32f1xx_hal_cortex.o(i.HAL_NVIC_EnableIRQ)
    HAL_NVIC_SetPriority                     0x08001bef   Thumb Code   124  stm32f1xx_hal_cortex.o(i.HAL_NVIC_SetPriority)
    HAL_NVIC_SetPriorityGrouping             0x08001c6d   Thumb Code    32  stm32f1xx_hal_cortex.o(i.HAL_NVIC_SetPriorityGrouping)
    HAL_RCC_ClockConfig                      0x08001c95   Thumb Code   376  stm32f1xx_hal_rcc.o(i.HAL_RCC_ClockConfig)
    HAL_RCC_GetHCLKFreq                      0x08001e21   Thumb Code     6  stm32f1xx_hal_rcc.o(i.HAL_RCC_GetHCLKFreq)
    HAL_RCC_GetPCLK1Freq                     0x08001e2d   Thumb Code    22  stm32f1xx_hal_rcc.o(i.HAL_RCC_GetPCLK1Freq)
    HAL_RCC_GetPCLK2Freq                     0x08001e4d   Thumb Code    22  stm32f1xx_hal_rcc.o(i.HAL_RCC_GetPCLK2Freq)
    HAL_RCC_GetSysClockFreq                  0x08001e6d   Thumb Code   116  stm32f1xx_hal_rcc.o(i.HAL_RCC_GetSysClockFreq)
    HAL_RCC_OscConfig                        0x08001f01   Thumb Code  1114  stm32f1xx_hal_rcc.o(i.HAL_RCC_OscConfig)
    HAL_SYSTICK_CLKSourceConfig              0x08002365   Thumb Code    40  stm32f1xx_hal_cortex.o(i.HAL_SYSTICK_CLKSourceConfig)
    HAL_SYSTICK_Config                       0x0800238d   Thumb Code    52  stm32f1xx_hal_cortex.o(i.HAL_SYSTICK_Config)
    HAL_TIMEx_BreakCallback                  0x080023c1   Thumb Code     2  stm32f1xx_hal_tim_ex.o(i.HAL_TIMEx_BreakCallback)
    HAL_TIMEx_CommutCallback                 0x080023c3   Thumb Code     2  stm32f1xx_hal_tim_ex.o(i.HAL_TIMEx_CommutCallback)
    HAL_TIM_Base_Init                        0x080023c5   Thumb Code   102  stm32f1xx_hal_tim.o(i.HAL_TIM_Base_Init)
    HAL_TIM_Base_MspInit                     0x0800242d   Thumb Code    58  bldc_tim.o(i.HAL_TIM_Base_MspInit)
    HAL_TIM_Base_Start_IT                    0x0800246d   Thumb Code   122  stm32f1xx_hal_tim.o(i.HAL_TIM_Base_Start_IT)
    HAL_TIM_IC_CaptureCallback               0x080024fd   Thumb Code     2  stm32f1xx_hal_tim.o(i.HAL_TIM_IC_CaptureCallback)
    HAL_TIM_IRQHandler                       0x080024ff   Thumb Code   406  stm32f1xx_hal_tim.o(i.HAL_TIM_IRQHandler)
    HAL_TIM_OC_DelayElapsedCallback          0x08002695   Thumb Code     2  stm32f1xx_hal_tim.o(i.HAL_TIM_OC_DelayElapsedCallback)
    HAL_TIM_PWM_ConfigChannel                0x08002697   Thumb Code   252  stm32f1xx_hal_tim.o(i.HAL_TIM_PWM_ConfigChannel)
    HAL_TIM_PWM_Init                         0x08002793   Thumb Code   102  stm32f1xx_hal_tim.o(i.HAL_TIM_PWM_Init)
    HAL_TIM_PWM_MspInit                      0x080027f9   Thumb Code   378  bldc_tim.o(i.HAL_TIM_PWM_MspInit)
    HAL_TIM_PWM_PulseFinishedCallback        0x08002985   Thumb Code     2  stm32f1xx_hal_tim.o(i.HAL_TIM_PWM_PulseFinishedCallback)
    HAL_TIM_PWM_Start                        0x08002989   Thumb Code   222  stm32f1xx_hal_tim.o(i.HAL_TIM_PWM_Start)
    HAL_TIM_PWM_Stop                         0x08002a7d   Thumb Code   160  stm32f1xx_hal_tim.o(i.HAL_TIM_PWM_Stop)
    HAL_TIM_PeriodElapsedCallback            0x08002b25   Thumb Code  1656  bldc_tim.o(i.HAL_TIM_PeriodElapsedCallback)
    HAL_TIM_TriggerCallback                  0x080031ed   Thumb Code     2  stm32f1xx_hal_tim.o(i.HAL_TIM_TriggerCallback)
    HAL_UART_ErrorCallback                   0x080031ef   Thumb Code     2  stm32f1xx_hal_uart.o(i.HAL_UART_ErrorCallback)
    HAL_UART_IRQHandler                      0x080031f1   Thumb Code   334  stm32f1xx_hal_uart.o(i.HAL_UART_IRQHandler)
    HAL_UART_Init                            0x08003345   Thumb Code   114  stm32f1xx_hal_uart.o(i.HAL_UART_Init)
    HAL_UART_MspInit                         0x080033b9   Thumb Code   168  usart.o(i.HAL_UART_MspInit)
    HAL_UART_Receive_IT                      0x0800346d   Thumb Code   112  stm32f1xx_hal_uart.o(i.HAL_UART_Receive_IT)
    HAL_UART_RxCpltCallback                  0x080034dd   Thumb Code   120  usart.o(i.HAL_UART_RxCpltCallback)
    HAL_UART_Transmit                        0x08003565   Thumb Code   210  stm32f1xx_hal_uart.o(i.HAL_UART_Transmit)
    HAL_UART_TxCpltCallback                  0x08003637   Thumb Code     2  stm32f1xx_hal_uart.o(i.HAL_UART_TxCpltCallback)
    HardFault_Handler                        0x08003639   Thumb Code     4  stm32f1xx_it.o(i.HardFault_Handler)
    MemManage_Handler                        0x0800363d   Thumb Code     4  stm32f1xx_it.o(i.MemManage_Handler)
    NMI_Handler                              0x08003641   Thumb Code     2  stm32f1xx_it.o(i.NMI_Handler)
    SVC_Handler                              0x0800366d   Thumb Code     2  stm32f1xx_it.o(i.SVC_Handler)
    SystemInit                               0x0800366f   Thumb Code     2  system_stm32f1xx.o(i.SystemInit)
    TIM1_UP_IRQHandler                       0x08003671   Thumb Code    10  bldc_tim.o(i.TIM1_UP_IRQHandler)
    TIM2_IRQHandler                          0x08003681   Thumb Code    10  bldc_tim.o(i.TIM2_IRQHandler)
    TIM_Base_SetConfig                       0x08003691   Thumb Code   134  stm32f1xx_hal_tim.o(i.TIM_Base_SetConfig)
    TIM_CCxChannelCmd                        0x0800372d   Thumb Code    34  stm32f1xx_hal_tim.o(i.TIM_CCxChannelCmd)
    TIM_OC2_SetConfig                        0x080037c1   Thumb Code   114  stm32f1xx_hal_tim.o(i.TIM_OC2_SetConfig)
    USART1_IRQHandler                        0x08003bc5   Thumb Code    26  usart.o(i.USART1_IRQHandler)
    UsageFault_Handler                       0x08003be9   Thumb Code     4  stm32f1xx_it.o(i.UsageFault_Handler)
    __0printf                                0x08003bed   Thumb Code    22  printfa.o(i.__0printf)
    __1printf                                0x08003bed   Thumb Code     0  printfa.o(i.__0printf)
    __2printf                                0x08003bed   Thumb Code     0  printfa.o(i.__0printf)
    __c89printf                              0x08003bed   Thumb Code     0  printfa.o(i.__0printf)
    printf                                   0x08003bed   Thumb Code     0  printfa.o(i.__0printf)
    __kernel_poly                            0x08003c45   Thumb Code   170  poly.o(i.__kernel_poly)
    __mathlib_dbl_divzero                    0x08003cf1   Thumb Code    12  dunder.o(i.__mathlib_dbl_divzero)
    __mathlib_dbl_infnan                     0x08003d01   Thumb Code     6  dunder.o(i.__mathlib_dbl_infnan)
    __mathlib_dbl_invalid                    0x08003d07   Thumb Code    12  dunder.o(i.__mathlib_dbl_invalid)
    __scatterload_copy                       0x08003d13   Thumb Code    14  handlers.o(i.__scatterload_copy)
    __scatterload_null                       0x08003d21   Thumb Code     2  handlers.o(i.__scatterload_null)
    __scatterload_zeroinit                   0x08003d23   Thumb Code    14  handlers.o(i.__scatterload_zeroinit)
    __set_errno                              0x08003d31   Thumb Code     6  errno.o(i.__set_errno)
    adc_init                                 0x080045d1   Thumb Code   138  adc.o(i.adc_init)
    adc_nch_dma_init                         0x08004665   Thumb Code   378  adc.o(i.adc_nch_dma_init)
    atim_timx_oc_chy_init                    0x080047f9   Thumb Code   140  bldc_tim.o(i.atim_timx_oc_chy_init)
    bldc_ctrl                                0x08004895   Thumb Code    28  bldc.o(i.bldc_ctrl)
    bldc_init                                0x080048b5   Thumb Code    90  bldc.o(i.bldc_init)
    bldc_speed_stop                          0x08004919   Thumb Code    32  main.o(i.bldc_speed_stop)
    btim_timx_int_init                       0x08004941   Thumb Code    48  bldc_tim.o(i.btim_timx_int_init)
    calc_adc_val                             0x08004975   Thumb Code   102  bldc.o(i.calc_adc_val)
    check_hall_dir                           0x080049e1   Thumb Code   134  bldc.o(i.check_hall_dir)
    crc16_calc                               0x08004a71   Thumb Code    48  debug.o(i.crc16_calc)
    debug_init                               0x08004aa9   Thumb Code    10  debug.o(i.debug_init)
    debug_obj_init                           0x08004ab9   Thumb Code    16  debug.o(i.debug_obj_init)
    debug_receive_ctrl_code                  0x08004ac9   Thumb Code    52  debug.o(i.debug_receive_ctrl_code)
    debug_receive_pid                        0x08004b05   Thumb Code    56  debug.o(i.debug_receive_pid)
    debug_send_current                       0x08004b41   Thumb Code    24  debug.o(i.debug_send_current)
    debug_send_initdata                      0x08004b5d   Thumb Code    82  debug.o(i.debug_send_initdata)
    debug_send_motorcode                     0x08004bb9   Thumb Code    18  debug.o(i.debug_send_motorcode)
    debug_send_motorstate                    0x08004bd1   Thumb Code    16  debug.o(i.debug_send_motorstate)
    debug_send_speed                         0x08004be5   Thumb Code    26  debug.o(i.debug_send_speed)
    debug_send_temp                          0x08004c05   Thumb Code    20  debug.o(i.debug_send_temp)
    debug_send_valtage                       0x08004c1d   Thumb Code    16  debug.o(i.debug_send_valtage)
    debug_send_wave_data                     0x08004c31   Thumb Code    26  debug.o(i.debug_send_wave_data)
    debug_upload_data                        0x08004c51   Thumb Code  1302  debug.o(i.debug_upload_data)
    delay_init                               0x0800516d   Thumb Code    34  delay.o(i.delay_init)
    delay_ms                                 0x08005195   Thumb Code    50  delay.o(i.delay_ms)
    delay_us                                 0x080051cd   Thumb Code    72  delay.o(i.delay_us)
    fputc                                    0x08005219   Thumb Code    24  usart.o(i.fputc)
    get_temp                                 0x08005235   Thumb Code   136  bldc.o(i.get_temp)
    hall_gpio_init                           0x080052d5   Thumb Code   134  bldc.o(i.hall_gpio_init)
    hallsensor_get_state                     0x08005365   Thumb Code    68  bldc.o(i.hallsensor_get_state)
    increment_pid_ctrl                       0x080053b1   Thumb Code   164  pid.o(i.increment_pid_ctrl)
    key_init                                 0x08005455   Thumb Code   172  key.o(i.key_init)
    key_scan                                 0x0800550d   Thumb Code   148  key.o(i.key_scan)
    led_init                                 0x080055ad   Thumb Code   132  led.o(i.led_init)
    log                                      0x0800563d   Thumb Code   808  log.o(i.log)
    m1_uhvl                                  0x08005999   Thumb Code    62  bldc.o(i.m1_uhvl)
    m1_uhwl                                  0x080059e5   Thumb Code    62  bldc.o(i.m1_uhwl)
    m1_vhul                                  0x08005a31   Thumb Code    64  bldc.o(i.m1_vhul)
    m1_vhwl                                  0x08005a7d   Thumb Code    64  bldc.o(i.m1_vhwl)
    m1_whul                                  0x08005ac9   Thumb Code    62  bldc.o(i.m1_whul)
    m1_whvl                                  0x08005b15   Thumb Code    62  bldc.o(i.m1_whvl)
    main                                     0x08005b61   Thumb Code  1334  main.o(i.main)
    pid_init                                 0x0800609d   Thumb Code    94  pid.o(i.pid_init)
    start_motor1                             0x08006129   Thumb Code    38  bldc.o(i.start_motor1)
    stop_motor1                              0x08006159   Thumb Code    96  bldc.o(i.stop_motor1)
    sys_stm32_clock_init                     0x080061c5   Thumb Code    86  sys.o(i.sys_stm32_clock_init)
    uemf_edge                                0x0800621d   Thumb Code    28  bldc.o(i.uemf_edge)
    usart_init                               0x0800623d   Thumb Code    44  usart.o(i.usart_init)
    AHBPrescTable                            0x08006274   Data          16  system_stm32f1xx.o(.constdata)
    APBPrescTable                            0x08006284   Data           8  system_stm32f1xx.o(.constdata)
    hall_table_cw                            0x0800628c   Data           6  bldc.o(.constdata)
    hall_table_ccw                           0x08006292   Data           6  bldc.o(.constdata)
    hall_cw_table                            0x08006298   Data          12  bldc.o(.constdata)
    hall_ccw_table                           0x080062a4   Data          12  bldc.o(.constdata)
    Rp                                       0x080062b0   Data           4  bldc.o(.constdata)
    T2                                       0x080062b4   Data           4  bldc.o(.constdata)
    Bx                                       0x080062b8   Data           4  bldc.o(.constdata)
    Ka                                       0x080062bc   Data           4  bldc.o(.constdata)
    s_crclo                                  0x080063c0   Data         256  debug.o(.constdata)
    __mathlib_zero                           0x080064f8   Data           8  qnan.o(.constdata)
    Region$$Table$$Base                      0x08006500   Number         0  anon$$obj.o(Region$$Table)
    Region$$Table$$Limit                     0x08006520   Number         0  anon$$obj.o(Region$$Table)
    SystemCoreClock                          0x20000000   Data           4  system_stm32f1xx.o(.data)
    __stdout                                 0x20000008   Data           4  usart.o(.data)
    g_usart_rx_sta                           0x2000000c   Data           2  usart.o(.data)
    g_rx_buffer                              0x2000000e   Data           1  usart.o(.data)
    uwTick                                   0x20000010   Data           4  stm32f1xx_hal.o(.data)
    uwTickPrio                               0x20000014   Data           4  stm32f1xx_hal.o(.data)
    uwTickFreq                               0x20000018   Data           1  stm32f1xx_hal.o(.data)
    g_bldc_motor1                            0x2000001c   Data          40  bldc.o(.data)
    pfunclist_m1                             0x20000044   Data          24  bldc.o(.data)
    temp_pwm1                                0x20000064   Data           4  bldc_tim.o(.data)
    temp_pwm2                                0x20000068   Data           4  bldc_tim.o(.data)
    motor_pwm_s                              0x2000006c   Data           4  bldc_tim.o(.data)
    motor_pwm_c                              0x20000070   Data           4  bldc_tim.o(.data)
    motor_pwm_sl                             0x20000074   Data           4  bldc_tim.o(.data)
    adc_amp_offset_p                         0x20000078   Data           1  bldc_tim.o(.data)
    adc_amp                                  0x2000007a   Data           6  bldc_tim.o(.data)
    adc_amp_un                               0x20000080   Data           6  bldc_tim.o(.data)
    adc_amp_bus                              0x20000088   Data           4  bldc_tim.o(.data)
    debug_data_temp                          0x2000008c   Data           4  bldc_tim.o(.data)
    user_setpoint                            0x20000090   Data           4  bldc_tim.o(.data)
    clc                                      0x20000094   Data           1  bldc_tim.o(.data)
    debug_rev_p                              0x20000098   Data           1  debug.o(.data)
    g_usart_rx_buf                           0x200000a8   Data         200  usart.o(.bss)
    g_uart1_handle                           0x20000170   Data          64  usart.o(.bss)
    g_atimx_handle                           0x200001b0   Data          72  bldc_tim.o(.bss)
    g_atimx_oc_chy_handle                    0x200001f8   Data          28  bldc_tim.o(.bss)
    timx_handler                             0x20000214   Data          72  bldc_tim.o(.bss)
    adc_amp_offset                           0x2000025c   Data         306  bldc_tim.o(.bss)
    adc_val_m1                               0x2000038e   Data          10  bldc_tim.o(.bss)
    g_adc_nch_dma_handle                     0x20000398   Data          48  adc.o(.bss)
    g_dma_nch_adc_handle                     0x200003c8   Data          68  adc.o(.bss)
    g_adc_value                              0x2000040c   Data         500  adc.o(.bss)
    g_adc_u_value                            0x20000600   Data          20  adc.o(.bss)
    g_adc_val                                0x20000614   Data          10  adc.o(.bss)
    g_current_pid                            0x20000620   Data          64  pid.o(.bss)
    g_speed_pid                              0x20000660   Data          64  pid.o(.bss)
    debug_rev_data                           0x200006a0   Data          17  debug.o(.bss)
    g_debug                                  0x200006b8   Data         216  debug.o(.bss)
    debug_rev                                0x20000790   Data          24  debug.o(.bss)
    __initial_sp                             0x20000ba8   Data           0  startup_stm32f103xe_1.o(STACK)



==============================================================================

Memory Map of the image

  Image Entry point : 0x08000131

  Load Region LR_IROM1 (Base: 0x08000000, Size: 0x000065c8, Max: 0x00080000, ABSOLUTE)

    Execution Region ER_IROM1 (Base: 0x08000000, Size: 0x00006520, Max: 0x00080000, ABSOLUTE)

    Base Addr    Size         Type   Attr      Idx    E Section Name        Object

    0x08000000   0x00000130   Data   RO            3    RESET               startup_stm32f103xe_1.o
    0x08000130   0x00000000   Code   RO         3813  * .ARM.Collect$$$$00000000  mc_w.l(entry.o)
    0x08000130   0x00000004   Code   RO         4130    .ARM.Collect$$$$00000001  mc_w.l(entry2.o)
    0x08000134   0x00000004   Code   RO         4133    .ARM.Collect$$$$00000004  mc_w.l(entry5.o)
    0x08000138   0x00000000   Code   RO         4135    .ARM.Collect$$$$00000008  mc_w.l(entry7b.o)
    0x08000138   0x00000000   Code   RO         4137    .ARM.Collect$$$$0000000A  mc_w.l(entry8b.o)
    0x08000138   0x00000008   Code   RO         4138    .ARM.Collect$$$$0000000B  mc_w.l(entry9a.o)
    0x08000140   0x00000000   Code   RO         4140    .ARM.Collect$$$$0000000D  mc_w.l(entry10a.o)
    0x08000140   0x00000000   Code   RO         4142    .ARM.Collect$$$$0000000F  mc_w.l(entry11a.o)
    0x08000140   0x00000004   Code   RO         4131    .ARM.Collect$$$$00002712  mc_w.l(entry2.o)
    0x08000144   0x00000024   Code   RO            4    .text               startup_stm32f103xe_1.o
    0x08000168   0x00000024   Code   RO         3816    .text               mc_w.l(memseta.o)
    0x0800018c   0x000000b0   Code   RO         4079    .text               mf_w.l(fadd.o)
    0x0800023c   0x00000064   Code   RO         4081    .text               mf_w.l(fmul.o)
    0x080002a0   0x0000007c   Code   RO         4083    .text               mf_w.l(fdiv.o)
    0x0800031c   0x0000014e   Code   RO         4085    .text               mf_w.l(dadd.o)
    0x0800046a   0x000000e4   Code   RO         4087    .text               mf_w.l(dmul.o)
    0x0800054e   0x000000de   Code   RO         4089    .text               mf_w.l(ddiv.o)
    0x0800062c   0x00000012   Code   RO         4091    .text               mf_w.l(fflti.o)
    0x0800063e   0x0000000a   Code   RO         4093    .text               mf_w.l(ffltui.o)
    0x08000648   0x00000022   Code   RO         4095    .text               mf_w.l(dflti.o)
    0x0800066a   0x0000001a   Code   RO         4097    .text               mf_w.l(dfltui.o)
    0x08000684   0x00000032   Code   RO         4099    .text               mf_w.l(ffixi.o)
    0x080006b6   0x00000028   Code   RO         4101    .text               mf_w.l(ffixui.o)
    0x080006de   0x0000003e   Code   RO         4103    .text               mf_w.l(dfixi.o)
    0x0800071c   0x00000026   Code   RO         4105    .text               mf_w.l(f2d.o)
    0x08000742   0x00000038   Code   RO         4107    .text               mf_w.l(d2f.o)
    0x0800077a   0x00000002   PAD
    0x0800077c   0x00000014   Code   RO         4109    .text               mf_w.l(cfcmple.o)
    0x08000790   0x00000014   Code   RO         4111    .text               mf_w.l(cfrcmple.o)
    0x080007a4   0x0000002c   Code   RO         4144    .text               mc_w.l(uidiv.o)
    0x080007d0   0x00000062   Code   RO         4146    .text               mc_w.l(uldiv.o)
    0x08000832   0x0000001e   Code   RO         4148    .text               mc_w.l(llshl.o)
    0x08000850   0x00000020   Code   RO         4150    .text               mc_w.l(llushr.o)
    0x08000870   0x00000024   Code   RO         4152    .text               mc_w.l(llsshr.o)
    0x08000894   0x00000000   Code   RO         4161    .text               mc_w.l(iusefp.o)
    0x08000894   0x0000006e   Code   RO         4162    .text               mf_w.l(fepilogue.o)
    0x08000902   0x000000ba   Code   RO         4164    .text               mf_w.l(depilogue.o)
    0x080009bc   0x0000002e   Code   RO         4166    .text               mf_w.l(dscalb.o)
    0x080009ea   0x00000030   Code   RO         4168    .text               mf_w.l(dfixul.o)
    0x08000a1a   0x00000002   PAD
    0x08000a1c   0x00000030   Code   RO         4170    .text               mf_w.l(cdcmple.o)
    0x08000a4c   0x00000030   Code   RO         4172    .text               mf_w.l(cdrcmple.o)
    0x08000a7c   0x00000024   Code   RO         4174    .text               mc_w.l(init.o)
    0x08000aa0   0x00000052   Code   RO         2898    i.ADC_ConversionStop_Disable  stm32f1xx_hal_adc.o
    0x08000af2   0x00000052   Code   RO         2899    i.ADC_DMAConvCplt   stm32f1xx_hal_adc.o
    0x08000b44   0x0000001e   Code   RO         2900    i.ADC_DMAError      stm32f1xx_hal_adc.o
    0x08000b62   0x0000000e   Code   RO         2901    i.ADC_DMAHalfConvCplt  stm32f1xx_hal_adc.o
    0x08000b70   0x00000084   Code   RO         2902    i.ADC_Enable        stm32f1xx_hal_adc.o
    0x08000bf4   0x00000004   Code   RO          296    i.BusFault_Handler  stm32f1xx_it.o
    0x08000bf8   0x00000010   Code   RO         3568    i.DMA1_Channel1_IRQHandler  adc.o
    0x08000c08   0x0000002c   Code   RO          977    i.DMA_SetConfig     stm32f1xx_hal_dma.o
    0x08000c34   0x00000002   Code   RO          297    i.DebugMon_Handler  stm32f1xx_it.o
    0x08000c36   0x00000002   PAD
    0x08000c38   0x00000160   Code   RO         2904    i.HAL_ADC_ConfigChannel  stm32f1xx_hal_adc.o
    0x08000d98   0x00000034   Code   RO         3569    i.HAL_ADC_ConvCpltCallback  adc.o
    0x08000dcc   0x00000002   Code   RO         2906    i.HAL_ADC_ConvHalfCpltCallback  stm32f1xx_hal_adc.o
    0x08000dce   0x00000002   Code   RO         2908    i.HAL_ADC_ErrorCallback  stm32f1xx_hal_adc.o
    0x08000dd0   0x00000160   Code   RO         2913    i.HAL_ADC_Init      stm32f1xx_hal_adc.o
    0x08000f30   0x00000002   Code   RO         2916    i.HAL_ADC_MspInit   stm32f1xx_hal_adc.o
    0x08000f32   0x00000002   PAD
    0x08000f34   0x00000180   Code   RO         2920    i.HAL_ADC_Start_DMA  stm32f1xx_hal_adc.o
    0x080010b4   0x0000006a   Code   RO         2923    i.HAL_ADC_Stop_DMA  stm32f1xx_hal_adc.o
    0x0800111e   0x00000056   Code   RO          978    i.HAL_DMA_Abort     stm32f1xx_hal_dma.o
    0x08001174   0x000001a8   Code   RO          979    i.HAL_DMA_Abort_IT  stm32f1xx_hal_dma.o
    0x0800131c   0x00000398   Code   RO          983    i.HAL_DMA_IRQHandler  stm32f1xx_hal_dma.o
    0x080016b4   0x0000008c   Code   RO          984    i.HAL_DMA_Init      stm32f1xx_hal_dma.o
    0x08001740   0x0000009c   Code   RO          988    i.HAL_DMA_Start_IT  stm32f1xx_hal_dma.o
    0x080017dc   0x00000340   Code   RO         1075    i.HAL_GPIO_Init     stm32f1xx_hal_gpio.o
    0x08001b1c   0x00000010   Code   RO         1077    i.HAL_GPIO_ReadPin  stm32f1xx_hal_gpio.o
    0x08001b2c   0x00000014   Code   RO         1078    i.HAL_GPIO_TogglePin  stm32f1xx_hal_gpio.o
    0x08001b40   0x0000000c   Code   RO         1079    i.HAL_GPIO_WritePin  stm32f1xx_hal_gpio.o
    0x08001b4c   0x0000000c   Code   RO          692    i.HAL_GetTick       stm32f1xx_hal.o
    0x08001b58   0x00000028   Code   RO          699    i.HAL_Init          stm32f1xx_hal.o
    0x08001b80   0x0000004c   Code   RO          700    i.HAL_InitTick      stm32f1xx_hal.o
    0x08001bcc   0x00000002   Code   RO          702    i.HAL_MspInit       stm32f1xx_hal.o
    0x08001bce   0x00000020   Code   RO          857    i.HAL_NVIC_EnableIRQ  stm32f1xx_hal_cortex.o
    0x08001bee   0x0000007c   Code   RO          863    i.HAL_NVIC_SetPriority  stm32f1xx_hal_cortex.o
    0x08001c6a   0x00000002   PAD
    0x08001c6c   0x00000028   Code   RO          864    i.HAL_NVIC_SetPriorityGrouping  stm32f1xx_hal_cortex.o
    0x08001c94   0x0000018c   Code   RO         1175    i.HAL_RCC_ClockConfig  stm32f1xx_hal_rcc.o
    0x08001e20   0x0000000c   Code   RO         1180    i.HAL_RCC_GetHCLKFreq  stm32f1xx_hal_rcc.o
    0x08001e2c   0x00000020   Code   RO         1182    i.HAL_RCC_GetPCLK1Freq  stm32f1xx_hal_rcc.o
    0x08001e4c   0x00000020   Code   RO         1183    i.HAL_RCC_GetPCLK2Freq  stm32f1xx_hal_rcc.o
    0x08001e6c   0x00000094   Code   RO         1184    i.HAL_RCC_GetSysClockFreq  stm32f1xx_hal_rcc.o
    0x08001f00   0x00000464   Code   RO         1187    i.HAL_RCC_OscConfig  stm32f1xx_hal_rcc.o
    0x08002364   0x00000028   Code   RO          866    i.HAL_SYSTICK_CLKSourceConfig  stm32f1xx_hal_cortex.o
    0x0800238c   0x00000034   Code   RO          868    i.HAL_SYSTICK_Config  stm32f1xx_hal_cortex.o
    0x080023c0   0x00000002   Code   RO         2631    i.HAL_TIMEx_BreakCallback  stm32f1xx_hal_tim_ex.o
    0x080023c2   0x00000002   Code   RO         2632    i.HAL_TIMEx_CommutCallback  stm32f1xx_hal_tim_ex.o
    0x080023c4   0x00000066   Code   RO         1916    i.HAL_TIM_Base_Init  stm32f1xx_hal_tim.o
    0x0800242a   0x00000002   PAD
    0x0800242c   0x00000040   Code   RO         3460    i.HAL_TIM_Base_MspInit  bldc_tim.o
    0x0800246c   0x00000090   Code   RO         1921    i.HAL_TIM_Base_Start_IT  stm32f1xx_hal_tim.o
    0x080024fc   0x00000002   Code   RO         1950    i.HAL_TIM_IC_CaptureCallback  stm32f1xx_hal_tim.o
    0x080024fe   0x00000196   Code   RO         1964    i.HAL_TIM_IRQHandler  stm32f1xx_hal_tim.o
    0x08002694   0x00000002   Code   RO         1967    i.HAL_TIM_OC_DelayElapsedCallback  stm32f1xx_hal_tim.o
    0x08002696   0x000000fc   Code   RO         1988    i.HAL_TIM_PWM_ConfigChannel  stm32f1xx_hal_tim.o
    0x08002792   0x00000066   Code   RO         1991    i.HAL_TIM_PWM_Init  stm32f1xx_hal_tim.o
    0x080027f8   0x0000018c   Code   RO         3461    i.HAL_TIM_PWM_MspInit  bldc_tim.o
    0x08002984   0x00000002   Code   RO         1994    i.HAL_TIM_PWM_PulseFinishedCallback  stm32f1xx_hal_tim.o
    0x08002986   0x00000002   PAD
    0x08002988   0x000000f4   Code   RO         1996    i.HAL_TIM_PWM_Start  stm32f1xx_hal_tim.o
    0x08002a7c   0x000000a8   Code   RO         1999    i.HAL_TIM_PWM_Stop  stm32f1xx_hal_tim.o
    0x08002b24   0x000006c8   Code   RO         3462    i.HAL_TIM_PeriodElapsedCallback  bldc_tim.o
    0x080031ec   0x00000002   Code   RO         2007    i.HAL_TIM_TriggerCallback  stm32f1xx_hal_tim.o
    0x080031ee   0x00000002   Code   RO         1338    i.HAL_UART_ErrorCallback  stm32f1xx_hal_uart.o
    0x080031f0   0x00000154   Code   RO         1341    i.HAL_UART_IRQHandler  stm32f1xx_hal_uart.o
    0x08003344   0x00000072   Code   RO         1342    i.HAL_UART_Init     stm32f1xx_hal_uart.o
    0x080033b6   0x00000002   PAD
    0x080033b8   0x000000b4   Code   RO          604    i.HAL_UART_MspInit  usart.o
    0x0800346c   0x00000070   Code   RO         1347    i.HAL_UART_Receive_IT  stm32f1xx_hal_uart.o
    0x080034dc   0x00000088   Code   RO          605    i.HAL_UART_RxCpltCallback  usart.o
    0x08003564   0x000000d2   Code   RO         1350    i.HAL_UART_Transmit  stm32f1xx_hal_uart.o
    0x08003636   0x00000002   Code   RO         1353    i.HAL_UART_TxCpltCallback  stm32f1xx_hal_uart.o
    0x08003638   0x00000004   Code   RO          298    i.HardFault_Handler  stm32f1xx_it.o
    0x0800363c   0x00000004   Code   RO          299    i.MemManage_Handler  stm32f1xx_it.o
    0x08003640   0x00000002   Code   RO          300    i.NMI_Handler       stm32f1xx_it.o
    0x08003642   0x00000002   PAD
    0x08003644   0x00000028   Code   RO         1188    i.RCC_Delay         stm32f1xx_hal_rcc.o
    0x0800366c   0x00000002   Code   RO          301    i.SVC_Handler       stm32f1xx_it.o
    0x0800366e   0x00000002   Code   RO          260    i.SystemInit        system_stm32f1xx.o
    0x08003670   0x00000010   Code   RO         3463    i.TIM1_UP_IRQHandler  bldc_tim.o
    0x08003680   0x00000010   Code   RO         3464    i.TIM2_IRQHandler   bldc_tim.o
    0x08003690   0x0000009c   Code   RO         2009    i.TIM_Base_SetConfig  stm32f1xx_hal_tim.o
    0x0800372c   0x00000022   Code   RO         2010    i.TIM_CCxChannelCmd  stm32f1xx_hal_tim.o
    0x0800374e   0x00000002   PAD
    0x08003750   0x00000070   Code   RO         2022    i.TIM_OC1_SetConfig  stm32f1xx_hal_tim.o
    0x080037c0   0x0000007c   Code   RO         2023    i.TIM_OC2_SetConfig  stm32f1xx_hal_tim.o
    0x0800383c   0x00000078   Code   RO         2024    i.TIM_OC3_SetConfig  stm32f1xx_hal_tim.o
    0x080038b4   0x00000054   Code   RO         2025    i.TIM_OC4_SetConfig  stm32f1xx_hal_tim.o
    0x08003908   0x00000014   Code   RO         1355    i.UART_DMAAbortOnError  stm32f1xx_hal_uart.o
    0x0800391c   0x00000020   Code   RO         1365    i.UART_EndRxTransfer  stm32f1xx_hal_uart.o
    0x0800393c   0x00000020   Code   RO         1366    i.UART_EndTransmit_IT  stm32f1xx_hal_uart.o
    0x0800395c   0x000000a0   Code   RO         1368    i.UART_Receive_IT   stm32f1xx_hal_uart.o
    0x080039fc   0x000000fc   Code   RO         1369    i.UART_SetConfig    stm32f1xx_hal_uart.o
    0x08003af8   0x00000060   Code   RO         1370    i.UART_Transmit_IT  stm32f1xx_hal_uart.o
    0x08003b58   0x0000006c   Code   RO         1371    i.UART_WaitOnFlagUntilTimeout  stm32f1xx_hal_uart.o
    0x08003bc4   0x00000024   Code   RO          606    i.USART1_IRQHandler  usart.o
    0x08003be8   0x00000004   Code   RO          302    i.UsageFault_Handler  stm32f1xx_it.o
    0x08003bec   0x00000020   Code   RO         4051    i.__0printf         mc_w.l(printfa.o)
    0x08003c0c   0x00000010   Code   RO          870    i.__NVIC_GetPriorityGrouping  stm32f1xx_hal_cortex.o
    0x08003c1c   0x00000028   Code   RO          871    i.__NVIC_SetPriority  stm32f1xx_hal_cortex.o
    0x08003c44   0x000000aa   Code   RO         4127    i.__kernel_poly     m_ws.l(poly.o)
    0x08003cee   0x00000002   PAD
    0x08003cf0   0x00000010   Code   RO         4113    i.__mathlib_dbl_divzero  m_ws.l(dunder.o)
    0x08003d00   0x00000006   Code   RO         4114    i.__mathlib_dbl_infnan  m_ws.l(dunder.o)
    0x08003d06   0x0000000c   Code   RO         4116    i.__mathlib_dbl_invalid  m_ws.l(dunder.o)
    0x08003d12   0x0000000e   Code   RO         4178    i.__scatterload_copy  mc_w.l(handlers.o)
    0x08003d20   0x00000002   Code   RO         4179    i.__scatterload_null  mc_w.l(handlers.o)
    0x08003d22   0x0000000e   Code   RO         4180    i.__scatterload_zeroinit  mc_w.l(handlers.o)
    0x08003d30   0x0000000c   Code   RO         4156    i.__set_errno       mc_w.l(errno.o)
    0x08003d3c   0x00000164   Code   RO         4058    i._fp_digits        mc_w.l(printfa.o)
    0x08003ea0   0x000006dc   Code   RO         4059    i._printf_core      mc_w.l(printfa.o)
    0x0800457c   0x00000024   Code   RO         4060    i._printf_post_padding  mc_w.l(printfa.o)
    0x080045a0   0x0000002e   Code   RO         4061    i._printf_pre_padding  mc_w.l(printfa.o)
    0x080045ce   0x00000002   PAD
    0x080045d0   0x00000094   Code   RO         3571    i.adc_init          adc.o
    0x08004664   0x00000194   Code   RO         3572    i.adc_nch_dma_init  adc.o
    0x080047f8   0x0000009c   Code   RO         3465    i.atim_timx_oc_chy_init  bldc_tim.o
    0x08004894   0x00000020   Code   RO         3323    i.bldc_ctrl         bldc.o
    0x080048b4   0x00000064   Code   RO         3324    i.bldc_init         bldc.o
    0x08004918   0x00000028   Code   RO           13    i.bldc_speed_stop   main.o
    0x08004940   0x00000034   Code   RO         3466    i.btim_timx_int_init  bldc_tim.o
    0x08004974   0x0000006c   Code   RO         3325    i.calc_adc_val      bldc.o
    0x080049e0   0x00000090   Code   RO         3326    i.check_hall_dir    bldc.o
    0x08004a70   0x00000038   Code   RO         3666    i.crc16_calc        debug.o
    0x08004aa8   0x00000010   Code   RO         3668    i.debug_init        debug.o
    0x08004ab8   0x00000010   Code   RO         3669    i.debug_obj_init    debug.o
    0x08004ac8   0x0000003c   Code   RO         3670    i.debug_receive_ctrl_code  debug.o
    0x08004b04   0x0000003c   Code   RO         3671    i.debug_receive_pid  debug.o
    0x08004b40   0x0000001c   Code   RO         3672    i.debug_send_current  debug.o
    0x08004b5c   0x0000005c   Code   RO         3674    i.debug_send_initdata  debug.o
    0x08004bb8   0x00000018   Code   RO         3675    i.debug_send_motorcode  debug.o
    0x08004bd0   0x00000014   Code   RO         3676    i.debug_send_motorstate  debug.o
    0x08004be4   0x00000020   Code   RO         3678    i.debug_send_speed  debug.o
    0x08004c04   0x00000018   Code   RO         3679    i.debug_send_temp   debug.o
    0x08004c1c   0x00000014   Code   RO         3680    i.debug_send_valtage  debug.o
    0x08004c30   0x00000020   Code   RO         3681    i.debug_send_wave_data  debug.o
    0x08004c50   0x0000051c   Code   RO         3683    i.debug_upload_data  debug.o
    0x0800516c   0x00000028   Code   RO          488    i.delay_init        delay.o
    0x08005194   0x00000038   Code   RO          489    i.delay_ms          delay.o
    0x080051cc   0x0000004c   Code   RO          490    i.delay_us          delay.o
    0x08005218   0x0000001c   Code   RO          610    i.fputc             usart.o
    0x08005234   0x000000a0   Code   RO         3327    i.get_temp          bldc.o
    0x080052d4   0x00000090   Code   RO         3328    i.hall_gpio_init    bldc.o
    0x08005364   0x0000004c   Code   RO         3329    i.hallsensor_get_state  bldc.o
    0x080053b0   0x000000a4   Code   RO         3630    i.increment_pid_ctrl  pid.o
    0x08005454   0x000000b8   Code   RO         3537    i.key_init          key.o
    0x0800550c   0x000000a0   Code   RO         3538    i.key_scan          key.o
    0x080055ac   0x00000090   Code   RO         3299    i.led_init          led.o
    0x0800563c   0x0000035c   Code   RO         3804    i.log               m_ws.l(log.o)
    0x08005998   0x0000004c   Code   RO         3330    i.m1_uhvl           bldc.o
    0x080059e4   0x0000004c   Code   RO         3331    i.m1_uhwl           bldc.o
    0x08005a30   0x0000004c   Code   RO         3332    i.m1_vhul           bldc.o
    0x08005a7c   0x0000004c   Code   RO         3333    i.m1_vhwl           bldc.o
    0x08005ac8   0x0000004c   Code   RO         3334    i.m1_whul           bldc.o
    0x08005b14   0x0000004c   Code   RO         3335    i.m1_whvl           bldc.o
    0x08005b60   0x0000053c   Code   RO           14    i.main              main.o
    0x0800609c   0x0000008c   Code   RO         3631    i.pid_init          pid.o
    0x08006128   0x00000030   Code   RO         3336    i.start_motor1      bldc.o
    0x08006158   0x0000006c   Code   RO         3337    i.stop_motor1       bldc.o
    0x080061c4   0x00000056   Code   RO          537    i.sys_stm32_clock_init  sys.o
    0x0800621a   0x00000002   PAD
    0x0800621c   0x00000020   Code   RO         3338    i.uemf_edge         bldc.o
    0x0800623c   0x00000038   Code   RO          611    i.usart_init        usart.o
    0x08006274   0x00000018   Data   RO          261    .constdata          system_stm32f1xx.o
    0x0800628c   0x00000034   Data   RO         3339    .constdata          bldc.o
    0x080062c0   0x00000200   Data   RO         3685    .constdata          debug.o
    0x080064c0   0x00000038   Data   RO         3805    .constdata          m_ws.l(log.o)
    0x080064f8   0x00000008   Data   RO         4129    .constdata          m_ws.l(qnan.o)
    0x08006500   0x00000020   Data   RO         4176    Region$$Table       anon$$obj.o


    Execution Region RW_IRAM1 (Base: 0x20000000, Size: 0x00000ba8, Max: 0x00010000, ABSOLUTE)

    Base Addr    Size         Type   Attr      Idx    E Section Name        Object

    0x20000000   0x00000004   Data   RW          262    .data               system_stm32f1xx.o
    0x20000004   0x00000002   Data   RW          491    .data               delay.o
    0x20000006   0x00000002   PAD
    0x20000008   0x00000007   Data   RW          613    .data               usart.o
    0x2000000f   0x00000001   PAD
    0x20000010   0x00000009   Data   RW          706    .data               stm32f1xx_hal.o
    0x20000019   0x00000003   PAD
    0x2000001c   0x00000041   Data   RW         3340    .data               bldc.o
    0x2000005d   0x00000003   PAD
    0x20000060   0x00000036   Data   RW         3468    .data               bldc_tim.o
    0x20000096   0x00000001   Data   RW         3539    .data               key.o
    0x20000097   0x00000001   PAD
    0x20000098   0x00000009   Data   RW         3686    .data               debug.o
    0x200000a1   0x00000003   PAD
    0x200000a4   0x00000004   Data   RW         4157    .data               mc_w.l(errno.o)
    0x200000a8   0x00000108   Zero   RW          612    .bss                usart.o
    0x200001b0   0x000001e8   Zero   RW         3467    .bss                bldc_tim.o
    0x20000398   0x00000286   Zero   RW         3573    .bss                adc.o
    0x2000061e   0x00000002   PAD
    0x20000620   0x00000080   Zero   RW         3632    .bss                pid.o
    0x200006a0   0x00000108   Zero   RW         3684    .bss                debug.o
    0x200007a8   0x00000400   Zero   RW            1    STACK               startup_stm32f103xe_1.o


==============================================================================

Image component sizes


      Code (inc. data)   RO Data    RW Data    ZI Data      Debug   Object Name

       620         58          0          0        646       4098   adc.o
      1408        178         52         65          0      13725   bldc.o
      2436        264          0         54        488       7830   bldc_tim.o
      1788        124        512          9        264      14055   debug.o
       172         16          0          2          0       2287   delay.o
       344         24          0          1          0       1966   key.o
       144         12          0          0          0       1123   led.o
      1380        210          0          0          0     502557   main.o
       304         46          0          0        128       3076   pid.o
        36          8        304          0       1024        992   startup_stm32f103xe_1.o
       130         24          0          9          0       6657   stm32f1xx_hal.o
      1540         58          0          0          0      10380   stm32f1xx_hal_adc.o
       344         22          0          0          0      30845   stm32f1xx_hal_cortex.o
      1770         28          0          0          0       6006   stm32f1xx_hal_dma.o
       880         40          0          0          0       4488   stm32f1xx_hal_gpio.o
      1784        110          0          0          0       6880   stm32f1xx_hal_rcc.o
      2056        110          0          0          0      14085   stm32f1xx_hal_tim.o
         4          0          0          0          0       1857   stm32f1xx_hal_tim_ex.o
      1480         10          0          0          0      10975   stm32f1xx_hal_uart.o
        22          0          0          0          0       6991   stm32f1xx_it.o
        86          0          0          0          0        811   sys.o
         2          0         24          4          0       1667   system_stm32f1xx.o
       436         54          0          7        264       5641   usart.o

    ----------------------------------------------------------------------
     19184       1396        924        164       2816     658992   Object Totals
         0          0         32          0          0          0   (incl. Generated)
        18          0          0         13          2          0   (incl. Padding)

    ----------------------------------------------------------------------

      Code (inc. data)   RO Data    RW Data    ZI Data      Debug   Library Member Name

        34          4          0          0          0        204   dunder.o
       860         52         56          0          0        256   log.o
       170          0          0          0          0         96   poly.o
         0          0          8          0          0          0   qnan.o
         0          0          0          0          0          0   entry.o
         0          0          0          0          0          0   entry10a.o
         0          0          0          0          0          0   entry11a.o
         8          4          0          0          0          0   entry2.o
         4          0          0          0          0          0   entry5.o
         0          0          0          0          0          0   entry7b.o
         0          0          0          0          0          0   entry8b.o
         8          4          0          0          0          0   entry9a.o
        12          6          0          4          0         68   errno.o
        30          0          0          0          0          0   handlers.o
        36          8          0          0          0         68   init.o
         0          0          0          0          0          0   iusefp.o
        30          0          0          0          0         68   llshl.o
        36          0          0          0          0         68   llsshr.o
        32          0          0          0          0         68   llushr.o
        36          0          0          0          0        108   memseta.o
      2226         90          0          0          0        444   printfa.o
        44          0          0          0          0         80   uidiv.o
        98          0          0          0          0         92   uldiv.o
        48          0          0          0          0         68   cdcmple.o
        48          0          0          0          0         68   cdrcmple.o
        20          0          0          0          0         68   cfcmple.o
        20          0          0          0          0         68   cfrcmple.o
        56          0          0          0          0         88   d2f.o
       334          0          0          0          0        148   dadd.o
       222          0          0          0          0        100   ddiv.o
       186          0          0          0          0        176   depilogue.o
        62          0          0          0          0         80   dfixi.o
        48          0          0          0          0         68   dfixul.o
        34          0          0          0          0         76   dflti.o
        26          0          0          0          0         76   dfltui.o
       228          0          0          0          0         96   dmul.o
        46          0          0          0          0         80   dscalb.o
        38          0          0          0          0         68   f2d.o
       176          0          0          0          0        140   fadd.o
       124          0          0          0          0         88   fdiv.o
       110          0          0          0          0        168   fepilogue.o
        50          0          0          0          0         68   ffixi.o
        40          0          0          0          0         68   ffixui.o
        18          0          0          0          0         68   fflti.o
        10          0          0          0          0         68   ffltui.o
       100          0          0          0          0         76   fmul.o

    ----------------------------------------------------------------------
      5716        168         64          4          0       3692   Library Totals
         8          0          0          0          0          0   (incl. Padding)

    ----------------------------------------------------------------------

      Code (inc. data)   RO Data    RW Data    ZI Data      Debug   Library Name

      1064         56         64          0          0        556   m_ws.l
      2600        112          0          4          0       1064   mc_w.l
      2044          0          0          0          0       2072   mf_w.l

    ----------------------------------------------------------------------
      5716        168         64          4          0       3692   Library Totals

    ----------------------------------------------------------------------

==============================================================================


      Code (inc. data)   RO Data    RW Data    ZI Data      Debug   

     24900       1564        988        168       2816     653944   Grand Totals
     24900       1564        988        168       2816     653944   ELF Image Totals
     24900       1564        988        168          0          0   ROM Totals

==============================================================================

    Total RO  Size (Code + RO Data)                25888 (  25.28kB)
    Total RW  Size (RW Data + ZI Data)              2984 (   2.91kB)
    Total ROM Size (Code + RO Data + RW Data)      26056 (  25.45kB)

==============================================================================

