Component: ARM Compiler 5.05 update 1 (build 106) Tool: armlink [4d0efa]

==============================================================================

Section Cross References

    main.o(i.main) refers to misc.o(i.NVIC_PriorityGroupConfig) for NVIC_PriorityGroupConfig
    main.o(i.main) refers to delay.o(i.delay_init) for delay_init
    main.o(i.main) refers to usart.o(i.uart_init) for uart_init
    main.o(i.main) refers to led.o(i.LED_Init) for LED_Init
    main.o(i.main) refers to key.o(i.KEY_Init) for KEY_Init
    main.o(i.main) refers to beep.o(i.BEEP_Init) for BEEP_Init
    main.o(i.main) refers to malloc.o(i.my_mem_init) for my_mem_init
    main.o(i.main) refers to distance.o(i.Distance_Init) for Distance_Init
    main.o(i.main) refers to usart.o(i.USART2_Init) for USART2_Init
    main.o(i.main) refers to usart.o(i.USART3_Init) for USART3_Init
    main.o(i.main) refers to motor.o(i.Motor_PWM_Init) for Motor_PWM_Init
    main.o(i.main) refers to oled.o(i.OLED_Init) for OLED_Init
    main.o(i.main) refers to key.o(i.KEY_Scan) for KEY_Scan
    main.o(i.main) refers to freertos_demo.o(i.freertos_demo) for freertos_demo
    main.o(i.main) refers to usart.o(.data) for Su03t_Data
    system_stm32f10x.o(i.SystemCoreClockUpdate) refers to system_stm32f10x.o(.data) for .data
    system_stm32f10x.o(i.SystemInit) refers to system_stm32f10x.o(i.SetSysClockTo72) for SetSysClockTo72
    freertos_demo.o(i.Clamp_Ball) refers to motor.o(i.Clamp_Close) for Clamp_Close
    freertos_demo.o(i.Clamp_Ball) refers to tasks.o(i.vTaskDelay) for vTaskDelay
    freertos_demo.o(i.Clamp_Ball) refers to motor.o(i.Elevator_Up) for Elevator_Up
    freertos_demo.o(i.Clamp_Ball) refers to motor.o(i.Clamp_Open) for Clamp_Open
    freertos_demo.o(i.Put_Down_Clamp) refers to motor.o(i.Elevator_Down) for Elevator_Down
    freertos_demo.o(i.freertos_demo) refers to tasks.o(i.xTaskCreate) for xTaskCreate
    freertos_demo.o(i.freertos_demo) refers to tasks.o(i.vTaskStartScheduler) for vTaskStartScheduler
    freertos_demo.o(i.freertos_demo) refers to freertos_demo.o(.data) for .data
    freertos_demo.o(i.freertos_demo) refers to freertos_demo.o(i.start_task) for start_task
    freertos_demo.o(i.start_task) refers to port.o(i.vPortEnterCritical) for vPortEnterCritical
    freertos_demo.o(i.start_task) refers to queue.o(i.xQueueGenericCreate) for xQueueGenericCreate
    freertos_demo.o(i.start_task) refers to __2printf.o(.text) for __2printf
    freertos_demo.o(i.start_task) refers to timers.o(i.xTimerCreate) for xTimerCreate
    freertos_demo.o(i.start_task) refers to event_groups.o(i.xEventGroupCreate) for xEventGroupCreate
    freertos_demo.o(i.start_task) refers to tasks.o(i.xTaskCreate) for xTaskCreate
    freertos_demo.o(i.start_task) refers to tasks.o(i.vTaskDelete) for vTaskDelete
    freertos_demo.o(i.start_task) refers to port.o(i.vPortExitCritical) for vPortExitCritical
    freertos_demo.o(i.start_task) refers to freertos_demo.o(.data) for .data
    freertos_demo.o(i.start_task) refers to freertos_demo.o(i.timer_50ms_callback) for timer_50ms_callback
    freertos_demo.o(i.start_task) refers to freertos_demo.o(i.timer_100ms_callback) for timer_100ms_callback
    freertos_demo.o(i.start_task) refers to freertos_demo.o(i.task1) for task1
    freertos_demo.o(i.start_task) refers to freertos_demo.o(i.task2) for task2
    freertos_demo.o(i.start_task) refers to freertos_demo.o(i.task3) for task3
    freertos_demo.o(i.task1) refers to tasks.o(i.xTaskGetTickCount) for xTaskGetTickCount
    freertos_demo.o(i.task1) refers to timers.o(i.xTimerGenericCommand) for xTimerGenericCommand
    freertos_demo.o(i.task1) refers to event_groups.o(i.xEventGroupWaitBits) for xEventGroupWaitBits
    freertos_demo.o(i.task1) refers to queue.o(i.xQueueGenericSend) for xQueueGenericSend
    freertos_demo.o(i.task1) refers to tasks.o(i.vTaskDelay) for vTaskDelay
    freertos_demo.o(i.task1) refers to freertos_demo.o(.data) for .data
    freertos_demo.o(i.task2) refers to queue.o(i.xQueueGenericReceive) for xQueueGenericReceive
    freertos_demo.o(i.task2) refers to __2printf.o(.text) for __2printf
    freertos_demo.o(i.task2) refers to tasks.o(i.vTaskDelay) for vTaskDelay
    freertos_demo.o(i.task2) refers to freertos_demo.o(.data) for .data
    freertos_demo.o(i.task3) refers to key.o(i.KEY_Scan) for KEY_Scan
    freertos_demo.o(i.task3) refers to __2printf.o(.text) for __2printf
    freertos_demo.o(i.task3) refers to tasks.o(i.vTaskSuspend) for vTaskSuspend
    freertos_demo.o(i.task3) refers to tasks.o(i.vTaskResume) for vTaskResume
    freertos_demo.o(i.task3) refers to tasks.o(i.vTaskDelay) for vTaskDelay
    freertos_demo.o(i.task3) refers to usart.o(.data) for Su03t_Data
    freertos_demo.o(i.task3) refers to freertos_demo.o(.data) for .data
    freertos_demo.o(i.timer_100ms_callback) refers to event_groups.o(i.xEventGroupSetBits) for xEventGroupSetBits
    freertos_demo.o(i.timer_100ms_callback) refers to freertos_demo.o(.data) for .data
[...]
    i.TIM_ARRPreloadConfig                   0x0800129c   Section        0  stm32f10x_tim.o(i.TIM_ARRPreloadConfig)
    i.TIM_ClearITPendingBit                  0x080012b0   Section        0  stm32f10x_tim.o(i.TIM_ClearITPendingBit)
    i.TIM_Cmd                                0x080012b6   Section        0  stm32f10x_tim.o(i.TIM_Cmd)
    i.TIM_CtrlPWMOutputs                     0x080012ca   Section        0  stm32f10x_tim.o(i.TIM_CtrlPWMOutputs)
    i.TIM_GetITStatus                        0x080012e0   Section        0  stm32f10x_tim.o(i.TIM_GetITStatus)
    i.TIM_ITConfig                           0x080012f8   Section        0  stm32f10x_tim.o(i.TIM_ITConfig)
    i.TIM_OC1Init                            0x08001308   Section        0  stm32f10x_tim.o(i.TIM_OC1Init)
    i.TIM_OC1PreloadConfig                   0x08001388   Section        0  stm32f10x_tim.o(i.TIM_OC1PreloadConfig)
    i.TIM_OC2Init                            0x08001394   Section        0  stm32f10x_tim.o(i.TIM_OC2Init)
    i.TIM_OC2PreloadConfig                   0x08001414   Section        0  stm32f10x_tim.o(i.TIM_OC2PreloadConfig)
    i.TIM_OC3Init                            0x08001428   Section        0  stm32f10x_tim.o(i.TIM_OC3Init)
    i.TIM_OC3PreloadConfig                   0x080014a4   Section        0  stm32f10x_tim.o(i.TIM_OC3PreloadConfig)
    i.TIM_OC4Init                            0x080014b0   Section        0  stm32f10x_tim.o(i.TIM_OC4Init)
    i.TIM_OC4PreloadConfig                   0x08001514   Section        0  stm32f10x_tim.o(i.TIM_OC4PreloadConfig)
    i.TIM_TimeBaseInit                       0x08001528   Section        0  stm32f10x_tim.o(i.TIM_TimeBaseInit)
    i.USART1_IRQHandler                      0x080015c4   Section        0  usart.o(i.USART1_IRQHandler)
    i.USART2_IRQHandler                      0x08001628   Section        0  usart.o(i.USART2_IRQHandler)
    i.USART2_Init                            0x08001658   Section        0  usart.o(i.USART2_Init)
    i.USART3_IRQHandler                      0x080016fc   Section        0  usart.o(i.USART3_IRQHandler)
    i.USART3_Init                            0x08001730   Section        0  usart.o(i.USART3_Init)
    i.USART_ClearITPendingBit                0x080017d8   Section        0  stm32f10x_usart.o(i.USART_ClearITPendingBit)
    i.USART_Cmd                              0x080017e4   Section        0  stm32f10x_usart.o(i.USART_Cmd)
    i.USART_GetITStatus                      0x080017f8   Section        0  stm32f10x_usart.o(i.USART_GetITStatus)
    i.USART_ITConfig                         0x08001836   Section        0  stm32f10x_usart.o(i.USART_ITConfig)
    i.USART_Init                             0x08001868   Section        0  stm32f10x_usart.o(i.USART_Init)
    i.USART_ReceiveData                      0x08001914   Section        0  stm32f10x_usart.o(i.USART_ReceiveData)
    i.UsageFault_Handler                     0x0800191c   Section        0  stm32f10x_it.o(i.UsageFault_Handler)
    i._is_digit                              0x0800191e   Section        0  __printf_wp.o(i._is_digit)
    i._sys_exit                              0x0800192c   Section        0  usart.o(i._sys_exit)
    i.delay_init                             0x08001930   Section        0  delay.o(i.delay_init)
    i.delay_ms                               0x08001978   Section        0  delay.o(i.delay_ms)
    i.delay_us                               0x080019b4   Section        0  delay.o(i.delay_us)
    i.fputc                                  0x080019e8   Section        0  usart.o(i.fputc)
    i.freertos_demo                          0x08001a00   Section        0  freertos_demo.o(i.freertos_demo)
    i.main                                   0x08001a34   Section        0  main.o(i.main)
    i.my_mem_init                            0x08001a9c   Section        0  malloc.o(i.my_mem_init)
    i.my_mem_perused                         0x08001ad8   Section        0  malloc.o(i.my_mem_perused)
    i.mymemset                               0x08001b10   Section        0  malloc.o(i.mymemset)
    i.prvAddCurrentTaskToDelayedList         0x08001b1c   Section        0  tasks.o(i.prvAddCurrentTaskToDelayedList)
    prvAddCurrentTaskToDelayedList           0x08001b1d   Thumb Code   108  tasks.o(i.prvAddCurrentTaskToDelayedList)
    i.prvAddNewTaskToReadyList               0x08001b90   Section        0  tasks.o(i.prvAddNewTaskToReadyList)
    prvAddNewTaskToReadyList                 0x08001b91   Thumb Code   192  tasks.o(i.prvAddNewTaskToReadyList)
    i.prvCheckForValidListAndQueue           0x08001c60   Section        0  timers.o(i.prvCheckForValidListAndQueue)
    prvCheckForValidListAndQueue             0x08001c61   Thumb Code    62  timers.o(i.prvCheckForValidListAndQueue)
    i.prvCheckTasksWaitingTermination        0x08001cb0   Section        0  tasks.o(i.prvCheckTasksWaitingTermination)
    prvCheckTasksWaitingTermination          0x08001cb1   Thumb Code    74  tasks.o(i.prvCheckTasksWaitingTermination)
    i.prvCopyDataFromQueue                   0x08001d04   Section        0  queue.o(i.prvCopyDataFromQueue)
    prvCopyDataFromQueue                     0x08001d05   Thumb Code    38  queue.o(i.prvCopyDataFromQueue)
    i.prvCopyDataToQueue                     0x08001d2a   Section        0  queue.o(i.prvCopyDataToQueue)
    prvCopyDataToQueue                       0x08001d2b   Thumb Code   108  queue.o(i.prvCopyDataToQueue)
    i.prvDeleteTCB                           0x08001d96   Section        0  tasks.o(i.prvDeleteTCB)
    prvDeleteTCB                             0x08001d97   Thumb Code    20  tasks.o(i.prvDeleteTCB)
    i.prvHeapInit                            0x08001dac   Section        0  heap_4.o(i.prvHeapInit)
    prvHeapInit                              0x08001dad   Thumb Code    66  heap_4.o(i.prvHeapInit)
    i.prvIdleTask                            0x08001df8   Section        0  tasks.o(i.prvIdleTask)
    prvIdleTask                              0x08001df9   Thumb Code    30  tasks.o(i.prvIdleTask)
    i.prvInitialiseNewTask                   0x08001e20   Section        0  tasks.o(i.prvInitialiseNewTask)
    prvInitialiseNewTask                     0x08001e21   Thumb Code   156  tasks.o(i.prvInitialiseNewTask)
    i.prvInsertBlockIntoFreeList             0x08001ee0   Section        0  heap_4.o(i.prvInsertBlockIntoFreeList)
    prvInsertBlockIntoFreeList               0x08001ee1   Thumb Code    72  heap_4.o(i.prvInsertBlockIntoFreeList)
    i.prvInsertTimerInActiveList             0x08001f2c   Section        0  timers.o(i.prvInsertTimerInActiveList)
    prvInsertTimerInActiveList               0x08001f2d   Thumb Code    54  timers.o(i.prvInsertTimerInActiveList)
    i.prvIsQueueEmpty                        0x08001f68   Section        0  queue.o(i.prvIsQueueEmpty)
    prvIsQueueEmpty                          0x08001f69   Thumb Code    26  queue.o(i.prvIsQueueEmpty)
    i.prvNotifyQueueSetContainer             0x08001f84   Section        0  queue.o(i.prvNotifyQueueSetContainer)
    prvNotifyQueueSetContainer               0x08001f85   Thumb Code   108  queue.o(i.prvNotifyQueueSetContainer)
    i.prvProcessExpiredTimer                 0x08002014   Section        0  timers.o(i.prvProcessExpiredTimer)
    prvProcessExpiredTimer                   0x08002015   Thumb Code    88  timers.o(i.prvProcessExpiredTimer)
    i.prvProcessReceivedCommands             0x08002074   Section        0  timers.o(i.prvProcessReceivedCommands)
    prvProcessReceivedCommands               0x08002075   Thumb Code   206  timers.o(i.prvProcessReceivedCommands)
    i.prvProcessTimerOrBlockTask             0x08002170   Section        0  timers.o(i.prvProcessTimerOrBlockTask)
    prvProcessTimerOrBlockTask               0x08002171   Thumb Code   100  timers.o(i.prvProcessTimerOrBlockTask)
    i.prvResetNextTaskUnblockTime            0x080021dc   Section        0  tasks.o(i.prvResetNextTaskUnblockTime)
    prvResetNextTaskUnblockTime              0x080021dd   Thumb Code    26  tasks.o(i.prvResetNextTaskUnblockTime)
    i.prvSampleTimeNow                       0x080021fc   Section        0  timers.o(i.prvSampleTimeNow)
    prvSampleTimeNow                         0x080021fd   Thumb Code    36  timers.o(i.prvSampleTimeNow)
    i.prvSwitchTimerLists                    0x08002224   Section        0  timers.o(i.prvSwitchTimerLists)
    prvSwitchTimerLists                      0x08002225   Thumb Code   102  timers.o(i.prvSwitchTimerLists)
    i.prvTaskExitError                       0x08002294   Section        0  port.o(i.prvTaskExitError)
    prvTaskExitError                         0x08002295   Thumb Code    34  port.o(i.prvTaskExitError)
    i.prvTaskIsTaskSuspended                 0x080022f8   Section        0  tasks.o(i.prvTaskIsTaskSuspended)
    prvTaskIsTaskSuspended                   0x080022f9   Thumb Code    44  tasks.o(i.prvTaskIsTaskSuspended)
    i.prvTestWaitCondition                   0x0800234c   Section        0  event_groups.o(i.prvTestWaitCondition)
    prvTestWaitCondition                     0x0800234d   Thumb Code    20  event_groups.o(i.prvTestWaitCondition)
    i.prvTimerTask                           0x08002360   Section        0  timers.o(i.prvTimerTask)
    prvTimerTask                             0x08002361   Thumb Code    34  timers.o(i.prvTimerTask)
    i.prvUnlockQueue                         0x08002388   Section        0  queue.o(i.prvUnlockQueue)
    prvUnlockQueue                           0x08002389   Thumb Code   120  queue.o(i.prvUnlockQueue)
    i.pvPortMalloc                           0x08002400   Section        0  heap_4.o(i.pvPortMalloc)
    i.pvTaskIncrementMutexHeldCount          0x08002514   Section        0  tasks.o(i.pvTaskIncrementMutexHeldCount)
    i.pxPortInitialiseStack                  0x0800252c   Section        0  port.o(i.pxPortInitialiseStack)
    i.start_task                             0x08002550   Section        0  freertos_demo.o(i.start_task)
    i.task1                                  0x08002668   Section        0  freertos_demo.o(i.task1)
    i.task2                                  0x080026c0   Section        0  freertos_demo.o(i.task2)
    i.task3                                  0x08002728   Section        0  freertos_demo.o(i.task3)
    i.timer_100ms_callback                   0x0800279c   Section        0  freertos_demo.o(i.timer_100ms_callback)
    i.timer_50ms_callback                    0x080027ac   Section        0  freertos_demo.o(i.timer_50ms_callback)
    i.uart_init                              0x080027b0   Section        0  usart.o(i.uart_init)
    i.uxListRemove                           0x08002854   Section        0  list.o(i.uxListRemove)
    i.uxTaskResetEventItemValue              0x08002878   Section        0  tasks.o(i.uxTaskResetEventItemValue)
    i.vListInitialise                        0x08002890   Section        0  list.o(i.vListInitialise)
    i.vListInitialiseItem                    0x080028a6   Section        0  list.o(i.vListInitialiseItem)
    i.vListInsert                            0x080028ac   Section        0  list.o(i.vListInsert)
    i.vListInsertEnd                         0x080028e0   Section        0  list.o(i.vListInsertEnd)
    i.vPortEnterCritical                     0x080028f8   Section        0  port.o(i.vPortEnterCritical)
    i.vPortExitCritical                      0x08002970   Section        0  port.o(i.vPortExitCritical)
    i.vPortFree                              0x080029d4   Section        0  heap_4.o(i.vPortFree)
    i.vPortSetupTimerInterrupt               0x08002a70   Section        0  port.o(i.vPortSetupTimerInterrupt)
    i.vPortValidateInterruptPriority         0x08002a90   Section        0  port.o(i.vPortValidateInterruptPriority)
    i.vQueueAddToRegistry                    0x08002b1c   Section        0  queue.o(i.vQueueAddToRegistry)
    i.vQueueWaitForMessageRestricted         0x08002b40   Section        0  queue.o(i.vQueueWaitForMessageRestricted)
    i.vTaskDelay                             0x08002b84   Section        0  tasks.o(i.vTaskDelay)
    i.vTaskDelete                            0x08002bf0   Section        0  tasks.o(i.vTaskDelete)
    i.vTaskMissedYield                       0x08002cbc   Section        0  tasks.o(i.vTaskMissedYield)
    i.vTaskPlaceOnEventList                  0x08002cc8   Section        0  tasks.o(i.vTaskPlaceOnEventList)
    i.vTaskPlaceOnEventListRestricted        0x08002d1c   Section        0  tasks.o(i.vTaskPlaceOnEventListRestricted)
    i.vTaskPlaceOnUnorderedEventList         0x08002d78   Section        0  tasks.o(i.vTaskPlaceOnUnorderedEventList)
    i.vTaskPriorityInherit                   0x08002de8   Section        0  tasks.o(i.vTaskPriorityInherit)
    i.vTaskResume                            0x08002e6c   Section        0  tasks.o(i.vTaskResume)
    i.vTaskSetTimeOutState                   0x08002f0c   Section        0  tasks.o(i.vTaskSetTimeOutState)
    i.vTaskStartScheduler                    0x08002f54   Section        0  tasks.o(i.vTaskStartScheduler)
    i.vTaskSuspend                           0x08002fec   Section        0  tasks.o(i.vTaskSuspend)
    i.vTaskSuspendAll                        0x080030bc   Section        0  tasks.o(i.vTaskSuspendAll)
    i.vTaskSwitchContext                     0x080030cc   Section        0  tasks.o(i.vTaskSwitchContext)
    i.xEventGroupCreate                      0x08003168   Section        0  event_groups.o(i.xEventGroupCreate)
    i.xEventGroupSetBits                     0x08003184   Section        0  event_groups.o(i.xEventGroupSetBits)
    i.xEventGroupWaitBits                    0x08003234   Section        0  event_groups.o(i.xEventGroupWaitBits)
    i.xPortStartScheduler                    0x08003354   Section        0  port.o(i.xPortStartScheduler)
    i.xPortSysTickHandler                    0x080033cc   Section        0  port.o(i.xPortSysTickHandler)
    i.xQueueGenericCreate                    0x080033f8   Section        0  queue.o(i.xQueueGenericCreate)
    i.xQueueGenericReceive                   0x08003470   Section        0  queue.o(i.xQueueGenericReceive)
    i.xQueueGenericReset                     0x080035fc   Section        0  queue.o(i.xQueueGenericReset)
    i.xQueueGenericSend                      0x080036a4   Section        0  queue.o(i.xQueueGenericSend)
    i.xQueueGenericSendFromISR               0x08003830   Section        0  queue.o(i.xQueueGenericSendFromISR)
    i.xTaskCheckForTimeOut                   0x08003910   Section        0  tasks.o(i.xTaskCheckForTimeOut)
    i.xTaskCreate                            0x0800399c   Section        0  tasks.o(i.xTaskCreate)
    i.xTaskGetSchedulerState                 0x080039f4   Section        0  tasks.o(i.xTaskGetSchedulerState)
    i.xTaskGetTickCount                      0x08003a10   Section        0  tasks.o(i.xTaskGetTickCount)
    i.xTaskIncrementTick                     0x08003a28   Section        0  tasks.o(i.xTaskIncrementTick)
    i.xTaskPriorityDisinherit                0x08003b14   Section        0  tasks.o(i.xTaskPriorityDisinherit)
    i.xTaskRemoveFromEventList               0x08003bc8   Section        0  tasks.o(i.xTaskRemoveFromEventList)
    i.xTaskRemoveFromUnorderedEventList      0x08003c60   Section        0  tasks.o(i.xTaskRemoveFromUnorderedEventList)
    i.xTaskResumeAll                         0x08003cf8   Section        0  tasks.o(i.xTaskResumeAll)
    i.xTimerCreate                           0x08003ddc   Section        0  timers.o(i.xTimerCreate)
    i.xTimerCreateTimerTask                  0x08003e50   Section        0  timers.o(i.xTimerCreateTimerTask)
    i.xTimerGenericCommand                   0x08003ec4   Section        0  timers.o(i.xTimerGenericCommand)
    .constdata                               0x08003f54   Section       24  malloc.o(.constdata)
    .constdata                               0x08003f6c   Section       17  __printf_flags_ss_wp.o(.constdata)
    maptable                                 0x08003f6c   Data          17  __printf_flags_ss_wp.o(.constdata)
    .data                                    0x20000000   Section       20  system_stm32f10x.o(.data)
    .data                                    0x20000014   Section       32  freertos_demo.o(.data)
    .data                                    0x20000038   Section        8  timer.o(.data)
    .data                                    0x20000040   Section        1  key.o(.data)
    key_up                                   0x20000040   Data           1  key.o(.data)
    .data                                    0x20000042   Section        4  delay.o(.data)
    fac_us                                   0x20000042   Data           1  delay.o(.data)
    fac_ms                                   0x20000044   Data           2  delay.o(.data)
    .data                                    0x20000046   Section       23  usart.o(.data)
    BlueRxCounter                            0x20000047   Data           1  usart.o(.data)
    BlueRxState                              0x20000048   Data           1  usart.o(.data)
    OpenmvRxState                            0x20000049   Data           1  usart.o(.data)
    BlueRxCounter                            0x2000004a   Data           1  usart.o(.data)
    BlueRxState                              0x2000004b   Data           1  usart.o(.data)
    .data                                    0x20000060   Section        4  usart.o(.data)
    .data                                    0x20000064   Section       20  stm32f10x_rcc.o(.data)
    ADCPrescTable                            0x20000064   Data           4  stm32f10x_rcc.o(.data)
    APBAHBPrescTable                         0x20000068   Data          16  stm32f10x_rcc.o(.data)
    .data                                    0x20000078   Section       28  malloc.o(.data)
    .data                                    0x20000094   Section       64  tasks.o(.data)
    xTickCount                               0x20000094   Data           2  tasks.o(.data)
    xNextTaskUnblockTime                     0x20000096   Data           2  tasks.o(.data)
    uxDeletedTasksWaitingCleanUp             0x2000009c   Data           4  tasks.o(.data)
    uxCurrentNumberOfTasks                   0x200000a0   Data           4  tasks.o(.data)
    uxTopReadyPriority                       0x200000a4   Data           4  tasks.o(.data)
    xSchedulerRunning                        0x200000a8   Data           4  tasks.o(.data)
    uxPendedTicks                            0x200000ac   Data           4  tasks.o(.data)
    xYieldPending                            0x200000b0   Data           4  tasks.o(.data)
    xNumOfOverflows                          0x200000b4   Data           4  tasks.o(.data)
    uxTaskNumber                             0x200000b8   Data           4  tasks.o(.data)
    xIdleTaskHandle                          0x200000bc   Data           4  tasks.o(.data)
    uxSchedulerSuspended                     0x200000c0   Data           4  tasks.o(.data)
    ulTaskSwitchedInTime                     0x200000c4   Data           4  tasks.o(.data)
    ulTotalRunTime                           0x200000c8   Data           4  tasks.o(.data)
    pxDelayedTaskList                        0x200000cc   Data           4  tasks.o(.data)
    pxOverflowDelayedTaskList                0x200000d0   Data           4  tasks.o(.data)
    .data                                    0x200000d4   Section       20  timers.o(.data)
    xLastTime                                0x200000d4   Data           2  timers.o(.data)
    xTimerQueue                              0x200000d8   Data           4  timers.o(.data)
    xTimerTaskHandle                         0x200000dc   Data           4  timers.o(.data)
    pxCurrentTimerList                       0x200000e0   Data           4  timers.o(.data)
    pxOverflowTimerList                      0x200000e4   Data           4  timers.o(.data)
    .data                                    0x200000e8   Section       24  heap_4.o(.data)
    pxEnd                                    0x200000e8   Data           4  heap_4.o(.data)
    xFreeBytesRemaining                      0x200000ec   Data           4  heap_4.o(.data)
    xMinimumEverFreeBytesRemaining           0x200000f0   Data           4  heap_4.o(.data)
    xBlockAllocatedBit                       0x200000f4   Data           4  heap_4.o(.data)
    xStart                                   0x200000f8   Data           8  heap_4.o(.data)
    .data                                    0x20000100   Section       12  port.o(.data)
    ucMaxSysCallPriority                     0x20000100   Data           1  port.o(.data)
    uxCriticalNesting                        0x20000104   Data           4  port.o(.data)
    ulMaxPRIGROUPValue                       0x20000108   Data           4  port.o(.data)
    .bss                                     0x2000010c   Section     1024  oled.o(.bss)
    .bss                                     0x2000050c   Section      214  usart.o(.bss)
    .bss                                     0x20000600   Section    20480  malloc.o(.bss)
    .bss                                     0x20005600   Section     1280  malloc.o(.bss)
    .bss                                     0x20005b00   Section       64  queue.o(.bss)
    .bss                                     0x20005b40   Section      740  tasks.o(.bss)
    pxReadyTasksLists                        0x20005b40   Data         640  tasks.o(.bss)
    xDelayedTaskList1                        0x20005dc0   Data          20  tasks.o(.bss)
    xDelayedTaskList2                        0x20005dd4   Data          20  tasks.o(.bss)
    xPendingReadyList                        0x20005de8   Data          20  tasks.o(.bss)
    xTasksWaitingTermination                 0x20005dfc   Data          20  tasks.o(.bss)
    xSuspendedTaskList                       0x20005e10   Data          20  tasks.o(.bss)
    .bss                                     0x20005e24   Section       40  timers.o(.bss)
    xActiveTimerList1                        0x20005e24   Data          20  timers.o(.bss)
    xActiveTimerList2                        0x20005e38   Data          20  timers.o(.bss)
    .bss                                     0x20005e4c   Section    20480  heap_4.o(.bss)
    ucHeap                                   0x20005e4c   Data       20480  heap_4.o(.bss)
    .bss                                     0x2000ae4c   Section       96  libspace.o(.bss)
    HEAP                                     0x2000aeb0   Section      512  startup_stm32f10x_hd.o(HEAP)
    Heap_Mem                                 0x2000aeb0   Data         512  startup_stm32f10x_hd.o(HEAP)
    STACK                                    0x2000b0b0   Section     1024  startup_stm32f10x_hd.o(STACK)
    Stack_Mem                                0x2000b0b0   Data        1024  startup_stm32f10x_hd.o(STACK)
    __initial_sp                             0x2000b4b0   Data           0  startup_stm32f10x_hd.o(STACK)
    .ARM.__AT_0x68000000                     0x68000000   Section       32  malloc.o(.ARM.__AT_0x68000000)
    .ARM.__AT_0x68000020                     0x68000020   Section        2  malloc.o(.ARM.__AT_0x68000020)

    Global Symbols

    Symbol Name                              Value     Ov Type        Size  Object(Section)

    BuildAttributes$$THM_ISAv4$P$D$K$B$S$PE$A:L22UL41UL21$X:L11$S22US41US21$IEEE1$IW$USESV6$~STKCKD$USESV7$~SHL$OTIME$ROPI$IEEEX$EBA8$UX$STANDARDLIB$REQ8$PRES8$EABIv2 0x00000000   Number         0  anon$$obj.o ABSOLUTE
    __ARM_use_no_argv                        0x00000000   Number         0  main.o ABSOLUTE
    _printf_flags                            0x00000000   Number         0  printf_stubs.o ABSOLUTE
    _printf_return_value                     0x00000000   Number         0  printf_stubs.o ABSOLUTE
    _printf_sizespec                         0x00000000   Number         0  printf_stubs.o ABSOLUTE
    _printf_widthprec                        0x00000000   Number         0  printf_stubs.o ABSOLUTE
    __ARM_exceptions_init                     - Undefined Weak Reference
    __alloca_initialize                       - Undefined Weak Reference
    __arm_preinit_                            - Undefined Weak Reference
    __cpp_initialize__aeabi_                  - Undefined Weak Reference
    __cxa_finalize                            - Undefined Weak Reference
    __sigvec_lookup                           - Undefined Weak Reference
    _atexit_init                              - Undefined Weak Reference
    _call_atexit_fns                          - Undefined Weak Reference
    _clock_init                               - Undefined Weak Reference
    _fp_trap_init                             - Undefined Weak Reference
    _fp_trap_shutdown                         - Undefined Weak Reference
    _get_lc_collate                           - Undefined Weak Reference
    _get_lc_monetary                          - Undefined Weak Reference
    _get_lc_time                              - Undefined Weak Reference
    _getenv_init                              - Undefined Weak Reference
    _handle_redirection                       - Undefined Weak Reference
    _init_alloc                               - Undefined Weak Reference
    _init_user_alloc                          - Undefined Weak Reference
    _initio                                   - Undefined Weak Reference
    _mutex_acquire                            - Undefined Weak Reference
    _mutex_release                            - Undefined Weak Reference
    _printf_mbtowc                            - Undefined Weak Reference
    _printf_wc                                - Undefined Weak Reference
    _rand_init                                - Undefined Weak Reference
    _signal_finish                            - Undefined Weak Reference
    _signal_init                              - Undefined Weak Reference
    _terminate_alloc                          - Undefined Weak Reference
    _terminate_user_alloc                     - Undefined Weak Reference
    _terminateio                              - Undefined Weak Reference
    __Vectors_Size                           0x00000130   Number         0  startup_stm32f10x_hd.o ABSOLUTE
    __Vectors                                0x08000000   Data           4  startup_stm32f10x_hd.o(RESET)
    __Vectors_End                            0x08000130   Data           0  startup_stm32f10x_hd.o(RESET)
    __main                                   0x08000131   Thumb Code     8  __main.o(!!!main)
    __scatterload                            0x08000139   Thumb Code     0  __scatter.o(!!!scatter)
    __scatterload_rt2                        0x08000139   Thumb Code    44  __scatter.o(!!!scatter)
    __scatterload_rt2_thumb_only             0x08000139   Thumb Code     0  __scatter.o(!!!scatter)
    __scatterload_null                       0x08000147   Thumb Code     0  __scatter.o(!!!scatter)
    __scatterload_copy                       0x0800016d   Thumb Code    26  __scatter_copy.o(!!handler_copy)
    __scatterload_zeroinit                   0x08000189   Thumb Code    28  __scatter_zi.o(!!handler_zi)
    _printf_d                                0x080001a5   Thumb Code     0  _printf_d.o(.ARM.Collect$$_printf_percent$$00000009)
    _printf_percent                          0x080001a5   Thumb Code     0  _printf_percent.o(.ARM.Collect$$_printf_percent$$00000000)
    _printf_s                                0x080001ab   Thumb Code     0  _printf_s.o(.ARM.Collect$$_printf_percent$$00000014)
    _printf_percent_end                      0x080001b1   Thumb Code     0  _printf_percent_end.o(.ARM.Collect$$_printf_percent$$00000017)
    __rt_lib_init                            0x080001b5   Thumb Code     0  libinit.o(.ARM.Collect$$libinit$$00000000)
    __rt_lib_init_alloca_1                   0x080001b7   Thumb Code     0  libinit2.o(.ARM.Collect$$libinit$$0000002E)
    __rt_lib_init_argv_1                     0x080001b7   Thumb Code     0  libinit2.o(.ARM.Collect$$libinit$$0000002C)
    __rt_lib_init_atexit_1                   0x080001b7   Thumb Code     0  libinit2.o(.ARM.Collect$$libinit$$0000001B)
    __rt_lib_init_clock_1                    0x080001b7   Thumb Code     0  libinit2.o(.ARM.Collect$$libinit$$00000021)
    __rt_lib_init_cpp_1                      0x080001b7   Thumb Code     0  libinit2.o(.ARM.Collect$$libinit$$00000032)
    __rt_lib_init_exceptions_1               0x080001b7   Thumb Code     0  libinit2.o(.ARM.Collect$$libinit$$00000030)
    __rt_lib_init_fp_1                       0x080001b7   Thumb Code     0  libinit2.o(.ARM.Collect$$libinit$$00000002)
    __rt_lib_init_fp_trap_1                  0x080001b7   Thumb Code     0  libinit2.o(.ARM.Collect$$libinit$$0000001F)
    __rt_lib_init_getenv_1                   0x080001b7   Thumb Code     0  libinit2.o(.ARM.Collect$$libinit$$00000023)
    __rt_lib_init_heap_1                     0x080001b7   Thumb Code     0  libinit2.o(.ARM.Collect$$libinit$$0000000A)
    __rt_lib_init_lc_collate_1               0x080001b7   Thumb Code     0  libinit2.o(.ARM.Collect$$libinit$$00000011)
    __rt_lib_init_lc_ctype_1                 0x080001b7   Thumb Code     0  libinit2.o(.ARM.Collect$$libinit$$00000013)
    __rt_lib_init_lc_monetary_1              0x080001b7   Thumb Code     0  libinit2.o(.ARM.Collect$$libinit$$00000015)
    __rt_lib_init_lc_numeric_1               0x080001b7   Thumb Code     0  libinit2.o(.ARM.Collect$$libinit$$00000017)
    __rt_lib_init_lc_time_1                  0x080001b7   Thumb Code     0  libinit2.o(.ARM.Collect$$libinit$$00000019)
    __rt_lib_init_preinit_1                  0x080001b7   Thumb Code     0  libinit2.o(.ARM.Collect$$libinit$$00000004)
    __rt_lib_init_rand_1                     0x080001b7   Thumb Code     0  libinit2.o(.ARM.Collect$$libinit$$0000000E)
    __rt_lib_init_return                     0x080001b7   Thumb Code     0  libinit2.o(.ARM.Collect$$libinit$$00000033)
    __rt_lib_init_signal_1                   0x080001b7   Thumb Code     0  libinit2.o(.ARM.Collect$$libinit$$0000001D)
    __rt_lib_init_stdio_1                    0x080001b7   Thumb Code     0  libinit2.o(.ARM.Collect$$libinit$$00000025)
    __rt_lib_init_user_alloc_1               0x080001b7   Thumb Code     0  libinit2.o(.ARM.Collect$$libinit$$0000000C)
    __rt_lib_shutdown                        0x080001b9   Thumb Code     0  libshutdown.o(.ARM.Collect$$libshutdown$$00000000)
    __rt_lib_shutdown_fp_trap_1              0x080001bb   Thumb Code     0  libshutdown2.o(.ARM.Collect$$libshutdown$$00000006)
    __rt_lib_shutdown_heap_1                 0x080001bb   Thumb Code     0  libshutdown2.o(.ARM.Collect$$libshutdown$$0000000E)
    __rt_lib_shutdown_return                 0x080001bb   Thumb Code     0  libshutdown2.o(.ARM.Collect$$libshutdown$$0000000F)
    __rt_lib_shutdown_signal_1               0x080001bb   Thumb Code     0  libshutdown2.o(.ARM.Collect$$libshutdown$$00000009)
    __rt_lib_shutdown_stdio_1                0x080001bb   Thumb Code     0  libshutdown2.o(.ARM.Collect$$libshutdown$$00000003)
    __rt_lib_shutdown_user_alloc_1           0x080001bb   Thumb Code     0  libshutdown2.o(.ARM.Collect$$libshutdown$$0000000B)
    __rt_entry                               0x080001bd   Thumb Code     0  __rtentry.o(.ARM.Collect$$rtentry$$00000000)
    __rt_entry_presh_1                       0x080001bd   Thumb Code     0  __rtentry2.o(.ARM.Collect$$rtentry$$00000002)
    __rt_entry_sh                            0x080001bd   Thumb Code     0  __rtentry4.o(.ARM.Collect$$rtentry$$00000004)
    __rt_entry_li                            0x080001c3   Thumb Code     0  __rtentry2.o(.ARM.Collect$$rtentry$$0000000A)
    __rt_entry_postsh_1                      0x080001c3   Thumb Code     0  __rtentry2.o(.ARM.Collect$$rtentry$$00000009)
    __rt_entry_main                          0x080001c7   Thumb Code     0  __rtentry2.o(.ARM.Collect$$rtentry$$0000000D)
    __rt_entry_postli_1                      0x080001c7   Thumb Code     0  __rtentry2.o(.ARM.Collect$$rtentry$$0000000C)
    __rt_exit                                0x080001cf   Thumb Code     0  rtexit.o(.ARM.Collect$$rtexit$$00000000)
    __rt_exit_ls                             0x080001d1   Thumb Code     0  rtexit2.o(.ARM.Collect$$rtexit$$00000003)
    __rt_exit_prels_1                        0x080001d1   Thumb Code     0  rtexit2.o(.ARM.Collect$$rtexit$$00000002)
    __rt_exit_exit                           0x080001d5   Thumb Code     0  rtexit2.o(.ARM.Collect$$rtexit$$00000004)
    SVC_Handler                              0x080001dd   Thumb Code    32  port.o(.emb_text)
    __asm___6_port_c_39a90d8d__prvStartFirstTask 0x08000201   Thumb Code    28  port.o(.emb_text)
    PendSV_Handler                           0x08000221   Thumb Code    72  port.o(.emb_text)
    vPortGetIPSR                             0x0800026d   Thumb Code     6  port.o(.emb_text)
    Reset_Handler                            0x08000275   Thumb Code     8  startup_stm32f10x_hd.o(.text)
    ADC1_2_IRQHandler                        0x0800028f   Thumb Code     0  startup_stm32f10x_hd.o(.text)
    ADC3_IRQHandler                          0x0800028f   Thumb Code     0  startup_stm32f10x_hd.o(.text)
    CAN1_RX1_IRQHandler                      0x0800028f   Thumb Code     0  startup_stm32f10x_hd.o(.text)
    CAN1_SCE_IRQHandler                      0x0800028f   Thumb Code     0  startup_stm32f10x_hd.o(.text)
    DMA1_Channel1_IRQHandler                 0x0800028f   Thumb Code     0  startup_stm32f10x_hd.o(.text)
    DMA1_Channel2_IRQHandler                 0x0800028f   Thumb Code     0  startup_stm32f10x_hd.o(.text)
    DMA1_Channel3_IRQHandler                 0x0800028f   Thumb Code     0  startup_stm32f10x_hd.o(.text)
    DMA1_Channel4_IRQHandler                 0x0800028f   Thumb Code     0  startup_stm32f10x_hd.o(.text)
    DMA1_Channel5_IRQHandler                 0x0800028f   Thumb Code     0  startup_stm32f10x_hd.o(.text)
    DMA1_Channel6_IRQHandler                 0x0800028f   Thumb Code     0  startup_stm32f10x_hd.o(.text)
    DMA1_Channel7_IRQHandler                 0x0800028f   Thumb Code     0  startup_stm32f10x_hd.o(.text)
    DMA2_Channel1_IRQHandler                 0x0800028f   Thumb Code     0  startup_stm32f10x_hd.o(.text)
    DMA2_Channel2_IRQHandler                 0x0800028f   Thumb Code     0  startup_stm32f10x_hd.o(.text)
    DMA2_Channel3_IRQHandler                 0x0800028f   Thumb Code     0  startup_stm32f10x_hd.o(.text)
    DMA2_Channel4_5_IRQHandler               0x0800028f   Thumb Code     0  startup_stm32f10x_hd.o(.text)
    EXTI0_IRQHandler                         0x0800028f   Thumb Code     0  startup_stm32f10x_hd.o(.text)
    EXTI15_10_IRQHandler                     0x0800028f   Thumb Code     0  startup_stm32f10x_hd.o(.text)
    EXTI1_IRQHandler                         0x0800028f   Thumb Code     0  startup_stm32f10x_hd.o(.text)
    EXTI2_IRQHandler                         0x0800028f   Thumb Code     0  startup_stm32f10x_hd.o(.text)
    EXTI3_IRQHandler                         0x0800028f   Thumb Code     0  startup_stm32f10x_hd.o(.text)
    EXTI4_IRQHandler                         0x0800028f   Thumb Code     0  startup_stm32f10x_hd.o(.text)
    EXTI9_5_IRQHandler                       0x0800028f   Thumb Code     0  startup_stm32f10x_hd.o(.text)
    FLASH_IRQHandler                         0x0800028f   Thumb Code     0  startup_stm32f10x_hd.o(.text)
    FSMC_IRQHandler                          0x0800028f   Thumb Code     0  startup_stm32f10x_hd.o(.text)
    I2C1_ER_IRQHandler                       0x0800028f   Thumb Code     0  startup_stm32f10x_hd.o(.text)
    I2C1_EV_IRQHandler                       0x0800028f   Thumb Code     0  startup_stm32f10x_hd.o(.text)
    I2C2_ER_IRQHandler                       0x0800028f   Thumb Code     0  startup_stm32f10x_hd.o(.text)
    I2C2_EV_IRQHandler                       0x0800028f   Thumb Code     0  startup_stm32f10x_hd.o(.text)
    PVD_IRQHandler                           0x0800028f   Thumb Code     0  startup_stm32f10x_hd.o(.text)
    RCC_IRQHandler                           0x0800028f   Thumb Code     0  startup_stm32f10x_hd.o(.text)
    RTCAlarm_IRQHandler                      0x0800028f   Thumb Code     0  startup_stm32f10x_hd.o(.text)
    RTC_IRQHandler                           0x0800028f   Thumb Code     0  startup_stm32f10x_hd.o(.text)
    SDIO_IRQHandler                          0x0800028f   Thumb Code     0  startup_stm32f10x_hd.o(.text)
    SPI1_IRQHandler                          0x0800028f   Thumb Code     0  startup_stm32f10x_hd.o(.text)
    SPI2_IRQHandler                          0x0800028f   Thumb Code     0  startup_stm32f10x_hd.o(.text)
    SPI3_IRQHandler                          0x0800028f   Thumb Code     0  startup_stm32f10x_hd.o(.text)
    TAMPER_IRQHandler                        0x0800028f   Thumb Code     0  startup_stm32f10x_hd.o(.text)
    TIM1_BRK_IRQHandler                      0x0800028f   Thumb Code     0  startup_stm32f10x_hd.o(.text)
    TIM1_CC_IRQHandler                       0x0800028f   Thumb Code     0  startup_stm32f10x_hd.o(.text)
    TIM1_TRG_COM_IRQHandler                  0x0800028f   Thumb Code     0  startup_stm32f10x_hd.o(.text)
    TIM1_UP_IRQHandler                       0x0800028f   Thumb Code     0  startup_stm32f10x_hd.o(.text)
    TIM2_IRQHandler                          0x0800028f   Thumb Code     0  startup_stm32f10x_hd.o(.text)
    TIM4_IRQHandler                          0x0800028f   Thumb Code     0  startup_stm32f10x_hd.o(.text)
    TIM5_IRQHandler                          0x0800028f   Thumb Code     0  startup_stm32f10x_hd.o(.text)
    TIM6_IRQHandler                          0x0800028f   Thumb Code     0  startup_stm32f10x_hd.o(.text)
    TIM7_IRQHandler                          0x0800028f   Thumb Code     0  startup_stm32f10x_hd.o(.text)
    TIM8_BRK_IRQHandler                      0x0800028f   Thumb Code     0  startup_stm32f10x_hd.o(.text)
    TIM8_CC_IRQHandler                       0x0800028f   Thumb Code     0  startup_stm32f10x_hd.o(.text)
    TIM8_TRG_COM_IRQHandler                  0x0800028f   Thumb Code     0  startup_stm32f10x_hd.o(.text)
    TIM8_UP_IRQHandler                       0x0800028f   Thumb Code     0  startup_stm32f10x_hd.o(.text)
    UART4_IRQHandler                         0x0800028f   Thumb Code     0  startup_stm32f10x_hd.o(.text)
    UART5_IRQHandler                         0x0800028f   Thumb Code     0  startup_stm32f10x_hd.o(.text)
    USBWakeUp_IRQHandler                     0x0800028f   Thumb Code     0  startup_stm32f10x_hd.o(.text)
    USB_HP_CAN1_TX_IRQHandler                0x0800028f   Thumb Code     0  startup_stm32f10x_hd.o(.text)
    USB_LP_CAN1_RX0_IRQHandler               0x0800028f   Thumb Code     0  startup_stm32f10x_hd.o(.text)
    WWDG_IRQHandler                          0x0800028f   Thumb Code     0  startup_stm32f10x_hd.o(.text)
    __user_initial_stackheap                 0x08000291   Thumb Code     0  startup_stm32f10x_hd.o(.text)
    __use_no_semihosting                     0x080002b5   Thumb Code     2  use_no_semi_2.o(.text)
    __2printf                                0x080002b9   Thumb Code    20  __2printf.o(.text)
    _printf_str                              0x080002d1   Thumb Code    82  _printf_str.o(.text)
    _printf_int_dec                          0x08000325   Thumb Code   104  _printf_dec.o(.text)
    __printf                                 0x0800039d   Thumb Code   388  __printf_flags_ss_wp.o(.text)
    __aeabi_memcpy                           0x08000525   Thumb Code     0  rt_memcpy_v6.o(.text)
    __rt_memcpy                              0x08000525   Thumb Code   138  rt_memcpy_v6.o(.text)
    _memcpy_lastbytes                        0x0800058b   Thumb Code     0  rt_memcpy_v6.o(.text)
    __aeabi_memset                           0x080005af   Thumb Code    16  aeabi_memset.o(.text)
    __use_two_region_memory                  0x080005bf   Thumb Code     2  heapauxi.o(.text)
    __rt_heap_escrow$2region                 0x080005c1   Thumb Code     2  heapauxi.o(.text)
    __rt_heap_expand$2region                 0x080005c3   Thumb Code     2  heapauxi.o(.text)
    __I$use$semihosting                      0x080005c5   Thumb Code     0  use_no_semi.o(.text)
    __use_no_semihosting_swi                 0x080005c5   Thumb Code     2  use_no_semi.o(.text)
    _printf_int_common                       0x080005c7   Thumb Code   178  _printf_intcommon.o(.text)
    _printf_char_common                      0x08000683   Thumb Code    32  _printf_char_common.o(.text)
    _printf_cs_common                        0x080006a9   Thumb Code    20  _printf_char.o(.text)
    _printf_char                             0x080006bd   Thumb Code    16  _printf_char.o(.text)
    _printf_string                           0x080006cd   Thumb Code     8  _printf_char.o(.text)
    _printf_char_file                        0x080006d5   Thumb Code    32  _printf_char_file.o(.text)
    __aeabi_memcpy4                          0x080006f9   Thumb Code     0  rt_memcpy_w.o(.text)
    __aeabi_memcpy8                          0x080006f9   Thumb Code     0  rt_memcpy_w.o(.text)
    __rt_memcpy_w                            0x080006f9   Thumb Code   100  rt_memcpy_w.o(.text)
    _memcpy_lastbytes_aligned                0x08000741   Thumb Code     0  rt_memcpy_w.o(.text)
    __aeabi_memclr                           0x0800075d   Thumb Code     0  rt_memclr.o(.text)
    __rt_memclr                              0x0800075d   Thumb Code    68  rt_memclr.o(.text)
    _memset                                  0x08000761   Thumb Code     0  rt_memclr.o(.text)
    ferror                                   0x080007a1   Thumb Code     8  ferror.o(.text)
    __aeabi_memclr4                          0x080007a9   Thumb Code     0  rt_memclr_w.o(.text)
    __aeabi_memclr8                          0x080007a9   Thumb Code     0  rt_memclr_w.o(.text)
    __rt_memclr_w                            0x080007a9   Thumb Code    78  rt_memclr_w.o(.text)
    _memset_w                                0x080007ad   Thumb Code     0  rt_memclr_w.o(.text)
    __user_libspace                          0x080007f9   Thumb Code     8  libspace.o(.text)
    __user_perproc_libspace                  0x080007f9   Thumb Code     0  libspace.o(.text)
    __user_perthread_libspace                0x080007f9   Thumb Code     0  libspace.o(.text)
    __user_setup_stackheap                   0x08000801   Thumb Code    74  sys_stackheap_outer.o(.text)
    exit                                     0x0800084b   Thumb Code    12  exit.o(.text)
    BEEP_Init                                0x08000859   Thumb Code    50  beep.o(i.BEEP_Init)
    BusFault_Handler                         0x08000891   Thumb Code     2  stm32f10x_it.o(i.BusFault_Handler)
    ConfigureTimeForRunTimeStats             0x08000895   Thumb Code    16  timer.o(i.ConfigureTimeForRunTimeStats)
    DebugMon_Handler                         0x080008a9   Thumb Code     2  stm32f10x_it.o(i.DebugMon_Handler)
    Distance_Init                            0x080008ad   Thumb Code   110  distance.o(i.Distance_Init)
    GPIO_Init                                0x08000921   Thumb Code   156  stm32f10x_gpio.o(i.GPIO_Init)
    GPIO_ReadInputDataBit                    0x080009bd   Thumb Code    14  stm32f10x_gpio.o(i.GPIO_ReadInputDataBit)
    GPIO_ResetBits                           0x080009cb   Thumb Code     4  stm32f10x_gpio.o(i.GPIO_ResetBits)
    GPIO_SetBits                             0x080009cf   Thumb Code     4  stm32f10x_gpio.o(i.GPIO_SetBits)
    GPIO_WriteBit                            0x080009d3   Thumb Code    10  stm32f10x_gpio.o(i.GPIO_WriteBit)
    HardFault_Handler                        0x080009dd   Thumb Code     2  stm32f10x_it.o(i.HardFault_Handler)
    KEY_Init                                 0x080009e1   Thumb Code    52  key.o(i.KEY_Init)
    KEY_Scan                                 0x08000a1d   Thumb Code   154  key.o(i.KEY_Scan)
    LED_Init                                 0x08000ac5   Thumb Code    70  led.o(i.LED_Init)
    MemManage_Handler                        0x08000b15   Thumb Code     2  stm32f10x_it.o(i.MemManage_Handler)
    Motor_PWM_Init                           0x08000b19   Thumb Code   218  motor.o(i.Motor_PWM_Init)
    NMI_Handler                              0x08000c01   Thumb Code     2  stm32f10x_it.o(i.NMI_Handler)
    NVIC_Init                                0x08000c05   Thumb Code    94  misc.o(i.NVIC_Init)
    NVIC_PriorityGroupConfig                 0x08000c69   Thumb Code    10  misc.o(i.NVIC_PriorityGroupConfig)
    OLED_Clear                               0x08000c7d   Thumb Code    34  oled.o(i.OLED_Clear)
    OLED_GPIO_Init                           0x08000ca5   Thumb Code    88  oled.o(i.OLED_GPIO_Init)
    OLED_I2C_SendByte                        0x08000d01   Thumb Code    58  oled.o(i.OLED_I2C_SendByte)
    OLED_I2C_Start                           0x08000d3b   Thumb Code    30  oled.o(i.OLED_I2C_Start)
    OLED_I2C_Stop                            0x08000d59   Thumb Code    24  oled.o(i.OLED_I2C_Stop)
    OLED_Init                                0x08000d71   Thumb Code   156  oled.o(i.OLED_Init)
    OLED_SetCursor                           0x08000e0d   Thumb Code    34  oled.o(i.OLED_SetCursor)
    OLED_Update                              0x08000e31   Thumb Code    34  oled.o(i.OLED_Update)
    OLED_W_SCL                               0x08000e59   Thumb Code    12  oled.o(i.OLED_W_SCL)
    OLED_W_SDA                               0x08000e69   Thumb Code    12  oled.o(i.OLED_W_SDA)
    OLED_WriteCommand                        0x08000e79   Thumb Code    34  oled.o(i.OLED_WriteCommand)
    OLED_WriteData                           0x08000e9b   Thumb Code    48  oled.o(i.OLED_WriteData)
    Openmv_Receive                           0x08000ecd   Thumb Code   200  usart.o(i.Openmv_Receive)
    RCC_APB1PeriphClockCmd                   0x08000f9d   Thumb Code    18  stm32f10x_rcc.o(i.RCC_APB1PeriphClockCmd)
    RCC_APB2PeriphClockCmd                   0x08000fb5   Thumb Code    18  stm32f10x_rcc.o(i.RCC_APB2PeriphClockCmd)
    RCC_GetClocksFreq                        0x08000fcd   Thumb Code   132  stm32f10x_rcc.o(i.RCC_GetClocksFreq)
    Su03t_Receive_Data                       0x08001109   Thumb Code   130  usart.o(i.Su03t_Receive_Data)
    SysTick_CLKSourceConfig                  0x08001191   Thumb Code    24  misc.o(i.SysTick_CLKSourceConfig)
    SysTick_Handler                          0x080011a9   Thumb Code    20  delay.o(i.SysTick_Handler)
    SystemInit                               0x080011bd   Thumb Code    64  system_stm32f10x.o(i.SystemInit)
    TIM3_IRQHandler                          0x0800120d   Thumb Code    44  timer.o(i.TIM3_IRQHandler)
    TIM3_Int_Init                            0x08001241   Thumb Code    88  timer.o(i.TIM3_Int_Init)
    TIM_ARRPreloadConfig                     0x0800129d   Thumb Code    20  stm32f10x_tim.o(i.TIM_ARRPreloadConfig)
    TIM_ClearITPendingBit                    0x080012b1   Thumb Code     6  stm32f10x_tim.o(i.TIM_ClearITPendingBit)
    TIM_Cmd                                  0x080012b7   Thumb Code    20  stm32f10x_tim.o(i.TIM_Cmd)
    TIM_CtrlPWMOutputs                       0x080012cb   Thumb Code    22  stm32f10x_tim.o(i.TIM_CtrlPWMOutputs)
    TIM_GetITStatus                          0x080012e1   Thumb Code    24  stm32f10x_tim.o(i.TIM_GetITStatus)
    TIM_ITConfig                             0x080012f9   Thumb Code    16  stm32f10x_tim.o(i.TIM_ITConfig)
    TIM_OC1Init                              0x08001309   Thumb Code   106  stm32f10x_tim.o(i.TIM_OC1Init)
    TIM_OC1PreloadConfig                     0x08001389   Thumb Code    12  stm32f10x_tim.o(i.TIM_OC1PreloadConfig)
    TIM_OC2Init                              0x08001395   Thumb Code   120  stm32f10x_tim.o(i.TIM_OC2Init)
    TIM_OC2PreloadConfig                     0x08001415   Thumb Code    20  stm32f10x_tim.o(i.TIM_OC2PreloadConfig)
    TIM_OC3Init                              0x08001429   Thumb Code   116  stm32f10x_tim.o(i.TIM_OC3Init)
    TIM_OC3PreloadConfig                     0x080014a5   Thumb Code    12  stm32f10x_tim.o(i.TIM_OC3PreloadConfig)
    TIM_OC4Init                              0x080014b1   Thumb Code    90  stm32f10x_tim.o(i.TIM_OC4Init)
    TIM_OC4PreloadConfig                     0x08001515   Thumb Code    20  stm32f10x_tim.o(i.TIM_OC4PreloadConfig)
    TIM_TimeBaseInit                         0x08001529   Thumb Code   114  stm32f10x_tim.o(i.TIM_TimeBaseInit)
    USART1_IRQHandler                        0x080015c5   Thumb Code    88  usart.o(i.USART1_IRQHandler)
    USART2_IRQHandler                        0x08001629   Thumb Code    44  usart.o(i.USART2_IRQHandler)
    USART2_Init                              0x08001659   Thumb Code   156  usart.o(i.USART2_Init)
    USART3_IRQHandler                        0x080016fd   Thumb Code    46  usart.o(i.USART3_IRQHandler)
    USART3_Init                              0x08001731   Thumb Code   160  usart.o(i.USART3_Init)
    USART_ClearITPendingBit                  0x080017d9   Thumb Code    12  stm32f10x_usart.o(i.USART_ClearITPendingBit)
    USART_Cmd                                0x080017e5   Thumb Code    20  stm32f10x_usart.o(i.USART_Cmd)
    USART_GetITStatus                        0x080017f9   Thumb Code    62  stm32f10x_usart.o(i.USART_GetITStatus)
    USART_ITConfig                           0x08001837   Thumb Code    48  stm32f10x_usart.o(i.USART_ITConfig)
    USART_Init                               0x08001869   Thumb Code   166  stm32f10x_usart.o(i.USART_Init)
    USART_ReceiveData                        0x08001915   Thumb Code     8  stm32f10x_usart.o(i.USART_ReceiveData)
    UsageFault_Handler                       0x0800191d   Thumb Code     2  stm32f10x_it.o(i.UsageFault_Handler)
    _is_digit                                0x0800191f   Thumb Code    14  __printf_wp.o(i._is_digit)
    _sys_exit                                0x0800192d   Thumb Code     2  usart.o(i._sys_exit)
    delay_init                               0x08001931   Thumb Code    60  delay.o(i.delay_init)
    delay_ms                                 0x08001979   Thumb Code    54  delay.o(i.delay_ms)
    delay_us                                 0x080019b5   Thumb Code    48  delay.o(i.delay_us)
    fputc                                    0x080019e9   Thumb Code    18  usart.o(i.fputc)
    freertos_demo                            0x08001a01   Thumb Code    30  freertos_demo.o(i.freertos_demo)
    main                                     0x08001a35   Thumb Code    98  main.o(i.main)
    my_mem_init                              0x08001a9d   Thumb Code    50  malloc.o(i.my_mem_init)
    my_mem_perused                           0x08001ad9   Thumb Code    48  malloc.o(i.my_mem_perused)
    mymemset                                 0x08001b11   Thumb Code    12  malloc.o(i.mymemset)
    pvPortMalloc                             0x08002401   Thumb Code   214  heap_4.o(i.pvPortMalloc)
    pvTaskIncrementMutexHeldCount            0x08002515   Thumb Code    18  tasks.o(i.pvTaskIncrementMutexHeldCount)
    pxPortInitialiseStack                    0x0800252d   Thumb Code    32  port.o(i.pxPortInitialiseStack)
    start_task                               0x08002551   Thumb Code   158  freertos_demo.o(i.start_task)
    task1                                    0x08002669   Thumb Code    84  freertos_demo.o(i.task1)
    task2                                    0x080026c1   Thumb Code    46  freertos_demo.o(i.task2)
    task3                                    0x08002729   Thumb Code    76  freertos_demo.o(i.task3)
    timer_100ms_callback                     0x0800279d   Thumb Code    10  freertos_demo.o(i.timer_100ms_callback)
    timer_50ms_callback                      0x080027ad   Thumb Code     2  freertos_demo.o(i.timer_50ms_callback)
    uart_init                                0x080027b1   Thumb Code   154  usart.o(i.uart_init)
    uxListRemove                             0x08002855   Thumb Code    36  list.o(i.uxListRemove)
    uxTaskResetEventItemValue                0x08002879   Thumb Code    20  tasks.o(i.uxTaskResetEventItemValue)
    vListInitialise                          0x08002891   Thumb Code    22  list.o(i.vListInitialise)
    vListInitialiseItem                      0x080028a7   Thumb Code     6  list.o(i.vListInitialiseItem)
    vListInsert                              0x080028ad   Thumb Code    52  list.o(i.vListInsert)
    vListInsertEnd                           0x080028e1   Thumb Code    24  list.o(i.vListInsertEnd)
    vPortEnterCritical                       0x080028f9   Thumb Code    50  port.o(i.vPortEnterCritical)
    vPortExitCritical                        0x08002971   Thumb Code    34  port.o(i.vPortExitCritical)
    vPortFree                                0x080029d5   Thumb Code    94  heap_4.o(i.vPortFree)
    vPortSetupTimerInterrupt                 0x08002a71   Thumb Code    26  port.o(i.vPortSetupTimerInterrupt)
    vPortValidateInterruptPriority           0x08002a91   Thumb Code    70  port.o(i.vPortValidateInterruptPriority)
    vQueueAddToRegistry                      0x08002b1d   Thumb Code    32  queue.o(i.vQueueAddToRegistry)
    vQueueWaitForMessageRestricted           0x08002b41   Thumb Code    68  queue.o(i.vQueueWaitForMessageRestricted)
    vTaskDelay                               0x08002b85   Thumb Code    62  tasks.o(i.vTaskDelay)
    vTaskDelete                              0x08002bf1   Thumb Code   152  tasks.o(i.vTaskDelete)
    vTaskMissedYield                         0x08002cbd   Thumb Code     8  tasks.o(i.vTaskMissedYield)
    vTaskPlaceOnEventList                    0x08002cc9   Thumb Code    44  tasks.o(i.vTaskPlaceOnEventList)
    vTaskPlaceOnEventListRestricted          0x08002d1d   Thumb Code    52  tasks.o(i.vTaskPlaceOnEventListRestricted)
    vTaskPlaceOnUnorderedEventList           0x08002d79   Thumb Code    72  tasks.o(i.vTaskPlaceOnUnorderedEventList)
    vTaskPriorityInherit                     0x08002de9   Thumb Code   124  tasks.o(i.vTaskPriorityInherit)
    vTaskResume                              0x08002e6d   Thumb Code   112  tasks.o(i.vTaskResume)
    vTaskSetTimeOutState                     0x08002f0d   Thumb Code    30  tasks.o(i.vTaskSetTimeOutState)
    vTaskStartScheduler                      0x08002f55   Thumb Code   100  tasks.o(i.vTaskStartScheduler)
    vTaskSuspend                             0x08002fed   Thumb Code   154  tasks.o(i.vTaskSuspend)
    vTaskSuspendAll                          0x080030bd   Thumb Code    10  tasks.o(i.vTaskSuspendAll)
    vTaskSwitchContext                       0x080030cd   Thumb Code   106  tasks.o(i.vTaskSwitchContext)
    xEventGroupCreate                        0x08003169   Thumb Code    26  event_groups.o(i.xEventGroupCreate)
    xEventGroupSetBits                       0x08003185   Thumb Code   130  event_groups.o(i.xEventGroupSetBits)
    xEventGroupWaitBits                      0x08003235   Thumb Code   238  event_groups.o(i.xEventGroupWaitBits)
    xPortStartScheduler                      0x08003355   Thumb Code   108  port.o(i.xPortStartScheduler)
    xPortSysTickHandler                      0x080033cd   Thumb Code    38  port.o(i.xPortSysTickHandler)
    xQueueGenericCreate                      0x080033f9   Thumb Code    82  queue.o(i.xQueueGenericCreate)
    xQueueGenericReceive                     0x08003471   Thumb Code   354  queue.o(i.xQueueGenericReceive)
    xQueueGenericReset                       0x080035fd   Thumb Code   128  queue.o(i.xQueueGenericReset)
    xQueueGenericSend                        0x080036a5   Thumb Code   356  queue.o(i.xQueueGenericSend)
    xQueueGenericSendFromISR                 0x08003831   Thumb Code   188  queue.o(i.xQueueGenericSendFromISR)
    xTaskCheckForTimeOut                     0x08003911   Thumb Code   100  tasks.o(i.xTaskCheckForTimeOut)
    xTaskCreate                              0x0800399d   Thumb Code    86  tasks.o(i.xTaskCreate)
    xTaskGetSchedulerState                   0x080039f5   Thumb Code    22  tasks.o(i.xTaskGetSchedulerState)
    xTaskGetTickCount                        0x08003a11   Thumb Code    18  tasks.o(i.xTaskGetTickCount)
    xTaskIncrementTick                       0x08003a29   Thumb Code   192  tasks.o(i.xTaskIncrementTick)
    xTaskPriorityDisinherit                  0x08003b15   Thumb Code   136  tasks.o(i.xTaskPriorityDisinherit)
    xTaskRemoveFromEventList                 0x08003bc9   Thumb Code   102  tasks.o(i.xTaskRemoveFromEventList)
    xTaskRemoveFromUnorderedEventList        0x08003c61   Thumb Code   108  tasks.o(i.xTaskRemoveFromUnorderedEventList)
    xTaskResumeAll                           0x08003cf9   Thumb Code   180  tasks.o(i.xTaskResumeAll)
    xTimerCreate                             0x08003ddd   Thumb Code    76  timers.o(i.xTimerCreate)
    xTimerCreateTimerTask                    0x08003e51   Thumb Code    58  timers.o(i.xTimerCreateTimerTask)
    xTimerGenericCommand                     0x08003ec5   Thumb Code   100  timers.o(i.xTimerGenericCommand)
    memtblsize                               0x08003f54   Data           8  malloc.o(.constdata)
    memblksize                               0x08003f5c   Data           8  malloc.o(.constdata)
    memsize                                  0x08003f64   Data           8  malloc.o(.constdata)
    Region$$Table$$Base                      0x08003f80   Number         0  anon$$obj.o(Region$$Table)
    Region$$Table$$Limit                     0x08003fa0   Number         0  anon$$obj.o(Region$$Table)
    SystemCoreClock                          0x20000000   Data           4  system_stm32f10x.o(.data)
    AHBPrescTable                            0x20000004   Data          16  system_stm32f10x.o(.data)
    timer_50ms_handle                        0x20000014   Data           4  freertos_demo.o(.data)
    timer_100ms_handle                       0x20000018   Data           4  freertos_demo.o(.data)
    start_task_handler                       0x2000001c   Data           4  freertos_demo.o(.data)
    task1_handler                            0x20000020   Data           4  freertos_demo.o(.data)
    task2_handler                            0x20000024   Data           4  freertos_demo.o(.data)
    task3_handler                            0x20000028   Data           4  freertos_demo.o(.data)
    eventgroup_handle                        0x2000002c   Data           4  freertos_demo.o(.data)
    semphore_handle                          0x20000030   Data           4  freertos_demo.o(.data)
    FreeRTOSRunTimeTicks                     0x20000038   Data           8  timer.o(.data)
    Su03t_Data                               0x20000046   Data           1  usart.o(.data)
    USART_RX_STA                             0x2000004c   Data           2  usart.o(.data)
    x_num                                    0x2000004e   Data           2  usart.o(.data)
    y_num                                    0x20000050   Data           2  usart.o(.data)
    colo_high                                0x20000052   Data           2  usart.o(.data)
    colo_low                                 0x20000054   Data           2  usart.o(.data)
    Su03tRxBuffer                            0x20000056   Data           7  usart.o(.data)
    __stdout                                 0x20000060   Data           4  usart.o(.data)
    mallco_dev                               0x20000078   Data          28  malloc.o(.data)
    pxCurrentTCB                             0x20000098   Data           4  tasks.o(.data)
    OLED_DisplayBuf                          0x2000010c   Data        1024  oled.o(.bss)
    BlueRxBuffer                             0x2000050c   Data          14  usart.o(.bss)
    USART_RX_BUF                             0x2000051a   Data         200  usart.o(.bss)
    mem1base                                 0x20000600   Data       20480  malloc.o(.bss)
    mem1mapbase                              0x20005600   Data        1280  malloc.o(.bss)
    xQueueRegistry                           0x20005b00   Data          64  queue.o(.bss)
    __libspace_start                         0x2000ae4c   Data          96  libspace.o(.bss)
    __temporary_stack_top$libspace           0x2000aeac   Data           0  libspace.o(.bss)
    mem2base                                 0x68000000   Data          32  malloc.o(.ARM.__AT_0x68000000)
    mem2mapbase                              0x68000020   Data           2  malloc.o(.ARM.__AT_0x68000020)



==============================================================================

Memory Map of the image

  Image Entry point : 0x08000275

  Load Region LR_1 (Base: 0x08000000, Size: 0x000040ac, Max: 0xffffffff, ABSOLUTE)

    Execution Region ER_RO (Base: 0x08000000, Size: 0x00003fa0, Max: 0xffffffff, ABSOLUTE)

    Base Addr    Size         Type   Attr      Idx    E Section Name        Object

    0x08000000   0x00000130   Data   RO         1145    RESET               startup_stm32f10x_hd.o
    0x08000130   0x00000008   Code   RO         3546  * !!!main             c_w.l(__main.o)
    0x08000138   0x00000034   Code   RO         3929    !!!scatter          c_w.l(__scatter.o)
    0x0800016c   0x0000001a   Code   RO         3931    !!handler_copy      c_w.l(__scatter_copy.o)
    0x08000186   0x00000002   PAD
    0x08000188   0x0000001c   Code   RO         3933    !!handler_zi        c_w.l(__scatter_zi.o)
    0x080001a4   0x00000000   Code   RO         3533    .ARM.Collect$$_printf_percent$$00000000  c_w.l(_printf_percent.o)
    0x080001a4   0x00000006   Code   RO         3531    .ARM.Collect$$_printf_percent$$00000009  c_w.l(_printf_d.o)
    0x080001aa   0x00000006   Code   RO         3529    .ARM.Collect$$_printf_percent$$00000014  c_w.l(_printf_s.o)
    0x080001b0   0x00000004   Code   RO         3644    .ARM.Collect$$_printf_percent$$00000017  c_w.l(_printf_percent_end.o)
    0x080001b4   0x00000002   Code   RO         3800    .ARM.Collect$$libinit$$00000000  c_w.l(libinit.o)
    0x080001b6   0x00000000   Code   RO         3811    .ARM.Collect$$libinit$$00000002  c_w.l(libinit2.o)
    0x080001b6   0x00000000   Code   RO         3813    .ARM.Collect$$libinit$$00000004  c_w.l(libinit2.o)
    0x080001b6   0x00000000   Code   RO         3816    .ARM.Collect$$libinit$$0000000A  c_w.l(libinit2.o)
    0x080001b6   0x00000000   Code   RO         3818    .ARM.Collect$$libinit$$0000000C  c_w.l(libinit2.o)
    0x080001b6   0x00000000   Code   RO         3820    .ARM.Collect$$libinit$$0000000E  c_w.l(libinit2.o)
    0x080001b6   0x00000000   Code   RO         3823    .ARM.Collect$$libinit$$00000011  c_w.l(libinit2.o)
    0x080001b6   0x00000000   Code   RO         3825    .ARM.Collect$$libinit$$00000013  c_w.l(libinit2.o)
    0x080001b6   0x00000000   Code   RO         3827    .ARM.Collect$$libinit$$00000015  c_w.l(libinit2.o)
    0x080001b6   0x00000000   Code   RO         3829    .ARM.Collect$$libinit$$00000017  c_w.l(libinit2.o)
    0x080001b6   0x00000000   Code   RO         3831    .ARM.Collect$$libinit$$00000019  c_w.l(libinit2.o)
    0x080001b6   0x00000000   Code   RO         3833    .ARM.Collect$$libinit$$0000001B  c_w.l(libinit2.o)
    0x080001b6   0x00000000   Code   RO         3835    .ARM.Collect$$libinit$$0000001D  c_w.l(libinit2.o)
    0x080001b6   0x00000000   Code   RO         3837    .ARM.Collect$$libinit$$0000001F  c_w.l(libinit2.o)
    0x080001b6   0x00000000   Code   RO         3839    .ARM.Collect$$libinit$$00000021  c_w.l(libinit2.o)
    0x080001b6   0x00000000   Code   RO         3841    .ARM.Collect$$libinit$$00000023  c_w.l(libinit2.o)
    0x080001b6   0x00000000   Code   RO         3843    .ARM.Collect$$libinit$$00000025  c_w.l(libinit2.o)
    0x080001b6   0x00000000   Code   RO         3847    .ARM.Collect$$libinit$$0000002C  c_w.l(libinit2.o)
    0x080001b6   0x00000000   Code   RO         3849    .ARM.Collect$$libinit$$0000002E  c_w.l(libinit2.o)
    0x080001b6   0x00000000   Code   RO         3851    .ARM.Collect$$libinit$$00000030  c_w.l(libinit2.o)
    0x080001b6   0x00000000   Code   RO         3853    .ARM.Collect$$libinit$$00000032  c_w.l(libinit2.o)
    0x080001b6   0x00000002   Code   RO         3854    .ARM.Collect$$libinit$$00000033  c_w.l(libinit2.o)
    0x080001b8   0x00000002   Code   RO         3872    .ARM.Collect$$libshutdown$$00000000  c_w.l(libshutdown.o)
    0x080001ba   0x00000000   Code   RO         3883    .ARM.Collect$$libshutdown$$00000003  c_w.l(libshutdown2.o)
    0x080001ba   0x00000000   Code   RO         3886    .ARM.Collect$$libshutdown$$00000006  c_w.l(libshutdown2.o)
    0x080001ba   0x00000000   Code   RO         3889    .ARM.Collect$$libshutdown$$00000009  c_w.l(libshutdown2.o)
    0x080001ba   0x00000000   Code   RO         3891    .ARM.Collect$$libshutdown$$0000000B  c_w.l(libshutdown2.o)
    0x080001ba   0x00000000   Code   RO         3894    .ARM.Collect$$libshutdown$$0000000E  c_w.l(libshutdown2.o)
    0x080001ba   0x00000002   Code   RO         3895    .ARM.Collect$$libshutdown$$0000000F  c_w.l(libshutdown2.o)
    0x080001bc   0x00000000   Code   RO         3606    .ARM.Collect$$rtentry$$00000000  c_w.l(__rtentry.o)
    0x080001bc   0x00000000   Code   RO         3707    .ARM.Collect$$rtentry$$00000002  c_w.l(__rtentry2.o)
    0x080001bc   0x00000006   Code   RO         3719    .ARM.Collect$$rtentry$$00000004  c_w.l(__rtentry4.o)
    0x080001c2   0x00000000   Code   RO         3709    .ARM.Collect$$rtentry$$00000009  c_w.l(__rtentry2.o)
    0x080001c2   0x00000004   Code   RO         3710    .ARM.Collect$$rtentry$$0000000A  c_w.l(__rtentry2.o)
    0x080001c6   0x00000000   Code   RO         3712    .ARM.Collect$$rtentry$$0000000C  c_w.l(__rtentry2.o)
    0x080001c6   0x00000008   Code   RO         3713    .ARM.Collect$$rtentry$$0000000D  c_w.l(__rtentry2.o)
    0x080001ce   0x00000002   Code   RO         3805    .ARM.Collect$$rtexit$$00000000  c_w.l(rtexit.o)
    0x080001d0   0x00000000   Code   RO         3856    .ARM.Collect$$rtexit$$00000002  c_w.l(rtexit2.o)
    0x080001d0   0x00000004   Code   RO         3857    .ARM.Collect$$rtexit$$00000003  c_w.l(rtexit2.o)
    0x080001d4   0x00000006   Code   RO         3858    .ARM.Collect$$rtexit$$00000004  c_w.l(rtexit2.o)
    0x080001da   0x00000002   PAD
    0x080001dc   0x00000096   Code   RO         3390    .emb_text           port.o
    0x08000272   0x00000002   PAD
    0x08000274   0x00000040   Code   RO         1146  * .text               startup_stm32f10x_hd.o
    0x080002b4   0x00000002   Code   RO         3469    .text               c_w.l(use_no_semi_2.o)
    0x080002b6   0x00000002   PAD
    0x080002b8   0x00000018   Code   RO         3473    .text               c_w.l(__2printf.o)
    0x080002d0   0x00000052   Code   RO         3483    .text               c_w.l(_printf_str.o)
    0x08000322   0x00000002   PAD
    0x08000324   0x00000078   Code   RO         3485    .text               c_w.l(_printf_dec.o)
    0x0800039c   0x00000188   Code   RO         3525    .text               c_w.l(__printf_flags_ss_wp.o)
    0x08000524   0x0000008a   Code   RO         3538    .text               c_w.l(rt_memcpy_v6.o)
    0x080005ae   0x00000010   Code   RO         3540    .text               c_w.l(aeabi_memset.o)
    0x080005be   0x00000006   Code   RO         3544    .text               c_w.l(heapauxi.o)
    0x080005c4   0x00000002   Code   RO         3604    .text               c_w.l(use_no_semi.o)
    0x080005c6   0x000000b2   Code   RO         3613    .text               c_w.l(_printf_intcommon.o)
    0x08000678   0x00000030   Code   RO         3617    .text               c_w.l(_printf_char_common.o)
    0x080006a8   0x0000002c   Code   RO         3621    .text               c_w.l(_printf_char.o)
    0x080006d4   0x00000024   Code   RO         3623    .text               c_w.l(_printf_char_file.o)
    0x080006f8   0x00000064   Code   RO         3654    .text               c_w.l(rt_memcpy_w.o)
    0x0800075c   0x00000044   Code   RO         3656    .text               c_w.l(rt_memclr.o)
    0x080007a0   0x00000008   Code   RO         3737    .text               c_w.l(ferror.o)
    0x080007a8   0x0000004e   Code   RO         3743    .text               c_w.l(rt_memclr_w.o)
    0x080007f6   0x00000002   PAD
    0x080007f8   0x00000008   Code   RO         3751    .text               c_w.l(libspace.o)
    0x08000800   0x0000004a   Code   RO         3754    .text               c_w.l(sys_stackheap_outer.o)
    0x0800084a   0x0000000c   Code   RO         3793    .text               c_w.l(exit.o)
    0x08000856   0x00000002   PAD
    0x08000858   0x00000038   Code   RO          631    i.BEEP_Init         beep.o
    0x08000890   0x00000002   Code   RO          195    i.BusFault_Handler  stm32f10x_it.o
    0x08000892   0x00000002   PAD
    0x08000894   0x00000014   Code   RO          382    i.ConfigureTimeForRunTimeStats  timer.o
    0x080008a8   0x00000002   Code   RO          196    i.DebugMon_Handler  stm32f10x_it.o
    0x080008aa   0x00000002   PAD
    0x080008ac   0x00000074   Code   RO          643    i.Distance_Init     distance.o
    0x08000920   0x0000009c   Code   RO         1192    i.GPIO_Init         stm32f10x_gpio.o
    0x080009bc   0x0000000e   Code   RO         1196    i.GPIO_ReadInputDataBit  stm32f10x_gpio.o
    0x080009ca   0x00000004   Code   RO         1199    i.GPIO_ResetBits    stm32f10x_gpio.o
    0x080009ce   0x00000004   Code   RO         1200    i.GPIO_SetBits      stm32f10x_gpio.o
    0x080009d2   0x0000000a   Code   RO         1203    i.GPIO_WriteBit     stm32f10x_gpio.o
    0x080009dc   0x00000002   Code   RO          197    i.HardFault_Handler  stm32f10x_it.o
    0x080009de   0x00000002   PAD
    0x080009e0   0x0000003c   Code   RO          612    i.KEY_Init          key.o
    0x08000a1c   0x000000a8   Code   RO          613    i.KEY_Scan          key.o
    0x08000ac4   0x00000050   Code   RO          370    i.LED_Init          led.o
    0x08000b14   0x00000002   Code   RO          198    i.MemManage_Handler  stm32f10x_it.o
    0x08000b16   0x00000002   PAD
    0x08000b18   0x000000e8   Code   RO          674    i.Motor_PWM_Init    motor.o
    0x08000c00   0x00000002   Code   RO          199    i.NMI_Handler       stm32f10x_it.o
    0x08000c02   0x00000002   PAD
    0x08000c04   0x00000064   Code   RO         1150    i.NVIC_Init         misc.o
    0x08000c68   0x00000014   Code   RO         1151    i.NVIC_PriorityGroupConfig  misc.o
    0x08000c7c   0x00000028   Code   RO          733    i.OLED_Clear        oled.o
    0x08000ca4   0x0000005c   Code   RO          742    i.OLED_GPIO_Init    oled.o
    0x08000d00   0x0000003a   Code   RO          744    i.OLED_I2C_SendByte  oled.o
    0x08000d3a   0x0000001e   Code   RO          745    i.OLED_I2C_Start    oled.o
    0x08000d58   0x00000018   Code   RO          746    i.OLED_I2C_Stop     oled.o
    0x08000d70   0x0000009c   Code   RO          747    i.OLED_Init         oled.o
    0x08000e0c   0x00000022   Code   RO          753    i.OLED_SetCursor    oled.o
    0x08000e2e   0x00000002   PAD
    0x08000e30   0x00000028   Code   RO          763    i.OLED_Update       oled.o
    0x08000e58   0x00000010   Code   RO          765    i.OLED_W_SCL        oled.o
    0x08000e68   0x00000010   Code   RO          766    i.OLED_W_SDA        oled.o
    0x08000e78   0x00000022   Code   RO          767    i.OLED_WriteCommand  oled.o
    0x08000e9a   0x00000030   Code   RO          768    i.OLED_WriteData    oled.o
    0x08000eca   0x00000002   PAD
    0x08000ecc   0x000000d0   Code   RO         1050    i.Openmv_Receive    usart.o
    0x08000f9c   0x00000018   Code   RO         1326    i.RCC_APB1PeriphClockCmd  stm32f10x_rcc.o
    0x08000fb4   0x00000018   Code   RO         1328    i.RCC_APB2PeriphClockCmd  stm32f10x_rcc.o
    0x08000fcc   0x00000094   Code   RO         1336    i.RCC_GetClocksFreq  stm32f10x_rcc.o
    0x08001060   0x000000a8   Code   RO          266    i.SetSysClockTo72   system_stm32f10x.o
    0x08001108   0x00000088   Code   RO         1051    i.Su03t_Receive_Data  usart.o
    0x08001190   0x00000018   Code   RO         1154    i.SysTick_CLKSourceConfig  misc.o
    0x080011a8   0x00000014   Code   RO          983    i.SysTick_Handler   delay.o
    0x080011bc   0x00000050   Code   RO          268    i.SystemInit        system_stm32f10x.o
    0x0800120c   0x00000034   Code   RO          383    i.TIM3_IRQHandler   timer.o
    0x08001240   0x0000005c   Code   RO          384    i.TIM3_Int_Init     timer.o
    0x0800129c   0x00000014   Code   RO         1706    i.TIM_ARRPreloadConfig  stm32f10x_tim.o
    0x080012b0   0x00000006   Code   RO         1713    i.TIM_ClearITPendingBit  stm32f10x_tim.o
    0x080012b6   0x00000014   Code   RO         1718    i.TIM_Cmd           stm32f10x_tim.o
    0x080012ca   0x00000016   Code   RO         1720    i.TIM_CtrlPWMOutputs  stm32f10x_tim.o
    0x080012e0   0x00000018   Code   RO         1739    i.TIM_GetITStatus   stm32f10x_tim.o
    0x080012f8   0x00000010   Code   RO         1743    i.TIM_ITConfig      stm32f10x_tim.o
    0x08001308   0x00000080   Code   RO         1747    i.TIM_OC1Init       stm32f10x_tim.o
    0x08001388   0x0000000c   Code   RO         1750    i.TIM_OC1PreloadConfig  stm32f10x_tim.o
    0x08001394   0x00000080   Code   RO         1752    i.TIM_OC2Init       stm32f10x_tim.o
    0x08001414   0x00000014   Code   RO         1755    i.TIM_OC2PreloadConfig  stm32f10x_tim.o
    0x08001428   0x0000007c   Code   RO         1757    i.TIM_OC3Init       stm32f10x_tim.o
    0x080014a4   0x0000000c   Code   RO         1760    i.TIM_OC3PreloadConfig  stm32f10x_tim.o
    0x080014b0   0x00000064   Code   RO         1762    i.TIM_OC4Init       stm32f10x_tim.o
    0x08001514   0x00000014   Code   RO         1764    i.TIM_OC4PreloadConfig  stm32f10x_tim.o
    0x08001528   0x0000009c   Code   RO         1789    i.TIM_TimeBaseInit  stm32f10x_tim.o
    0x080015c4   0x00000064   Code   RO         1052    i.USART1_IRQHandler  usart.o
    0x08001628   0x00000030   Code   RO         1053    i.USART2_IRQHandler  usart.o
    0x08001658   0x000000a4   Code   RO         1054    i.USART2_Init       usart.o
    0x080016fc   0x00000034   Code   RO         1055    i.USART3_IRQHandler  usart.o
    0x08001730   0x000000a8   Code   RO         1056    i.USART3_Init       usart.o
    0x080017d8   0x0000000c   Code   RO         1525    i.USART_ClearITPendingBit  stm32f10x_usart.o
    0x080017e4   0x00000014   Code   RO         1528    i.USART_Cmd         stm32f10x_usart.o
    0x080017f8   0x0000003e   Code   RO         1532    i.USART_GetITStatus  stm32f10x_usart.o
    0x08001836   0x00000030   Code   RO         1534    i.USART_ITConfig    stm32f10x_usart.o
    0x08001866   0x00000002   PAD
    0x08001868   0x000000ac   Code   RO         1535    i.USART_Init        stm32f10x_usart.o
    0x08001914   0x00000008   Code   RO         1542    i.USART_ReceiveData  stm32f10x_usart.o
    0x0800191c   0x00000002   Code   RO          200    i.UsageFault_Handler  stm32f10x_it.o
    0x0800191e   0x0000000e   Code   RO         3518    i._is_digit         c_w.l(__printf_wp.o)
    0x0800192c   0x00000002   Code   RO         1057    i._sys_exit         usart.o
    0x0800192e   0x00000002   PAD
    0x08001930   0x00000048   Code   RO          984    i.delay_init        delay.o
    0x08001978   0x0000003c   Code   RO          985    i.delay_ms          delay.o
    0x080019b4   0x00000034   Code   RO          986    i.delay_us          delay.o
    0x080019e8   0x00000018   Code   RO         1058    i.fputc             usart.o
    0x08001a00   0x00000034   Code   RO          298    i.freertos_demo     freertos_demo.o
    0x08001a34   0x00000068   Code   RO            1    i.main              main.o
    0x08001a9c   0x0000003c   Code   RO         2412    i.my_mem_init       malloc.o
    0x08001ad8   0x00000038   Code   RO         2414    i.my_mem_perused    malloc.o
    0x08001b10   0x0000000c   Code   RO         2418    i.mymemset          malloc.o
    0x08001b1c   0x00000074   Code   RO         2865    i.prvAddCurrentTaskToDelayedList  tasks.o
    0x08001b90   0x000000d0   Code   RO         2866    i.prvAddNewTaskToReadyList  tasks.o
    0x08001c60   0x00000050   Code   RO         3221    i.prvCheckForValidListAndQueue  timers.o
    0x08001cb0   0x00000054   Code   RO         2867    i.prvCheckTasksWaitingTermination  tasks.o
    0x08001d04   0x00000026   Code   RO         2647    i.prvCopyDataFromQueue  queue.o
    0x08001d2a   0x0000006c   Code   RO         2648    i.prvCopyDataToQueue  queue.o
    0x08001d96   0x00000014   Code   RO         2868    i.prvDeleteTCB      tasks.o
    0x08001daa   0x00000002   PAD
    0x08001dac   0x0000004c   Code   RO         3341    i.prvHeapInit       heap_4.o
    0x08001df8   0x00000028   Code   RO         2869    i.prvIdleTask       tasks.o
    0x08001e20   0x000000c0   Code   RO         2870    i.prvInitialiseNewTask  tasks.o
    0x08001ee0   0x0000004c   Code   RO         3342    i.prvInsertBlockIntoFreeList  heap_4.o
    0x08001f2c   0x0000003c   Code   RO         3222    i.prvInsertTimerInActiveList  timers.o
    0x08001f68   0x0000001a   Code   RO         2649    i.prvIsQueueEmpty   queue.o
    0x08001f82   0x00000002   PAD
    0x08001f84   0x00000090   Code   RO         2650    i.prvNotifyQueueSetContainer  queue.o
    0x08002014   0x00000060   Code   RO         3223    i.prvProcessExpiredTimer  timers.o
    0x08002074   0x000000fc   Code   RO         3224    i.prvProcessReceivedCommands  timers.o
    0x08002170   0x0000006c   Code   RO         3225    i.prvProcessTimerOrBlockTask  timers.o
    0x080021dc   0x00000020   Code   RO         2872    i.prvResetNextTaskUnblockTime  tasks.o
    0x080021fc   0x00000028   Code   RO         3226    i.prvSampleTimeNow  timers.o
    0x08002224   0x00000070   Code   RO         3227    i.prvSwitchTimerLists  timers.o
    0x08002294   0x00000064   Code   RO         3391    i.prvTaskExitError  port.o
    0x080022f8   0x00000054   Code   RO         2873    i.prvTaskIsTaskSuspended  tasks.o
    0x0800234c   0x00000014   Code   RO         2499    i.prvTestWaitCondition  event_groups.o
    0x08002360   0x00000028   Code   RO         3228    i.prvTimerTask      timers.o
    0x08002388   0x00000078   Code   RO         2651    i.prvUnlockQueue    queue.o
    0x08002400   0x00000114   Code   RO         3343    i.pvPortMalloc      heap_4.o
    0x08002514   0x00000018   Code   RO         2875    i.pvTaskIncrementMutexHeldCount  tasks.o
    0x0800252c   0x00000024   Code   RO         3392    i.pxPortInitialiseStack  port.o
    0x08002550   0x00000118   Code   RO          299    i.start_task        freertos_demo.o
    0x08002668   0x00000058   Code   RO          300    i.task1             freertos_demo.o
    0x080026c0   0x00000068   Code   RO          301    i.task2             freertos_demo.o
    0x08002728   0x00000074   Code   RO          302    i.task3             freertos_demo.o
    0x0800279c   0x00000010   Code   RO          303    i.timer_100ms_callback  freertos_demo.o
    0x080027ac   0x00000002   Code   RO          304    i.timer_50ms_callback  freertos_demo.o
    0x080027ae   0x00000002   PAD
    0x080027b0   0x000000a4   Code   RO         1059    i.uart_init         usart.o
    0x08002854   0x00000024   Code   RO         2610    i.uxListRemove      list.o
    0x08002878   0x00000018   Code   RO         2882    i.uxTaskResetEventItemValue  tasks.o
    0x08002890   0x00000016   Code   RO         2611    i.vListInitialise   list.o
    0x080028a6   0x00000006   Code   RO         2612    i.vListInitialiseItem  list.o
    0x080028ac   0x00000034   Code   RO         2613    i.vListInsert       list.o
    0x080028e0   0x00000018   Code   RO         2614    i.vListInsertEnd    list.o
    0x080028f8   0x00000078   Code   RO         3394    i.vPortEnterCritical  port.o
    0x08002970   0x00000064   Code   RO         3395    i.vPortExitCritical  port.o
    0x080029d4   0x0000009c   Code   RO         3344    i.vPortFree         heap_4.o
    0x08002a70   0x00000020   Code   RO         3396    i.vPortSetupTimerInterrupt  port.o
    0x08002a90   0x0000008c   Code   RO         3397    i.vPortValidateInterruptPriority  port.o
    0x08002b1c   0x00000024   Code   RO         2657    i.vQueueAddToRegistry  queue.o
    0x08002b40   0x00000044   Code   RO         2661    i.vQueueWaitForMessageRestricted  queue.o
    0x08002b84   0x0000006c   Code   RO         2883    i.vTaskDelay        tasks.o
    0x08002bf0   0x000000cc   Code   RO         2885    i.vTaskDelete       tasks.o
    0x08002cbc   0x0000000c   Code   RO         2890    i.vTaskMissedYield  tasks.o
    0x08002cc8   0x00000054   Code   RO         2892    i.vTaskPlaceOnEventList  tasks.o
    0x08002d1c   0x0000005c   Code   RO         2893    i.vTaskPlaceOnEventListRestricted  tasks.o
    0x08002d78   0x00000070   Code   RO         2894    i.vTaskPlaceOnUnorderedEventList  tasks.o
    0x08002de8   0x00000084   Code   RO         2895    i.vTaskPriorityInherit  tasks.o
    0x08002e6c   0x000000a0   Code   RO         2897    i.vTaskResume       tasks.o
    0x08002f0c   0x00000048   Code   RO         2899    i.vTaskSetTimeOutState  tasks.o
    0x08002f54   0x00000098   Code   RO         2900    i.vTaskStartScheduler  tasks.o
    0x08002fec   0x000000d0   Code   RO         2901    i.vTaskSuspend      tasks.o
    0x080030bc   0x00000010   Code   RO         2902    i.vTaskSuspendAll   tasks.o
    0x080030cc   0x0000009c   Code   RO         2903    i.vTaskSwitchContext  tasks.o
    0x08003168   0x0000001a   Code   RO         2506    i.xEventGroupCreate  event_groups.o
    0x08003182   0x00000002   PAD
    0x08003184   0x000000b0   Code   RO         2508    i.xEventGroupSetBits  event_groups.o
    0x08003234   0x00000120   Code   RO         2511    i.xEventGroupWaitBits  event_groups.o
    0x08003354   0x00000078   Code   RO         3398    i.xPortStartScheduler  port.o
    0x080033cc   0x0000002c   Code   RO         3399    i.xPortSysTickHandler  port.o
    0x080033f8   0x00000078   Code   RO         2666    i.xQueueGenericCreate  queue.o
    0x08003470   0x0000018c   Code   RO         2667    i.xQueueGenericReceive  queue.o
    0x080035fc   0x000000a8   Code   RO         2668    i.xQueueGenericReset  queue.o
    0x080036a4   0x0000018c   Code   RO         2669    i.xQueueGenericSend  queue.o
    0x08003830   0x000000e0   Code   RO         2670    i.xQueueGenericSendFromISR  queue.o
    0x08003910   0x0000008c   Code   RO         2904    i.xTaskCheckForTimeOut  tasks.o
    0x0800399c   0x00000056   Code   RO         2905    i.xTaskCreate       tasks.o
    0x080039f2   0x00000002   PAD
    0x080039f4   0x0000001c   Code   RO         2909    i.xTaskGetSchedulerState  tasks.o
    0x08003a10   0x00000018   Code   RO         2910    i.xTaskGetTickCount  tasks.o
    0x08003a28   0x000000ec   Code   RO         2912    i.xTaskIncrementTick  tasks.o
    0x08003b14   0x000000b4   Code   RO         2915    i.xTaskPriorityDisinherit  tasks.o
    0x08003bc8   0x00000098   Code   RO         2916    i.xTaskRemoveFromEventList  tasks.o
    0x08003c60   0x00000098   Code   RO         2917    i.xTaskRemoveFromUnorderedEventList  tasks.o
    0x08003cf8   0x000000e4   Code   RO         2918    i.xTaskResumeAll    tasks.o
    0x08003ddc   0x00000074   Code   RO         3231    i.xTimerCreate      timers.o
    0x08003e50   0x00000074   Code   RO         3232    i.xTimerCreateTimerTask  timers.o
    0x08003ec4   0x00000090   Code   RO         3233    i.xTimerGenericCommand  timers.o
    0x08003f54   0x00000018   Data   RO         2424    .constdata          malloc.o
    0x08003f6c   0x00000011   Data   RO         3526    .constdata          c_w.l(__printf_flags_ss_wp.o)
    0x08003f7d   0x00000003   PAD
    0x08003f80   0x00000020   Data   RO         3927    Region$$Table       anon$$obj.o


    Execution Region ER_RW (Base: 0x20000000, Size: 0x0000010c, Max: 0xffffffff, ABSOLUTE)

    Base Addr    Size         Type   Attr      Idx    E Section Name        Object

    0x20000000   0x00000014   Data   RW          269    .data               system_stm32f10x.o
    0x20000014   0x00000020   Data   RW          305    .data               freertos_demo.o
    0x20000034   0x00000004   PAD
    0x20000038   0x00000008   Data   RW          385    .data               timer.o
    0x20000040   0x00000001   Data   RW          614    .data               key.o
    0x20000041   0x00000001   PAD
    0x20000042   0x00000004   Data   RW          988    .data               delay.o
    0x20000046   0x00000017   Data   RW         1063    .data               usart.o
    0x2000005d   0x00000003   PAD
    0x20000060   0x00000004   Data   RW         1064    .data               usart.o
    0x20000064   0x00000014   Data   RW         1356    .data               stm32f10x_rcc.o
    0x20000078   0x0000001c   Data   RW         2425    .data               malloc.o
    0x20000094   0x00000040   Data   RW         2921    .data               tasks.o
    0x200000d4   0x00000014   Data   RW         3241    .data               timers.o
    0x200000e8   0x00000018   Data   RW         3349    .data               heap_4.o
    0x20000100   0x0000000c   Data   RW         3400    .data               port.o


    Execution Region ER_ZI (Base: 0x2000010c, Size: 0x0000b3a4, Max: 0xffffffff, ABSOLUTE)

    Base Addr    Size         Type   Attr      Idx    E Section Name        Object

    0x2000010c   0x00000400   Zero   RW          770    .bss                oled.o
    0x2000050c   0x000000d6   Zero   RW         1060    .bss                usart.o
    0x200005e2   0x0000001e   PAD
    0x20000600   0x00005000   Zero   RW         2422    .bss                malloc.o
    0x20005600   0x00000500   Zero   RW         2423    .bss                malloc.o
    0x20005b00   0x00000040   Zero   RW         2681    .bss                queue.o
    0x20005b40   0x000002e4   Zero   RW         2920    .bss                tasks.o
    0x20005e24   0x00000028   Zero   RW         3240    .bss                timers.o
    0x20005e4c   0x00005000   Zero   RW         3348    .bss                heap_4.o
    0x2000ae4c   0x00000060   Zero   RW         3752    .bss                c_w.l(libspace.o)
    0x2000aeac   0x00000004   PAD
    0x2000aeb0   0x00000200   Zero   RW         1144    HEAP                startup_stm32f10x_hd.o
    0x2000b0b0   0x00000400   Zero   RW         1143    STACK               startup_stm32f10x_hd.o



  Load Region LR$$.ARM.__AT_0x68000000 (Base: 0x68000000, Size: 0x00000000, Max: 0x00000020, ABSOLUTE)

    Execution Region ER$$.ARM.__AT_0x68000000 (Base: 0x68000000, Size: 0x00000020, Max: 0x00000020, ABSOLUTE, UNINIT)

    Base Addr    Size         Type   Attr      Idx    E Section Name        Object

    0x68000000   0x00000020   Zero   RW         2420    .ARM.__AT_0x68000000  malloc.o



  Load Region LR$$.ARM.__AT_0x68000020 (Base: 0x68000020, Size: 0x00000000, Max: 0x00000004, ABSOLUTE)

    Execution Region ER$$.ARM.__AT_0x68000020 (Base: 0x68000020, Size: 0x00000004, Max: 0x00000004, ABSOLUTE, UNINIT)

    Base Addr    Size         Type   Attr      Idx    E Section Name        Object

    0x68000020   0x00000002   Zero   RW         2421    .ARM.__AT_0x68000020  malloc.o


==============================================================================

Image component sizes


      Code (inc. data)   RO Data    RW Data    ZI Data      Debug   Object Name

        56          6          0          0          0        492   beep.o
       204         22          0          4          0       2221   delay.o
       116          6          0          0          0        588   distance.o
       510         96          0          0          0      13511   event_groups.o
       658        252          0         32          0       6688   freertos_demo.o
       584        138          0         24      20480       3595   heap_4.o
       228         22          0          1          0       1158   key.o
        80         10          0          0          0        495   led.o
       140          0          0          0          0       2770   list.o
       104          6          0          0          0     265639   main.o
       128         18         24         28      21794       3123   malloc.o
       144         16          0          0          0       1917   misc.o
       232         14          0          0          0        733   motor.o
       588         24          0          0       1024       6901   oled.o
       842        312          0         12          0       9841   port.o
      1844        236          0          0         64      10913   queue.o
        64         26        304          0       1536        780   startup_stm32f10x_hd.o
       188          0          0          0          0       3780   stm32f10x_gpio.o
        12          0          0          0          0       2409   stm32f10x_it.o
       196         28          0         20          0       4302   stm32f10x_rcc.o
       808         90          0          0          0       9745   stm32f10x_tim.o
       322          6          0          0          0       5076   stm32f10x_usart.o
         0          0          0          0          0         32   sys.o
       248         24          0         20          0       1681   system_stm32f10x.o
      3558        900          0         64        740      30717   tasks.o
       164         16          0          8          0       1796   timer.o
      1164        258          0         20         40       8430   timers.o
      1066         68          0         27        214       8382   usart.o

    ----------------------------------------------------------------------
     14278       2594        360        268      45924     407715   Object Totals
         0          0         32          0          0          0   (incl. Generated)
        30          0          0          8         32          0   (incl. Padding)

    ----------------------------------------------------------------------

      Code (inc. data)   RO Data    RW Data    ZI Data      Debug   Library Member Name

        24          4          0          0          0         84   __2printf.o
         8          0          0          0          0         68   __main.o
       392          4         17          0          0         92   __printf_flags_ss_wp.o
        14          0          0          0          0         68   __printf_wp.o
         0          0          0          0          0          0   __rtentry.o
        12          0          0          0          0          0   __rtentry2.o
         6          0          0          0          0          0   __rtentry4.o
        52          8          0          0          0          0   __scatter.o
        26          0          0          0          0          0   __scatter_copy.o
        28          0          0          0          0          0   __scatter_zi.o
        44          0          0          0          0        108   _printf_char.o
        48          6          0          0          0         96   _printf_char_common.o
        36          4          0          0          0         80   _printf_char_file.o
         6          0          0          0          0          0   _printf_d.o
       120         16          0          0          0         92   _printf_dec.o
       178          0          0          0          0         88   _printf_intcommon.o
         0          0          0          0          0          0   _printf_percent.o
         4          0          0          0          0          0   _printf_percent_end.o
         6          0          0          0          0          0   _printf_s.o
        82          0          0          0          0         80   _printf_str.o
        16          0          0          0          0         68   aeabi_memset.o
        12          0          0          0          0         72   exit.o
         8          0          0          0          0         68   ferror.o
         6          0          0          0          0        152   heapauxi.o
         2          0          0          0          0          0   libinit.o
         2          0          0          0          0          0   libinit2.o
         2          0          0          0          0          0   libshutdown.o
         2          0          0          0          0          0   libshutdown2.o
         8          4          0          0         96         68   libspace.o
        68          0          0          0          0         68   rt_memclr.o
        78          0          0          0          0         80   rt_memclr_w.o
       138          0          0          0          0         68   rt_memcpy_v6.o
       100          0          0          0          0         80   rt_memcpy_w.o
         2          0          0          0          0          0   rtexit.o
        10          0          0          0          0          0   rtexit2.o
        74          0          0          0          0         80   sys_stackheap_outer.o
         2          0          0          0          0         68   use_no_semi.o
         2          0          0          0          0         68   use_no_semi_2.o

    ----------------------------------------------------------------------
      1630         46         20          0        100       1796   Library Totals
        12          0          3          0          4          0   (incl. Padding)

    ----------------------------------------------------------------------

      Code (inc. data)   RO Data    RW Data    ZI Data      Debug   Library Name

      1618         46         17          0         96       1796   c_w.l

    ----------------------------------------------------------------------
      1630         46         20          0        100       1796   Library Totals

    ----------------------------------------------------------------------

==============================================================================


      Code (inc. data)   RO Data    RW Data    ZI Data      Debug   

     15908       2640        380        268      46024     400355   Grand Totals
     15908       2640        380        268      46024     400355   ELF Image Totals
     15908       2640        380        268          0          0   ROM Totals

==============================================================================

    Total RO  Size (Code + RO Data)                16288 (  15.91kB)
    Total RW  Size (RW Data + ZI Data)             46292 (  45.21kB)
    Total ROM Size (Code + RO Data + RW Data)      16556 (  16.17kB)

==============================================================================

